Archive member included to satisfy reference by file (symbol)

/usr/lib/gcc/arm-none-eabi/10.3.1/thumb/v6-m/nofp/libgcc.a(_dvmd_tls.o)
                              CMakeFiles/flashlight.dir/home/ncm656112/ESE519_Lab/lab2A/pico-sdk/src/rp2_common/pico_divider/divider.S.obj (__aeabi_idiv0)
/usr/lib/gcc/arm-none-eabi/10.3.1/../../../arm-none-eabi/lib/thumb/v6-m/nofp/libc.a(lib_a-atexit.o)
                              /usr/lib/gcc/arm-none-eabi/10.3.1/../../../arm-none-eabi/lib/thumb/v6-m/nofp/crt0.o (atexit)
/usr/lib/gcc/arm-none-eabi/10.3.1/../../../arm-none-eabi/lib/thumb/v6-m/nofp/libc.a(lib_a-calloc.o)
                              CMakeFiles/flashlight.dir/home/ncm656112/ESE519_Lab/lab2A/pico-sdk/src/rp2_common/pico_malloc/pico_malloc.c.obj (calloc)
/usr/lib/gcc/arm-none-eabi/10.3.1/../../../arm-none-eabi/lib/thumb/v6-m/nofp/libc.a(lib_a-callocr.o)
                              /usr/lib/gcc/arm-none-eabi/10.3.1/../../../arm-none-eabi/lib/thumb/v6-m/nofp/libc.a(lib_a-calloc.o) (_calloc_r)
/usr/lib/gcc/arm-none-eabi/10.3.1/../../../arm-none-eabi/lib/thumb/v6-m/nofp/libc.a(lib_a-fini.o)
                              /usr/lib/gcc/arm-none-eabi/10.3.1/../../../arm-none-eabi/lib/thumb/v6-m/nofp/crt0.o (__libc_fini_array)
/usr/lib/gcc/arm-none-eabi/10.3.1/../../../arm-none-eabi/lib/thumb/v6-m/nofp/libc.a(lib_a-impure.o)
                              /usr/lib/gcc/arm-none-eabi/10.3.1/../../../arm-none-eabi/lib/thumb/v6-m/nofp/libc.a(lib_a-calloc.o) (_impure_ptr)
/usr/lib/gcc/arm-none-eabi/10.3.1/../../../arm-none-eabi/lib/thumb/v6-m/nofp/libc.a(lib_a-init.o)
                              /usr/lib/gcc/arm-none-eabi/10.3.1/../../../arm-none-eabi/lib/thumb/v6-m/nofp/crt0.o (__libc_init_array)
/usr/lib/gcc/arm-none-eabi/10.3.1/../../../arm-none-eabi/lib/thumb/v6-m/nofp/libc.a(lib_a-malloc.o)
                              CMakeFiles/flashlight.dir/home/ncm656112/ESE519_Lab/lab2A/pico-sdk/src/rp2_common/pico_malloc/pico_malloc.c.obj (malloc)
/usr/lib/gcc/arm-none-eabi/10.3.1/../../../arm-none-eabi/lib/thumb/v6-m/nofp/libc.a(lib_a-mallocr.o)
                              /usr/lib/gcc/arm-none-eabi/10.3.1/../../../arm-none-eabi/lib/thumb/v6-m/nofp/libc.a(lib_a-callocr.o) (_malloc_r)
/usr/lib/gcc/arm-none-eabi/10.3.1/../../../arm-none-eabi/lib/thumb/v6-m/nofp/libc.a(lib_a-mlock.o)
                              /usr/lib/gcc/arm-none-eabi/10.3.1/../../../arm-none-eabi/lib/thumb/v6-m/nofp/libc.a(lib_a-mallocr.o) (__malloc_lock)
/usr/lib/gcc/arm-none-eabi/10.3.1/../../../arm-none-eabi/lib/thumb/v6-m/nofp/libc.a(lib_a-realloc.o)
                              CMakeFiles/flashlight.dir/home/ncm656112/ESE519_Lab/lab2A/pico-sdk/src/rp2_common/pico_malloc/pico_malloc.c.obj (realloc)
/usr/lib/gcc/arm-none-eabi/10.3.1/../../../arm-none-eabi/lib/thumb/v6-m/nofp/libc.a(lib_a-reallocr.o)
                              /usr/lib/gcc/arm-none-eabi/10.3.1/../../../arm-none-eabi/lib/thumb/v6-m/nofp/libc.a(lib_a-realloc.o) (_realloc_r)
/usr/lib/gcc/arm-none-eabi/10.3.1/../../../arm-none-eabi/lib/thumb/v6-m/nofp/libc.a(lib_a-sbrkr.o)
                              /usr/lib/gcc/arm-none-eabi/10.3.1/../../../arm-none-eabi/lib/thumb/v6-m/nofp/libc.a(lib_a-mallocr.o) (_sbrk_r)
/usr/lib/gcc/arm-none-eabi/10.3.1/../../../arm-none-eabi/lib/thumb/v6-m/nofp/libc.a(lib_a-strlen-stub.o)
                              CMakeFiles/flashlight.dir/home/ncm656112/ESE519_Lab/lab2A/pico-sdk/src/rp2_common/pico_stdio/stdio.c.obj (strlen)
/usr/lib/gcc/arm-none-eabi/10.3.1/../../../arm-none-eabi/lib/thumb/v6-m/nofp/libc.a(lib_a-__atexit.o)
                              /usr/lib/gcc/arm-none-eabi/10.3.1/../../../arm-none-eabi/lib/thumb/v6-m/nofp/libc.a(lib_a-atexit.o) (__register_exitproc)
/usr/lib/gcc/arm-none-eabi/10.3.1/../../../arm-none-eabi/lib/thumb/v6-m/nofp/libc.a(lib_a-freer.o)
                              /usr/lib/gcc/arm-none-eabi/10.3.1/../../../arm-none-eabi/lib/thumb/v6-m/nofp/libc.a(lib_a-malloc.o) (_free_r)
/usr/lib/gcc/arm-none-eabi/10.3.1/../../../arm-none-eabi/lib/thumb/v6-m/nofp/libc.a(lib_a-memmove.o)
                              /usr/lib/gcc/arm-none-eabi/10.3.1/../../../arm-none-eabi/lib/thumb/v6-m/nofp/libc.a(lib_a-reallocr.o) (memmove)
/usr/lib/gcc/arm-none-eabi/10.3.1/../../../arm-none-eabi/lib/thumb/v6-m/nofp/libc.a(lib_a-reent.o)
                              /usr/lib/gcc/arm-none-eabi/10.3.1/../../../arm-none-eabi/lib/thumb/v6-m/nofp/libc.a(lib_a-sbrkr.o) (errno)

Discarded input sections

 .text          0x0000000000000000        0x0 /usr/lib/gcc/arm-none-eabi/10.3.1/thumb/v6-m/nofp/crti.o
 .data          0x0000000000000000        0x0 /usr/lib/gcc/arm-none-eabi/10.3.1/thumb/v6-m/nofp/crti.o
 .bss           0x0000000000000000        0x0 /usr/lib/gcc/arm-none-eabi/10.3.1/thumb/v6-m/nofp/crti.o
 .data          0x0000000000000000        0x4 /usr/lib/gcc/arm-none-eabi/10.3.1/thumb/v6-m/nofp/crtbegin.o
 .rodata        0x0000000000000000       0x24 /usr/lib/gcc/arm-none-eabi/10.3.1/thumb/v6-m/nofp/crtbegin.o
[...]
Memory Configuration

Name             Origin             Length             Attributes
FLASH            0x0000000010000000 0x0000000000200000 xr
RAM              0x0000000020000000 0x0000000000040000 xrw
SCRATCH_X        0x0000000020040000 0x0000000000001000 xrw
SCRATCH_Y        0x0000000020041000 0x0000000000001000 xrw
*default*        0x0000000000000000 0xffffffffffffffff

Linker script and memory map

LOAD /usr/lib/gcc/arm-none-eabi/10.3.1/thumb/v6-m/nofp/crti.o
LOAD /usr/lib/gcc/arm-none-eabi/10.3.1/thumb/v6-m/nofp/crtbegin.o
LOAD /usr/lib/gcc/arm-none-eabi/10.3.1/../../../arm-none-eabi/lib/thumb/v6-m/nofp/crt0.o

.flash_begin    0x0000000010000000        0x0
                0x0000000010000000                __flash_binary_start = .

.boot2          0x0000000010000000      0x100
                0x0000000010000000                __boot2_start__ = .
 *(.boot2)
 .boot2         0x0000000010000000      0x100 /tmp/cc6vnzPZ.o
                0x0000000010000100                __boot2_end__ = .
                0x0000000000000001                ASSERT (((__boot2_end__ - __boot2_start__) == 0x100), ERROR: Pico second stage bootloader must be 256 bytes in size)

.text           0x0000000010000100     0x7580
                0x0000000010000100                __logical_binary_start = .
 *(.vectors)
 .vectors       0x0000000010000100       0xd4 CMakeFiles/flashlight.dir/home/ncm656112/ESE519_Lab/lab2A/pico-sdk/src/rp2_common/pico_standard_link/crt0.S.obj
                0x0000000010000100                __vectors
                0x0000000010000100                __VECTOR_TABLE
                0x00000000100001c0                isr_invalid
                0x00000000100001c0                __default_isrs_start
                0x00000000100001c2                isr_nmi
                0x00000000100001c4                isr_hardfault
                0x00000000100001c6                isr_svcall
                0x00000000100001c8                isr_pendsv
                0x00000000100001ca                isr_systick
                0x00000000100001cc                isr_irq30
                0x00000000100001cc                __unhandled_user_irq
                0x00000000100001cc                isr_irq13
                0x00000000100001cc                isr_irq27
                0x00000000100001cc                isr_irq31
                0x00000000100001cc                isr_irq5
                0x00000000100001cc                isr_irq11
                0x00000000100001cc                isr_irq23
                0x00000000100001cc                isr_irq18
                0x00000000100001cc                isr_irq28
                0x00000000100001cc                isr_irq19
                0x00000000100001cc                isr_irq0
                0x00000000100001cc                isr_irq6
                0x00000000100001cc                isr_irq22
                0x00000000100001cc                isr_irq17
                0x00000000100001cc                isr_irq14
                0x00000000100001cc                isr_irq2
                0x00000000100001cc                isr_irq10
                0x00000000100001cc                isr_irq8
                0x00000000100001cc                isr_irq24
                0x00000000100001cc                isr_irq1
                0x00000000100001cc                isr_irq7
                0x00000000100001cc                isr_irq21
                0x00000000100001cc                isr_irq20
                0x00000000100001cc                isr_irq15
                0x00000000100001cc                isr_irq25
                0x00000000100001cc                isr_irq4
                0x00000000100001cc                isr_irq16
                0x00000000100001cc                isr_irq29
                0x00000000100001cc                isr_irq26
                0x00000000100001cc                __default_isrs_end
                0x00000000100001cc                isr_irq3
                0x00000000100001cc                isr_irq12
                0x00000000100001cc                isr_irq9
                0x00000000100001d2                unhandled_user_irq_num_in_r0
 *(.binary_info_header)
 .binary_info_header
                0x00000000100001d4       0x14 CMakeFiles/flashlight.dir/home/ncm656112/ESE519_Lab/lab2A/pico-sdk/src/rp2_common/pico_standard_link/crt0.S.obj
                0x00000000100001e8                __binary_info_header_end = .
 *(.reset)
 .reset         0x00000000100001e8       0xa8 CMakeFiles/flashlight.dir/home/ncm656112/ESE519_Lab/lab2A/pico-sdk/src/rp2_common/pico_standard_link/crt0.S.obj
                0x00000000100001e8                _entry_point
                0x0000000010000266                __get_current_exception
 .reset         0x0000000010000290       0x30 CMakeFiles/flashlight.dir/home/ncm656112/ESE519_Lab/lab2A/pico-sdk/src/rp2_common/pico_standard_link/binary_info.c.obj
 *(.init)
 .init          0x00000000100002c0        0x4 /usr/lib/gcc/arm-none-eabi/10.3.1/thumb/v6-m/nofp/crti.o
                0x00000000100002c0                _init
 *(EXCLUDE_FILE(*libm.a: *libc.a:*lib_a-mem*.o *libgcc.a:) .text*)
 .text          0x00000000100002c4       0x98 /usr/lib/gcc/arm-none-eabi/10.3.1/thumb/v6-m/nofp/crtbegin.o
 .text.startup.main
                0x000000001000035c       0xf8 CMakeFiles/flashlight.dir/flashlight.c.obj
                0x000000001000035c                main
 .text.neopixel_init
                0x0000000010000454       0xc8 CMakeFiles/flashlight.dir/neopixel.c.obj
                0x0000000010000454                neopixel_init
 .text.neopixel_set_rgb
                0x000000001000051c       0x30 CMakeFiles/flashlight.dir/neopixel.c.obj
                0x000000001000051c                neopixel_set_rgb
 .text.gpio_set_function
                0x000000001000054c       0x30 CMakeFiles/flashlight.dir/home/ncm656112/ESE519_Lab/lab2A/pico-sdk/src/rp2_common/hardware_gpio/gpio.c.obj
                0x000000001000054c                gpio_set_function
 .text.gpio_init
                0x000000001000057c       0x3c CMakeFiles/flashlight.dir/home/ncm656112/ESE519_Lab/lab2A/pico-sdk/src/rp2_common/hardware_gpio/gpio.c.obj
                0x000000001000057c                gpio_init
 .text.hw_claim_lock
                0x00000000100005b8       0x18 CMakeFiles/flashlight.dir/home/ncm656112/ESE519_Lab/lab2A/pico-sdk/src/rp2_common/hardware_claim/claim.c.obj
                0x00000000100005b8                hw_claim_lock
 .text.hw_claim_unlock
                0x00000000100005d0       0x14 CMakeFiles/flashlight.dir/home/ncm656112/ESE519_Lab/lab2A/pico-sdk/src/rp2_common/hardware_claim/claim.c.obj
                0x00000000100005d0                hw_claim_unlock
 .text.hw_claim_or_assert
                0x00000000100005e4       0x44 CMakeFiles/flashlight.dir/home/ncm656112/ESE519_Lab/lab2A/pico-sdk/src/rp2_common/hardware_claim/claim.c.obj
                0x00000000100005e4                hw_claim_or_assert
 .text.hw_claim_unused_from_range
                0x0000000010000628       0x9c CMakeFiles/flashlight.dir/home/ncm656112/ESE519_Lab/lab2A/pico-sdk/src/rp2_common/hardware_claim/claim.c.obj
                0x0000000010000628                hw_claim_unused_from_range
 .text.running_on_fpga
                0x00000000100006c4       0x10 CMakeFiles/flashlight.dir/home/ncm656112/ESE519_Lab/lab2A/pico-sdk/src/rp2_common/pico_platform/platform.c.obj
                0x00000000100006c4                running_on_fpga
 .text.spin_locks_reset
                0x00000000100006d4       0x1c CMakeFiles/flashlight.dir/home/ncm656112/ESE519_Lab/lab2A/pico-sdk/src/rp2_common/hardware_sync/sync.c.obj
                0x00000000100006d4                spin_locks_reset
 .text.next_striped_spin_lock_num
                0x00000000100006f0       0x18 CMakeFiles/flashlight.dir/home/ncm656112/ESE519_Lab/lab2A/pico-sdk/src/rp2_common/hardware_sync/sync.c.obj
                0x00000000100006f0                next_striped_spin_lock_num
 .text.spin_lock_claim_unused
                0x0000000010000708       0x20 CMakeFiles/flashlight.dir/home/ncm656112/ESE519_Lab/lab2A/pico-sdk/src/rp2_common/hardware_sync/sync.c.obj
                0x0000000010000708                spin_lock_claim_unused
 .text.irq_set_enabled
                0x0000000010000728       0x24 CMakeFiles/flashlight.dir/home/ncm656112/ESE519_Lab/lab2A/pico-sdk/src/rp2_common/hardware_irq/irq.c.obj
                0x0000000010000728                irq_set_enabled
 .text.irq_set_pending
                0x000000001000074c       0x10 CMakeFiles/flashlight.dir/home/ncm656112/ESE519_Lab/lab2A/pico-sdk/src/rp2_common/hardware_irq/irq.c.obj
                0x000000001000074c                irq_set_pending
 .text.irq_has_shared_handler
                0x000000001000075c       0x2c CMakeFiles/flashlight.dir/home/ncm656112/ESE519_Lab/lab2A/pico-sdk/src/rp2_common/hardware_irq/irq.c.obj
                0x000000001000075c                irq_has_shared_handler
 .text.irq_get_vtable_handler
                0x0000000010000788       0x10 CMakeFiles/flashlight.dir/home/ncm656112/ESE519_Lab/lab2A/pico-sdk/src/rp2_common/hardware_irq/irq.c.obj
                0x0000000010000788                irq_get_vtable_handler
 .text.irq_set_exclusive_handler
                0x0000000010000798       0x54 CMakeFiles/flashlight.dir/home/ncm656112/ESE519_Lab/lab2A/pico-sdk/src/rp2_common/hardware_irq/irq.c.obj
                0x0000000010000798                irq_set_exclusive_handler
 .text.irq_add_shared_handler
                0x00000000100007ec      0x1e4 CMakeFiles/flashlight.dir/home/ncm656112/ESE519_Lab/lab2A/pico-sdk/src/rp2_common/hardware_irq/irq.c.obj
                0x00000000100007ec                irq_add_shared_handler
 .text.irq_remove_handler
                0x00000000100009d0      0x1b4 CMakeFiles/flashlight.dir/home/ncm656112/ESE519_Lab/lab2A/pico-sdk/src/rp2_common/hardware_irq/irq.c.obj
                0x00000000100009d0                irq_remove_handler
 .text.irq_add_tail_to_free_list
                0x0000000010000b84       0xb4 CMakeFiles/flashlight.dir/home/ncm656112/ESE519_Lab/lab2A/pico-sdk/src/rp2_common/hardware_irq/irq.c.obj
                0x0000000010000b84                irq_add_tail_to_free_list
 .text.irq_init_priorities
                0x0000000010000c38       0x24 CMakeFiles/flashlight.dir/home/ncm656112/ESE519_Lab/lab2A/pico-sdk/src/rp2_common/hardware_irq/irq.c.obj
                0x0000000010000c38                irq_init_priorities
 .text.user_irq_claim_unused
                0x0000000010000c5c       0x30 CMakeFiles/flashlight.dir/home/ncm656112/ESE519_Lab/lab2A/pico-sdk/src/rp2_common/hardware_irq/irq.c.obj
                0x0000000010000c5c                user_irq_claim_unused
 .text.lock_init
                0x0000000010000c8c       0x10 CMakeFiles/flashlight.dir/home/ncm656112/ESE519_Lab/lab2A/pico-sdk/src/common/pico_sync/lock_core.c.obj
                0x0000000010000c8c                lock_init
 .text.timer_pool_entry_comparator
                0x0000000010000c9c       0x34 CMakeFiles/flashlight.dir/home/ncm656112/ESE519_Lab/lab2A/pico-sdk/src/common/pico_time/time.c.obj
                0x0000000010000c9c                timer_pool_entry_comparator
 .text.sleep_until_callback
                0x0000000010000cd0       0x30 CMakeFiles/flashlight.dir/home/ncm656112/ESE519_Lab/lab2A/pico-sdk/src/common/pico_time/time.c.obj
 .text.add_alarm_under_lock.isra.0
                0x0000000010000d00      0x100 CMakeFiles/flashlight.dir/home/ncm656112/ESE519_Lab/lab2A/pico-sdk/src/common/pico_time/time.c.obj
 .text.alarm_pool_alarm_callback
                0x0000000010000e00      0x1c8 CMakeFiles/flashlight.dir/home/ncm656112/ESE519_Lab/lab2A/pico-sdk/src/common/pico_time/time.c.obj
 .text.alarm_pool_add_alarm_at.constprop.0
                0x0000000010000fc8      0x11c CMakeFiles/flashlight.dir/home/ncm656112/ESE519_Lab/lab2A/pico-sdk/src/common/pico_time/time.c.obj
 .text.alarm_pool_init_default
                0x00000000100010e4       0x64 CMakeFiles/flashlight.dir/home/ncm656112/ESE519_Lab/lab2A/pico-sdk/src/common/pico_time/time.c.obj
                0x00000000100010e4                alarm_pool_init_default
 .text.alarm_pool_get_default
                0x0000000010001148        0x8 CMakeFiles/flashlight.dir/home/ncm656112/ESE519_Lab/lab2A/pico-sdk/src/common/pico_time/time.c.obj
                0x0000000010001148                alarm_pool_get_default
 .text.alarm_pool_add_alarm_at
                0x0000000010001150      0x194 CMakeFiles/flashlight.dir/home/ncm656112/ESE519_Lab/lab2A/pico-sdk/src/common/pico_time/time.c.obj
                0x0000000010001150                alarm_pool_add_alarm_at
 .text.sleep_until
                0x00000000100012e4       0xac CMakeFiles/flashlight.dir/home/ncm656112/ESE519_Lab/lab2A/pico-sdk/src/common/pico_time/time.c.obj
                0x00000000100012e4                sleep_until
 .text.sleep_ms
                0x0000000010001390       0x38 CMakeFiles/flashlight.dir/home/ncm656112/ESE519_Lab/lab2A/pico-sdk/src/common/pico_time/time.c.obj
                0x0000000010001390                sleep_ms
 .text.best_effort_wfe_or_timeout
                0x00000000100013c8       0xd4 CMakeFiles/flashlight.dir/home/ncm656112/ESE519_Lab/lab2A/pico-sdk/src/common/pico_time/time.c.obj
                0x00000000100013c8                best_effort_wfe_or_timeout
 .text.hardware_alarm_irq_handler
                0x000000001000149c       0xb8 CMakeFiles/flashlight.dir/home/ncm656112/ESE519_Lab/lab2A/pico-sdk/src/rp2_common/hardware_timer/timer.c.obj
 .text.hardware_alarm_claim
                0x0000000010001554       0x18 CMakeFiles/flashlight.dir/home/ncm656112/ESE519_Lab/lab2A/pico-sdk/src/rp2_common/hardware_timer/timer.c.obj
                0x0000000010001554                hardware_alarm_claim
 .text.time_us_64
                0x000000001000156c       0x14 CMakeFiles/flashlight.dir/home/ncm656112/ESE519_Lab/lab2A/pico-sdk/src/rp2_common/hardware_timer/timer.c.obj
                0x000000001000156c                time_us_64
 .text.busy_wait_us
                0x0000000010001580       0x54 CMakeFiles/flashlight.dir/home/ncm656112/ESE519_Lab/lab2A/pico-sdk/src/rp2_common/hardware_timer/timer.c.obj
                0x0000000010001580                busy_wait_us
 .text.busy_wait_until
                0x00000000100015d4       0x20 CMakeFiles/flashlight.dir/home/ncm656112/ESE519_Lab/lab2A/pico-sdk/src/rp2_common/hardware_timer/timer.c.obj
                0x00000000100015d4                busy_wait_until
 .text.hardware_alarm_set_callback
                0x00000000100015f4       0x8c CMakeFiles/flashlight.dir/home/ncm656112/ESE519_Lab/lab2A/pico-sdk/src/rp2_common/hardware_timer/timer.c.obj
                0x00000000100015f4                hardware_alarm_set_callback
 .text.hardware_alarm_set_target
                0x0000000010001680       0xe0 CMakeFiles/flashlight.dir/home/ncm656112/ESE519_Lab/lab2A/pico-sdk/src/rp2_common/hardware_timer/timer.c.obj
                0x0000000010001680                hardware_alarm_set_target
 .text.hardware_alarm_cancel
                0x0000000010001760       0x3c CMakeFiles/flashlight.dir/home/ncm656112/ESE519_Lab/lab2A/pico-sdk/src/rp2_common/hardware_timer/timer.c.obj
                0x0000000010001760                hardware_alarm_cancel
 .text.ph_merge_nodes
                0x000000001000179c       0x68 CMakeFiles/flashlight.dir/home/ncm656112/ESE519_Lab/lab2A/pico-sdk/src/common/pico_util/pheap.c.obj
 .text.ph_post_alloc_init
                0x0000000010001804       0x3c CMakeFiles/flashlight.dir/home/ncm656112/ESE519_Lab/lab2A/pico-sdk/src/common/pico_util/pheap.c.obj
                0x0000000010001804                ph_post_alloc_init
 .text.ph_merge_two_pass
                0x0000000010001840       0x90 CMakeFiles/flashlight.dir/home/ncm656112/ESE519_Lab/lab2A/pico-sdk/src/common/pico_util/pheap.c.obj
                0x0000000010001840                ph_merge_two_pass
 .text.ph_remove_any_head
                0x00000000100018d0       0xf8 CMakeFiles/flashlight.dir/home/ncm656112/ESE519_Lab/lab2A/pico-sdk/src/common/pico_util/pheap.c.obj
 .text.ph_remove_head
                0x00000000100019c8       0xfc CMakeFiles/flashlight.dir/home/ncm656112/ESE519_Lab/lab2A/pico-sdk/src/common/pico_util/pheap.c.obj
                0x00000000100019c8                ph_remove_head
 .text.ph_remove_and_free_node
                0x0000000010001ac4       0x7c CMakeFiles/flashlight.dir/home/ncm656112/ESE519_Lab/lab2A/pico-sdk/src/common/pico_util/pheap.c.obj
                0x0000000010001ac4                ph_remove_and_free_node
 .text.mutex_init
                0x0000000010001b40       0x1c CMakeFiles/flashlight.dir/home/ncm656112/ESE519_Lab/lab2A/pico-sdk/src/common/pico_sync/mutex.c.obj
                0x0000000010001b40                mutex_init
 .text.recursive_mutex_init
                0x0000000010001b5c       0x1c CMakeFiles/flashlight.dir/home/ncm656112/ESE519_Lab/lab2A/pico-sdk/src/common/pico_sync/mutex.c.obj
                0x0000000010001b5c                recursive_mutex_init
 .text.critical_section_init
                0x0000000010001b78       0x20 CMakeFiles/flashlight.dir/home/ncm656112/ESE519_Lab/lab2A/pico-sdk/src/common/pico_sync/critical_section.c.obj
                0x0000000010001b78                critical_section_init
 .text.runtime_init
                0x0000000010001b98       0xf0 CMakeFiles/flashlight.dir/home/ncm656112/ESE519_Lab/lab2A/pico-sdk/src/rp2_common/pico_runtime/runtime.c.obj
                0x0000000010001b98                runtime_init
 .text.exit     0x0000000010001c88        0x4 CMakeFiles/flashlight.dir/home/ncm656112/ESE519_Lab/lab2A/pico-sdk/src/rp2_common/pico_runtime/runtime.c.obj
                0x0000000010001c88                exit
 .text.panic    0x0000000010001c8c       0x30 CMakeFiles/flashlight.dir/home/ncm656112/ESE519_Lab/lab2A/pico-sdk/src/rp2_common/pico_runtime/runtime.c.obj
                0x0000000010001c8c                panic
 .text.hard_assertion_failure
                0x0000000010001cbc        0xc CMakeFiles/flashlight.dir/home/ncm656112/ESE519_Lab/lab2A/pico-sdk/src/rp2_common/pico_runtime/runtime.c.obj
                0x0000000010001cbc                hard_assertion_failure
 .text.clocks_init
                0x0000000010001cc8      0x2bc CMakeFiles/flashlight.dir/home/ncm656112/ESE519_Lab/lab2A/pico-sdk/src/rp2_common/hardware_clocks/clocks.c.obj
                0x0000000010001cc8                clocks_init
 .text.clock_get_hz
                0x0000000010001f84        0xc CMakeFiles/flashlight.dir/home/ncm656112/ESE519_Lab/lab2A/pico-sdk/src/rp2_common/hardware_clocks/clocks.c.obj
                0x0000000010001f84                clock_get_hz
 .text.pll_init
                0x0000000010001f90       0xb0 CMakeFiles/flashlight.dir/home/ncm656112/ESE519_Lab/lab2A/pico-sdk/src/rp2_common/hardware_pll/pll.c.obj
                0x0000000010001f90                pll_init
 .text.watchdog_start_tick
                0x0000000010002040       0x10 CMakeFiles/flashlight.dir/home/ncm656112/ESE519_Lab/lab2A/pico-sdk/src/rp2_common/hardware_watchdog/watchdog.c.obj
                0x0000000010002040                watchdog_start_tick
 .text.watchdog_reboot
                0x0000000010002050       0x98 CMakeFiles/flashlight.dir/home/ncm656112/ESE519_Lab/lab2A/pico-sdk/src/rp2_common/hardware_watchdog/watchdog.c.obj
                0x0000000010002050                watchdog_reboot
 .text.xosc_init
                0x00000000100020e8       0x28 CMakeFiles/flashlight.dir/home/ncm656112/ESE519_Lab/lab2A/pico-sdk/src/rp2_common/hardware_xosc/xosc.c.obj
                0x00000000100020e8                xosc_init
 .text._out_null
                0x0000000010002110        0x4 CMakeFiles/flashlight.dir/home/ncm656112/ESE519_Lab/lab2A/pico-sdk/src/rp2_common/pico_printf/printf.c.obj
 .text._out_rev
                0x0000000010002114       0x9c CMakeFiles/flashlight.dir/home/ncm656112/ESE519_Lab/lab2A/pico-sdk/src/rp2_common/pico_printf/printf.c.obj
 .text._ntoa_format
                0x00000000100021b0      0x1cc CMakeFiles/flashlight.dir/home/ncm656112/ESE519_Lab/lab2A/pico-sdk/src/rp2_common/pico_printf/printf.c.obj
 .text._out_char
                0x000000001000237c       0x10 CMakeFiles/flashlight.dir/home/ncm656112/ESE519_Lab/lab2A/pico-sdk/src/rp2_common/pico_printf/printf.c.obj
 .text._out_fct
                0x000000001000238c       0x10 CMakeFiles/flashlight.dir/home/ncm656112/ESE519_Lab/lab2A/pico-sdk/src/rp2_common/pico_printf/printf.c.obj
 .text._etoa    0x000000001000239c      0x44c CMakeFiles/flashlight.dir/home/ncm656112/ESE519_Lab/lab2A/pico-sdk/src/rp2_common/pico_printf/printf.c.obj
 .text._ftoa    0x00000000100027e8      0x398 CMakeFiles/flashlight.dir/home/ncm656112/ESE519_Lab/lab2A/pico-sdk/src/rp2_common/pico_printf/printf.c.obj
 .text._vsnprintf
                0x0000000010002b80      0xb04 CMakeFiles/flashlight.dir/home/ncm656112/ESE519_Lab/lab2A/pico-sdk/src/rp2_common/pico_printf/printf.c.obj
 .text.vfctprintf
                0x0000000010003684       0x20 CMakeFiles/flashlight.dir/home/ncm656112/ESE519_Lab/lab2A/pico-sdk/src/rp2_common/pico_printf/printf.c.obj
                0x0000000010003684                vfctprintf
 .text.weak_raw_vprintf
                0x00000000100036a4       0x30 CMakeFiles/flashlight.dir/home/ncm656112/ESE519_Lab/lab2A/pico-sdk/src/rp2_common/pico_printf/printf.c.obj
                0x00000000100036a4                weak_raw_vprintf
 .text          0x00000000100036d4       0x10 CMakeFiles/flashlight.dir/home/ncm656112/ESE519_Lab/lab2A/pico-sdk/src/rp2_common/pico_bit_ops/bit_ops_aeabi.S.obj
 .text.rom_func_lookup
                0x00000000100036e4       0x10 CMakeFiles/flashlight.dir/home/ncm656112/ESE519_Lab/lab2A/pico-sdk/src/rp2_common/pico_bootrom/bootrom.c.obj
                0x00000000100036e4                rom_func_lookup
 .text.rom_data_lookup
                0x00000000100036f4       0x10 CMakeFiles/flashlight.dir/home/ncm656112/ESE519_Lab/lab2A/pico-sdk/src/rp2_common/pico_bootrom/bootrom.c.obj
                0x00000000100036f4                rom_data_lookup
 .text.rom_funcs_lookup
                0x0000000010003704       0x44 CMakeFiles/flashlight.dir/home/ncm656112/ESE519_Lab/lab2A/pico-sdk/src/rp2_common/pico_bootrom/bootrom.c.obj
                0x0000000010003704                rom_funcs_lookup
 .text.__wrap___aeabi_idiv
                0x0000000010003748       0x50 CMakeFiles/flashlight.dir/home/ncm656112/ESE519_Lab/lab2A/pico-sdk/src/rp2_common/pico_divider/divider.S.obj
                0x0000000010003748                __wrap___aeabi_idivmod
                0x0000000010003748                divmod_s32s32
                0x0000000010003748                div_s32s32
                0x0000000010003748                __wrap___aeabi_idiv
                0x0000000010003750                divmod_s32s32_unsafe
                0x000000001000377c                divmod_s32s32_savestate
 .text.__wrap___aeabi_uidiv
                0x0000000010003798       0x4c CMakeFiles/flashlight.dir/home/ncm656112/ESE519_Lab/lab2A/pico-sdk/src/rp2_common/pico_divider/divider.S.obj
                0x0000000010003798                __wrap___aeabi_uidiv
                0x0000000010003798                __wrap___aeabi_uidivmod
                0x0000000010003798                div_u32u32
                0x0000000010003798                divmod_u32u32
                0x00000000100037a0                divmod_u32u32_unsafe
                0x00000000100037c8                divmod_u32u32_savestate
 .text.__wrap___aeabi_ldiv
                0x00000000100037e4      0x434 CMakeFiles/flashlight.dir/home/ncm656112/ESE519_Lab/lab2A/pico-sdk/src/rp2_common/pico_divider/divider.S.obj
                0x00000000100037e4                div_s64s64
                0x00000000100037e4                divmod_s64s64
                0x00000000100037e4                __wrap___aeabi_ldivmod
                0x000000001000381c                div_u64u64
                0x000000001000381c                divmod_u64u64
                0x000000001000381c                __wrap___aeabi_uldivmod
                0x000000001000382c                divmod_u64u64_savestate
                0x0000000010003854                divmod_s64s64_unsafe
                0x00000000100038dc                divmod_u64u64_unsafe
 .text.__wrap___aeabi_darithmetic
                0x0000000010003c18       0x80 CMakeFiles/flashlight.dir/home/ncm656112/ESE519_Lab/lab2A/pico-sdk/src/rp2_common/pico_double/double_aeabi.S.obj
                0x0000000010003c18                __wrap___aeabi_drsub
                0x0000000010003c1e                __wrap___aeabi_dsub
                0x0000000010003c30                __wrap___aeabi_dadd
                0x0000000010003c42                __wrap___aeabi_ddiv
                0x0000000010003c7e                __wrap___aeabi_dmul
 .text.__wrap___aeabi_cdcmple
                0x0000000010003c98       0x6c CMakeFiles/flashlight.dir/home/ncm656112/ESE519_Lab/lab2A/pico-sdk/src/rp2_common/pico_double/double_aeabi.S.obj
                0x0000000010003c98                __wrap___aeabi_cdrcmple
                0x0000000010003ca8                __wrap___aeabi_cdcmple
                0x0000000010003ca8                __wrap___aeabi_cdcmpeq
 .text.__wrap___aeabi_dcmplt
                0x0000000010003d04        0xc CMakeFiles/flashlight.dir/home/ncm656112/ESE519_Lab/lab2A/pico-sdk/src/rp2_common/pico_double/double_aeabi.S.obj
                0x0000000010003d04                __wrap___aeabi_dcmplt
 .text.__wrap___aeabi_dcmple
                0x0000000010003d10       0x10 CMakeFiles/flashlight.dir/home/ncm656112/ESE519_Lab/lab2A/pico-sdk/src/rp2_common/pico_double/double_aeabi.S.obj
                0x0000000010003d10                __wrap___aeabi_dcmple
 .text.__wrap___aeabi_dcmpge
                0x0000000010003d20       0x10 CMakeFiles/flashlight.dir/home/ncm656112/ESE519_Lab/lab2A/pico-sdk/src/rp2_common/pico_double/double_aeabi.S.obj
                0x0000000010003d20                __wrap___aeabi_dcmpge
 .text.__wrap___aeabi_dcmpgt
                0x0000000010003d30        0xa CMakeFiles/flashlight.dir/home/ncm656112/ESE519_Lab/lab2A/pico-sdk/src/rp2_common/pico_double/double_aeabi.S.obj
                0x0000000010003d30                __wrap___aeabi_dcmpgt
 .text.__wrap___aeabi_dcmpun
                0x0000000010003d3a       0x1c CMakeFiles/flashlight.dir/home/ncm656112/ESE519_Lab/lab2A/pico-sdk/src/rp2_common/pico_double/double_aeabi.S.obj
                0x0000000010003d3a                __wrap___aeabi_dcmpun
 *fill*         0x0000000010003d56        0x2 
 .text.__wrap___aeabi_i2d
                0x0000000010003d58       0x38 CMakeFiles/flashlight.dir/home/ncm656112/ESE519_Lab/lab2A/pico-sdk/src/rp2_common/pico_double/double_aeabi.S.obj
                0x0000000010003d58                __wrap___aeabi_ui2d
                0x0000000010003d60                __wrap___aeabi_i2d
 .text.__wrap___aeabi_d2iz
                0x0000000010003d90       0x48 CMakeFiles/flashlight.dir/home/ncm656112/ESE519_Lab/lab2A/pico-sdk/src/rp2_common/pico_double/double_aeabi.S.obj
                0x0000000010003d90                __wrap___aeabi_d2iz
                0x0000000010003d90                double2int_z
 .text.__wrap___aeabi_d2uiz
                0x0000000010003dd8       0x18 CMakeFiles/flashlight.dir/home/ncm656112/ESE519_Lab/lab2A/pico-sdk/src/rp2_common/pico_double/double_aeabi.S.obj
                0x0000000010003dd8                double2uint
                0x0000000010003dd8                __wrap___aeabi_d2uiz
 .text.__aeabi_double_init
                0x0000000010003df0       0x94 CMakeFiles/flashlight.dir/home/ncm656112/ESE519_Lab/lab2A/pico-sdk/src/rp2_common/pico_double/double_init_rom.c.obj
                0x0000000010003df0                __aeabi_double_init
 .text.double_table_shim_on_use_helper
                0x0000000010003e84       0x2c CMakeFiles/flashlight.dir/home/ncm656112/ESE519_Lab/lab2A/pico-sdk/src/rp2_common/pico_double/double_v1_rom_shim.S.obj
                0x0000000010003e84                double_table_shim_on_use_helper
 .text.__wrap___aeabi_dsub
                0x0000000010003eb0       0x10 CMakeFiles/flashlight.dir/home/ncm656112/ESE519_Lab/lab2A/pico-sdk/src/rp2_common/pico_double/double_v1_rom_shim.S.obj
                0x0000000010003eb0                drsub_shim
                0x0000000010003eb6                dsub_shim
 .text.dadd_shim
                0x0000000010003ec0      0x15c CMakeFiles/flashlight.dir/home/ncm656112/ESE519_Lab/lab2A/pico-sdk/src/rp2_common/pico_double/double_v1_rom_shim.S.obj
                0x0000000010003ec0                dadd_shim
 .text.dmul_shim
                0x000000001000401c      0x15c CMakeFiles/flashlight.dir/home/ncm656112/ESE519_Lab/lab2A/pico-sdk/src/rp2_common/pico_double/double_v1_rom_shim.S.obj
                0x000000001000401c                dmul_shim
 .text.ddiv_shim
                0x0000000010004178      0x1b0 CMakeFiles/flashlight.dir/home/ncm656112/ESE519_Lab/lab2A/pico-sdk/src/rp2_common/pico_double/double_v1_rom_shim.S.obj
                0x0000000010004178                ddiv_shim
 .text.double2uint_shim
                0x0000000010004328        0xe CMakeFiles/flashlight.dir/home/ncm656112/ESE519_Lab/lab2A/pico-sdk/src/rp2_common/pico_double/double_v1_rom_shim.S.obj
                0x0000000010004328                double2uint_shim
                0x000000001000432a                double2ufix_shim
 *fill*         0x0000000010004336        0x2 
 .text.double2uint64_shim
                0x0000000010004338       0x70 CMakeFiles/flashlight.dir/home/ncm656112/ESE519_Lab/lab2A/pico-sdk/src/rp2_common/pico_double/double_v1_rom_shim.S.obj
                0x0000000010004338                double2uint64_shim
                0x000000001000433a                double2ufix64_shim
                0x000000001000435a                d2fix_a
 .text.dunpacks
                0x00000000100043a8       0x3c CMakeFiles/flashlight.dir/home/ncm656112/ESE519_Lab/lab2A/pico-sdk/src/rp2_common/pico_double/double_v1_rom_shim.S.obj
                0x00000000100043a8                dunpacks
 .text.__aeabi_lmul
                0x00000000100043e4       0x32 CMakeFiles/flashlight.dir/home/ncm656112/ESE519_Lab/lab2A/pico-sdk/src/rp2_common/pico_int64_ops/pico_int64_ops_aeabi.S.obj
                0x00000000100043e4                __wrap___aeabi_lmul
 *fill*         0x0000000010004416        0x2 
 .text.__wrap___aeabi_farithmetic
                0x0000000010004418       0x48 CMakeFiles/flashlight.dir/home/ncm656112/ESE519_Lab/lab2A/pico-sdk/src/rp2_common/pico_float/float_aeabi.S.obj
                0x0000000010004418                __wrap___aeabi_frsub
                0x000000001000441e                __wrap___aeabi_fsub
                0x0000000010004424                __wrap___aeabi_fadd
                0x000000001000442a                __wrap___aeabi_fdiv
                0x0000000010004452                __wrap___aeabi_fmul
 .text.__wrap___aeabi_ui2f
                0x0000000010004460        0xa CMakeFiles/flashlight.dir/home/ncm656112/ESE519_Lab/lab2A/pico-sdk/src/rp2_common/pico_float/float_aeabi.S.obj
                0x0000000010004460                __wrap___aeabi_ui2f
 *fill*         0x000000001000446a        0x2 
 .text.__wrap___aeabi_i2f
                0x000000001000446c       0x44 CMakeFiles/flashlight.dir/home/ncm656112/ESE519_Lab/lab2A/pico-sdk/src/rp2_common/pico_float/float_aeabi.S.obj
                0x000000001000446c                __wrap___aeabi_i2f
 .text.__wrap___aeabi_f2uiz
                0x00000000100044b0        0xc CMakeFiles/flashlight.dir/home/ncm656112/ESE519_Lab/lab2A/pico-sdk/src/rp2_common/pico_float/float_aeabi.S.obj
                0x00000000100044b0                __wrap___aeabi_f2uiz
 .text.__aeabi_float_init
                0x00000000100044bc       0x64 CMakeFiles/flashlight.dir/home/ncm656112/ESE519_Lab/lab2A/pico-sdk/src/rp2_common/pico_float/float_init_rom.c.obj
                0x00000000100044bc                __aeabi_float_init
 .text.float_table_shim_on_use_helper
                0x0000000010004520       0x2c CMakeFiles/flashlight.dir/home/ncm656112/ESE519_Lab/lab2A/pico-sdk/src/rp2_common/pico_float/float_v1_rom_shim.S.obj
                0x0000000010004520                float_table_shim_on_use_helper
 .text          0x000000001000454c       0x10 CMakeFiles/flashlight.dir/home/ncm656112/ESE519_Lab/lab2A/pico-sdk/src/rp2_common/pico_mem_ops/mem_ops_aeabi.S.obj
                0x000000001000454c                __aeabi_mem_init
 .text.memset   0x000000001000455c        0xc CMakeFiles/flashlight.dir/home/ncm656112/ESE519_Lab/lab2A/pico-sdk/src/rp2_common/pico_mem_ops/mem_ops_aeabi.S.obj
                0x000000001000455c                __wrap_memset
 .text.memcpy   0x0000000010004568        0xc CMakeFiles/flashlight.dir/home/ncm656112/ESE519_Lab/lab2A/pico-sdk/src/rp2_common/pico_mem_ops/mem_ops_aeabi.S.obj
                0x0000000010004568                __wrap___aeabi_memcpy
                0x0000000010004568                __wrap_memcpy
 .text.stdio_out_chars_no_crlf
                0x0000000010004574       0x10 CMakeFiles/flashlight.dir/home/ncm656112/ESE519_Lab/lab2A/pico-sdk/src/rp2_common/pico_stdio/stdio.c.obj
 .text.stdio_out_chars_crlf
                0x0000000010004584       0xb4 CMakeFiles/flashlight.dir/home/ncm656112/ESE519_Lab/lab2A/pico-sdk/src/rp2_common/pico_stdio/stdio.c.obj
 .text.stdio_buffered_printer
                0x0000000010004638       0x64 CMakeFiles/flashlight.dir/home/ncm656112/ESE519_Lab/lab2A/pico-sdk/src/rp2_common/pico_stdio/stdio.c.obj
 .text.stdio_put_string.isra.0
                0x000000001000469c       0xfc CMakeFiles/flashlight.dir/home/ncm656112/ESE519_Lab/lab2A/pico-sdk/src/rp2_common/pico_stdio/stdio.c.obj
 .text.__wrap_putchar
                0x0000000010004798       0xa0 CMakeFiles/flashlight.dir/home/ncm656112/ESE519_Lab/lab2A/pico-sdk/src/rp2_common/pico_stdio/stdio.c.obj
                0x0000000010004798                __wrap_putchar
 .text.__wrap_puts
                0x0000000010004838       0x3c CMakeFiles/flashlight.dir/home/ncm656112/ESE519_Lab/lab2A/pico-sdk/src/rp2_common/pico_stdio/stdio.c.obj
                0x0000000010004838                __wrap_puts
 .text.stdio_set_driver_enabled
                0x0000000010004874       0x30 CMakeFiles/flashlight.dir/home/ncm656112/ESE519_Lab/lab2A/pico-sdk/src/rp2_common/pico_stdio/stdio.c.obj
                0x0000000010004874                stdio_set_driver_enabled
 .text.__wrap_vprintf
                0x00000000100048a4       0xd8 CMakeFiles/flashlight.dir/home/ncm656112/ESE519_Lab/lab2A/pico-sdk/src/rp2_common/pico_stdio/stdio.c.obj
                0x00000000100048a4                __wrap_vprintf
 .text.__wrap_printf
                0x000000001000497c       0x18 CMakeFiles/flashlight.dir/home/ncm656112/ESE519_Lab/lab2A/pico-sdk/src/rp2_common/pico_stdio/stdio.c.obj
                0x000000001000497c                __wrap_printf
 .text.stdio_init_all
                0x0000000010004994        0x8 CMakeFiles/flashlight.dir/home/ncm656112/ESE519_Lab/lab2A/pico-sdk/src/rp2_common/pico_stdio/stdio.c.obj
                0x0000000010004994                stdio_init_all
 .text.getchar_timeout_us
                0x000000001000499c       0xa4 CMakeFiles/flashlight.dir/home/ncm656112/ESE519_Lab/lab2A/pico-sdk/src/rp2_common/pico_stdio/stdio.c.obj
                0x000000001000499c                getchar_timeout_us
 .text.resetd_init
                0x0000000010004a40        0x4 CMakeFiles/flashlight.dir/home/ncm656112/ESE519_Lab/lab2A/pico-sdk/src/rp2_common/pico_stdio_usb/reset_interface.c.obj
 .text.resetd_reset
                0x0000000010004a44        0xc CMakeFiles/flashlight.dir/home/ncm656112/ESE519_Lab/lab2A/pico-sdk/src/rp2_common/pico_stdio_usb/reset_interface.c.obj
 .text.resetd_open
                0x0000000010004a50       0x28 CMakeFiles/flashlight.dir/home/ncm656112/ESE519_Lab/lab2A/pico-sdk/src/rp2_common/pico_stdio_usb/reset_interface.c.obj
 .text.resetd_xfer_cb
                0x0000000010004a78        0x4 CMakeFiles/flashlight.dir/home/ncm656112/ESE519_Lab/lab2A/pico-sdk/src/rp2_common/pico_stdio_usb/reset_interface.c.obj
 .text.resetd_control_xfer_cb
                0x0000000010004a7c       0x64 CMakeFiles/flashlight.dir/home/ncm656112/ESE519_Lab/lab2A/pico-sdk/src/rp2_common/pico_stdio_usb/reset_interface.c.obj
 .text.usbd_app_driver_get_cb
                0x0000000010004ae0        0xc CMakeFiles/flashlight.dir/home/ncm656112/ESE519_Lab/lab2A/pico-sdk/src/rp2_common/pico_stdio_usb/reset_interface.c.obj
                0x0000000010004ae0                usbd_app_driver_get_cb
 .text.tud_cdc_line_coding_cb
                0x0000000010004aec       0x34 CMakeFiles/flashlight.dir/home/ncm656112/ESE519_Lab/lab2A/pico-sdk/src/rp2_common/pico_stdio_usb/reset_interface.c.obj
                0x0000000010004aec                tud_cdc_line_coding_cb
 .text.stdio_usb_in_chars
                0x0000000010004b20       0x68 CMakeFiles/flashlight.dir/home/ncm656112/ESE519_Lab/lab2A/pico-sdk/src/rp2_common/pico_stdio_usb/stdio_usb.c.obj
                0x0000000010004b20                stdio_usb_in_chars
 .text.stdio_usb_out_chars
                0x0000000010004b88       0xe4 CMakeFiles/flashlight.dir/home/ncm656112/ESE519_Lab/lab2A/pico-sdk/src/rp2_common/pico_stdio_usb/stdio_usb.c.obj
 .text.timer_task
                0x0000000010004c6c       0x18 CMakeFiles/flashlight.dir/home/ncm656112/ESE519_Lab/lab2A/pico-sdk/src/rp2_common/pico_stdio_usb/stdio_usb.c.obj
 .text.usb_irq  0x0000000010004c84       0x10 CMakeFiles/flashlight.dir/home/ncm656112/ESE519_Lab/lab2A/pico-sdk/src/rp2_common/pico_stdio_usb/stdio_usb.c.obj
 .text.low_priority_worker_irq
                0x0000000010004c94       0x24 CMakeFiles/flashlight.dir/home/ncm656112/ESE519_Lab/lab2A/pico-sdk/src/rp2_common/pico_stdio_usb/stdio_usb.c.obj
 .text.stdio_usb_init
                0x0000000010004cb8       0xb0 CMakeFiles/flashlight.dir/home/ncm656112/ESE519_Lab/lab2A/pico-sdk/src/rp2_common/pico_stdio_usb/stdio_usb.c.obj
                0x0000000010004cb8                stdio_usb_init
 .text.tud_descriptor_device_cb
                0x0000000010004d68        0x8 CMakeFiles/flashlight.dir/home/ncm656112/ESE519_Lab/lab2A/pico-sdk/src/rp2_common/pico_stdio_usb/stdio_usb_descriptors.c.obj
                0x0000000010004d68                tud_descriptor_device_cb
 .text.tud_descriptor_configuration_cb
                0x0000000010004d70        0x8 CMakeFiles/flashlight.dir/home/ncm656112/ESE519_Lab/lab2A/pico-sdk/src/rp2_common/pico_stdio_usb/stdio_usb_descriptors.c.obj
                0x0000000010004d70                tud_descriptor_configuration_cb
 .text.tud_descriptor_string_cb
                0x0000000010004d78       0x74 CMakeFiles/flashlight.dir/home/ncm656112/ESE519_Lab/lab2A/pico-sdk/src/rp2_common/pico_stdio_usb/stdio_usb_descriptors.c.obj
                0x0000000010004d78                tud_descriptor_string_cb
 .text.dcd_rp2040_irq
                0x0000000010004dec      0x21c CMakeFiles/flashlight.dir/home/ncm656112/ESE519_Lab/lab2A/pico-sdk/lib/tinyusb/src/portable/raspberrypi/rp2040/dcd_rp2040.c.obj
 .text.dcd_int_enable
                0x0000000010005008        0xc CMakeFiles/flashlight.dir/home/ncm656112/ESE519_Lab/lab2A/pico-sdk/lib/tinyusb/src/portable/raspberrypi/rp2040/dcd_rp2040.c.obj
                0x0000000010005008                dcd_int_enable
 .text.dcd_set_address
                0x0000000010005014       0x14 CMakeFiles/flashlight.dir/home/ncm656112/ESE519_Lab/lab2A/pico-sdk/lib/tinyusb/src/portable/raspberrypi/rp2040/dcd_rp2040.c.obj
                0x0000000010005014                dcd_set_address
 .text.dcd_connect
                0x0000000010005028       0x10 CMakeFiles/flashlight.dir/home/ncm656112/ESE519_Lab/lab2A/pico-sdk/lib/tinyusb/src/portable/raspberrypi/rp2040/dcd_rp2040.c.obj
                0x0000000010005028                dcd_connect
 .text.dcd_init
                0x0000000010005038      0x144 CMakeFiles/flashlight.dir/home/ncm656112/ESE519_Lab/lab2A/pico-sdk/lib/tinyusb/src/portable/raspberrypi/rp2040/dcd_rp2040.c.obj
                0x0000000010005038                dcd_init
 .text.dcd_edpt0_status_complete
                0x000000001000517c       0x1c CMakeFiles/flashlight.dir/home/ncm656112/ESE519_Lab/lab2A/pico-sdk/lib/tinyusb/src/portable/raspberrypi/rp2040/dcd_rp2040.c.obj
                0x000000001000517c                dcd_edpt0_status_complete
 .text.dcd_edpt_open
                0x0000000010005198       0xf0 CMakeFiles/flashlight.dir/home/ncm656112/ESE519_Lab/lab2A/pico-sdk/lib/tinyusb/src/portable/raspberrypi/rp2040/dcd_rp2040.c.obj
                0x0000000010005198                dcd_edpt_open
 .text.dcd_edpt_close_all
                0x0000000010005288       0xbc CMakeFiles/flashlight.dir/home/ncm656112/ESE519_Lab/lab2A/pico-sdk/lib/tinyusb/src/portable/raspberrypi/rp2040/dcd_rp2040.c.obj
                0x0000000010005288                dcd_edpt_close_all
 .text.dcd_edpt_xfer
                0x0000000010005344       0x24 CMakeFiles/flashlight.dir/home/ncm656112/ESE519_Lab/lab2A/pico-sdk/lib/tinyusb/src/portable/raspberrypi/rp2040/dcd_rp2040.c.obj
                0x0000000010005344                dcd_edpt_xfer
 .text.dcd_edpt_stall
                0x0000000010005368       0x38 CMakeFiles/flashlight.dir/home/ncm656112/ESE519_Lab/lab2A/pico-sdk/lib/tinyusb/src/portable/raspberrypi/rp2040/dcd_rp2040.c.obj
                0x0000000010005368                dcd_edpt_stall
 .text.dcd_edpt_clear_stall
                0x00000000100053a0       0x30 CMakeFiles/flashlight.dir/home/ncm656112/ESE519_Lab/lab2A/pico-sdk/lib/tinyusb/src/portable/raspberrypi/rp2040/dcd_rp2040.c.obj
                0x00000000100053a0                dcd_edpt_clear_stall
 .text._hw_endpoint_buffer_control_update32.part.0.isra.0
                0x00000000100053d0       0x1c CMakeFiles/flashlight.dir/home/ncm656112/ESE519_Lab/lab2A/pico-sdk/lib/tinyusb/src/portable/raspberrypi/rp2040/rp2040_usb.c.obj
 .text.rp2040_usb_init
                0x00000000100053ec       0x4c CMakeFiles/flashlight.dir/home/ncm656112/ESE519_Lab/lab2A/pico-sdk/lib/tinyusb/src/portable/raspberrypi/rp2040/rp2040_usb.c.obj
                0x00000000100053ec                rp2040_usb_init
 .text.hw_endpoint_reset_transfer
                0x0000000010005438        0xc CMakeFiles/flashlight.dir/home/ncm656112/ESE519_Lab/lab2A/pico-sdk/lib/tinyusb/src/portable/raspberrypi/rp2040/rp2040_usb.c.obj
                0x0000000010005438                hw_endpoint_reset_transfer
 .text._hw_endpoint_buffer_control_update32
                0x0000000010005444       0x44 CMakeFiles/flashlight.dir/home/ncm656112/ESE519_Lab/lab2A/pico-sdk/lib/tinyusb/src/portable/raspberrypi/rp2040/rp2040_usb.c.obj
                0x0000000010005444                _hw_endpoint_buffer_control_update32
 .text.hw_endpoint_xfer_start
                0x0000000010005488      0x138 CMakeFiles/flashlight.dir/home/ncm656112/ESE519_Lab/lab2A/pico-sdk/lib/tinyusb/src/portable/raspberrypi/rp2040/rp2040_usb.c.obj
                0x0000000010005488                hw_endpoint_xfer_start
 .text.hw_endpoint_xfer_continue
                0x00000000100055c0      0x1e4 CMakeFiles/flashlight.dir/home/ncm656112/ESE519_Lab/lab2A/pico-sdk/lib/tinyusb/src/portable/raspberrypi/rp2040/rp2040_usb.c.obj
                0x00000000100055c0                hw_endpoint_xfer_continue
 .text.tud_mounted
                0x00000000100057a4       0x10 CMakeFiles/flashlight.dir/home/ncm656112/ESE519_Lab/lab2A/pico-sdk/lib/tinyusb/src/device/usbd.c.obj
                0x00000000100057a4                tud_mounted
 .text.tud_suspended
                0x00000000100057b4       0x10 CMakeFiles/flashlight.dir/home/ncm656112/ESE519_Lab/lab2A/pico-sdk/lib/tinyusb/src/device/usbd.c.obj
                0x00000000100057b4                tud_suspended
 .text.tud_inited
                0x00000000100057c4        0xc CMakeFiles/flashlight.dir/home/ncm656112/ESE519_Lab/lab2A/pico-sdk/lib/tinyusb/src/device/usbd.c.obj
                0x00000000100057c4                tud_inited
 .text.tud_init
                0x00000000100057d0       0xd8 CMakeFiles/flashlight.dir/home/ncm656112/ESE519_Lab/lab2A/pico-sdk/lib/tinyusb/src/device/usbd.c.obj
                0x00000000100057d0                tud_init
 .text.tud_task
                0x00000000100058a8      0x8ec CMakeFiles/flashlight.dir/home/ncm656112/ESE519_Lab/lab2A/pico-sdk/lib/tinyusb/src/device/usbd.c.obj
                0x00000000100058a8                tud_task
 .text.dcd_event_bus_signal
                0x0000000010006194      0x120 CMakeFiles/flashlight.dir/home/ncm656112/ESE519_Lab/lab2A/pico-sdk/lib/tinyusb/src/device/usbd.c.obj
                0x0000000010006194                dcd_event_bus_signal
 .text.dcd_event_bus_reset
                0x00000000100062b4       0x54 CMakeFiles/flashlight.dir/home/ncm656112/ESE519_Lab/lab2A/pico-sdk/lib/tinyusb/src/device/usbd.c.obj
                0x00000000100062b4                dcd_event_bus_reset
 .text.dcd_event_setup_received
                0x0000000010006308       0x50 CMakeFiles/flashlight.dir/home/ncm656112/ESE519_Lab/lab2A/pico-sdk/lib/tinyusb/src/device/usbd.c.obj
                0x0000000010006308                dcd_event_setup_received
 .text.dcd_event_xfer_complete
                0x0000000010006358       0x68 CMakeFiles/flashlight.dir/home/ncm656112/ESE519_Lab/lab2A/pico-sdk/lib/tinyusb/src/device/usbd.c.obj
                0x0000000010006358                dcd_event_xfer_complete
 .text.usbd_open_edpt_pair
                0x00000000100063c0       0x80 CMakeFiles/flashlight.dir/home/ncm656112/ESE519_Lab/lab2A/pico-sdk/lib/tinyusb/src/device/usbd.c.obj
                0x00000000100063c0                usbd_open_edpt_pair
 .text.usbd_edpt_open
                0x0000000010006440       0x30 CMakeFiles/flashlight.dir/home/ncm656112/ESE519_Lab/lab2A/pico-sdk/lib/tinyusb/src/device/usbd.c.obj
                0x0000000010006440                usbd_edpt_open
 .text.usbd_edpt_claim
                0x0000000010006470       0x64 CMakeFiles/flashlight.dir/home/ncm656112/ESE519_Lab/lab2A/pico-sdk/lib/tinyusb/src/device/usbd.c.obj
                0x0000000010006470                usbd_edpt_claim
 .text.usbd_edpt_release
                0x00000000100064d4       0x4c CMakeFiles/flashlight.dir/home/ncm656112/ESE519_Lab/lab2A/pico-sdk/lib/tinyusb/src/device/usbd.c.obj
                0x00000000100064d4                usbd_edpt_release
 .text.usbd_edpt_xfer
                0x0000000010006520       0x48 CMakeFiles/flashlight.dir/home/ncm656112/ESE519_Lab/lab2A/pico-sdk/lib/tinyusb/src/device/usbd.c.obj
                0x0000000010006520                usbd_edpt_xfer
 .text.tud_control_status
                0x0000000010006568       0x30 CMakeFiles/flashlight.dir/home/ncm656112/ESE519_Lab/lab2A/pico-sdk/lib/tinyusb/src/device/usbd_control.c.obj
                0x0000000010006568                tud_control_status
 .text.tud_control_xfer
                0x0000000010006598       0xbc CMakeFiles/flashlight.dir/home/ncm656112/ESE519_Lab/lab2A/pico-sdk/lib/tinyusb/src/device/usbd_control.c.obj
                0x0000000010006598                tud_control_xfer
 .text.usbd_control_reset
                0x0000000010006654       0x14 CMakeFiles/flashlight.dir/home/ncm656112/ESE519_Lab/lab2A/pico-sdk/lib/tinyusb/src/device/usbd_control.c.obj
                0x0000000010006654                usbd_control_reset
 .text.usbd_control_set_complete_callback
                0x0000000010006668        0xc CMakeFiles/flashlight.dir/home/ncm656112/ESE519_Lab/lab2A/pico-sdk/lib/tinyusb/src/device/usbd_control.c.obj
                0x0000000010006668                usbd_control_set_complete_callback
 .text.usbd_control_set_request
                0x0000000010006674       0x1c CMakeFiles/flashlight.dir/home/ncm656112/ESE519_Lab/lab2A/pico-sdk/lib/tinyusb/src/device/usbd_control.c.obj
                0x0000000010006674                usbd_control_set_request
 .text.usbd_control_xfer_cb
                0x0000000010006690       0xfc CMakeFiles/flashlight.dir/home/ncm656112/ESE519_Lab/lab2A/pico-sdk/lib/tinyusb/src/device/usbd_control.c.obj
                0x0000000010006690                usbd_control_xfer_cb
 .text.tud_cdc_n_connected
                0x000000001000678c       0x30 CMakeFiles/flashlight.dir/home/ncm656112/ESE519_Lab/lab2A/pico-sdk/lib/tinyusb/src/class/cdc/cdc_device.c.obj
                0x000000001000678c                tud_cdc_n_connected
 .text.tud_cdc_n_available
                0x00000000100067bc       0x18 CMakeFiles/flashlight.dir/home/ncm656112/ESE519_Lab/lab2A/pico-sdk/lib/tinyusb/src/class/cdc/cdc_device.c.obj
                0x00000000100067bc                tud_cdc_n_available
 .text.tud_cdc_n_read
                0x00000000100067d4       0x70 CMakeFiles/flashlight.dir/home/ncm656112/ESE519_Lab/lab2A/pico-sdk/lib/tinyusb/src/class/cdc/cdc_device.c.obj
                0x00000000100067d4                tud_cdc_n_read
 .text.tud_cdc_n_write_flush
                0x0000000010006844       0x78 CMakeFiles/flashlight.dir/home/ncm656112/ESE519_Lab/lab2A/pico-sdk/lib/tinyusb/src/class/cdc/cdc_device.c.obj
                0x0000000010006844                tud_cdc_n_write_flush
 .text.tud_cdc_n_write
                0x00000000100068bc       0x34 CMakeFiles/flashlight.dir/home/ncm656112/ESE519_Lab/lab2A/pico-sdk/lib/tinyusb/src/class/cdc/cdc_device.c.obj
                0x00000000100068bc                tud_cdc_n_write
 .text.tud_cdc_n_write_available
                0x00000000100068f0       0x18 CMakeFiles/flashlight.dir/home/ncm656112/ESE519_Lab/lab2A/pico-sdk/lib/tinyusb/src/class/cdc/cdc_device.c.obj
                0x00000000100068f0                tud_cdc_n_write_available
 .text.cdcd_init
                0x0000000010006908       0x7c CMakeFiles/flashlight.dir/home/ncm656112/ESE519_Lab/lab2A/pico-sdk/lib/tinyusb/src/class/cdc/cdc_device.c.obj
                0x0000000010006908                cdcd_init
 .text.cdcd_reset
                0x0000000010006984       0x2c CMakeFiles/flashlight.dir/home/ncm656112/ESE519_Lab/lab2A/pico-sdk/lib/tinyusb/src/class/cdc/cdc_device.c.obj
                0x0000000010006984                cdcd_reset
 .text.cdcd_open
                0x00000000100069b0       0xe4 CMakeFiles/flashlight.dir/home/ncm656112/ESE519_Lab/lab2A/pico-sdk/lib/tinyusb/src/class/cdc/cdc_device.c.obj
                0x00000000100069b0                cdcd_open
 .text.cdcd_control_xfer_cb
                0x0000000010006a94       0xe4 CMakeFiles/flashlight.dir/home/ncm656112/ESE519_Lab/lab2A/pico-sdk/lib/tinyusb/src/class/cdc/cdc_device.c.obj
                0x0000000010006a94                cdcd_control_xfer_cb
 .text.cdcd_xfer_cb
                0x0000000010006b78      0x148 CMakeFiles/flashlight.dir/home/ncm656112/ESE519_Lab/lab2A/pico-sdk/lib/tinyusb/src/class/cdc/cdc_device.c.obj
                0x0000000010006b78                cdcd_xfer_cb
 .text.tusb_init
                0x0000000010006cc0        0xc CMakeFiles/flashlight.dir/home/ncm656112/ESE519_Lab/lab2A/pico-sdk/lib/tinyusb/src/tusb.c.obj
                0x0000000010006cc0                tusb_init
 .text.tusb_inited
                0x0000000010006ccc        0x8 CMakeFiles/flashlight.dir/home/ncm656112/ESE519_Lab/lab2A/pico-sdk/lib/tinyusb/src/tusb.c.obj
                0x0000000010006ccc                tusb_inited
 .text.tu_edpt_validate
                0x0000000010006cd4       0x78 CMakeFiles/flashlight.dir/home/ncm656112/ESE519_Lab/lab2A/pico-sdk/lib/tinyusb/src/tusb.c.obj
                0x0000000010006cd4                tu_edpt_validate
 .text.tu_edpt_bind_driver
                0x0000000010006d4c       0x2c CMakeFiles/flashlight.dir/home/ncm656112/ESE519_Lab/lab2A/pico-sdk/lib/tinyusb/src/tusb.c.obj
                0x0000000010006d4c                tu_edpt_bind_driver
 .text.tu_fifo_config
                0x0000000010006d78       0x78 CMakeFiles/flashlight.dir/home/ncm656112/ESE519_Lab/lab2A/pico-sdk/lib/tinyusb/src/common/tusb_fifo.c.obj
                0x0000000010006d78                tu_fifo_config
 .text.tu_fifo_count
                0x0000000010006df0       0x20 CMakeFiles/flashlight.dir/home/ncm656112/ESE519_Lab/lab2A/pico-sdk/lib/tinyusb/src/common/tusb_fifo.c.obj
                0x0000000010006df0                tu_fifo_count
 .text.tu_fifo_empty
                0x0000000010006e10       0x10 CMakeFiles/flashlight.dir/home/ncm656112/ESE519_Lab/lab2A/pico-sdk/lib/tinyusb/src/common/tusb_fifo.c.obj
                0x0000000010006e10                tu_fifo_empty
 .text.tu_fifo_remaining
                0x0000000010006e20       0x1c CMakeFiles/flashlight.dir/home/ncm656112/ESE519_Lab/lab2A/pico-sdk/lib/tinyusb/src/common/tusb_fifo.c.obj
                0x0000000010006e20                tu_fifo_remaining
 .text.tu_fifo_read
                0x0000000010006e3c       0x9c CMakeFiles/flashlight.dir/home/ncm656112/ESE519_Lab/lab2A/pico-sdk/lib/tinyusb/src/common/tusb_fifo.c.obj
                0x0000000010006e3c                tu_fifo_read
 .text.tu_fifo_read_n
                0x0000000010006ed8      0x100 CMakeFiles/flashlight.dir/home/ncm656112/ESE519_Lab/lab2A/pico-sdk/lib/tinyusb/src/common/tusb_fifo.c.obj
                0x0000000010006ed8                tu_fifo_read_n
 .text.tu_fifo_write
                0x0000000010006fd8       0x7c CMakeFiles/flashlight.dir/home/ncm656112/ESE519_Lab/lab2A/pico-sdk/lib/tinyusb/src/common/tusb_fifo.c.obj
                0x0000000010006fd8                tu_fifo_write
 .text.tu_fifo_write_n
                0x0000000010007054      0x100 CMakeFiles/flashlight.dir/home/ncm656112/ESE519_Lab/lab2A/pico-sdk/lib/tinyusb/src/common/tusb_fifo.c.obj
                0x0000000010007054                tu_fifo_write_n
 .text.tu_fifo_clear
                0x0000000010007154       0x4c CMakeFiles/flashlight.dir/home/ncm656112/ESE519_Lab/lab2A/pico-sdk/lib/tinyusb/src/common/tusb_fifo.c.obj
                0x0000000010007154                tu_fifo_clear
 .text.tu_fifo_set_overwritable
                0x00000000100071a0       0x3c CMakeFiles/flashlight.dir/home/ncm656112/ESE519_Lab/lab2A/pico-sdk/lib/tinyusb/src/common/tusb_fifo.c.obj
                0x00000000100071a0                tu_fifo_set_overwritable
 .text.startup._retrieve_unique_id_on_boot
                0x00000000100071dc       0x10 CMakeFiles/flashlight.dir/home/ncm656112/ESE519_Lab/lab2A/pico-sdk/src/rp2_common/pico_unique_id/unique_id.c.obj
 .text.pico_get_unique_board_id_string
                0x00000000100071ec      0x1a8 CMakeFiles/flashlight.dir/home/ncm656112/ESE519_Lab/lab2A/pico-sdk/src/rp2_common/pico_unique_id/unique_id.c.obj
                0x00000000100071ec                pico_get_unique_board_id_string
 .text.flash_get_unique_id
                0x0000000010007394       0x40 CMakeFiles/flashlight.dir/home/ncm656112/ESE519_Lab/lab2A/pico-sdk/src/rp2_common/hardware_flash/flash.c.obj
                0x0000000010007394                flash_get_unique_id
 .text.pio_add_program
                0x00000000100073d4       0xc8 CMakeFiles/flashlight.dir/home/ncm656112/ESE519_Lab/lab2A/pico-sdk/src/rp2_common/hardware_pio/pio.c.obj
                0x00000000100073d4                pio_add_program
 .text.pio_sm_set_consecutive_pindirs
                0x000000001000749c       0x84 CMakeFiles/flashlight.dir/home/ncm656112/ESE519_Lab/lab2A/pico-sdk/src/rp2_common/hardware_pio/pio.c.obj
                0x000000001000749c                pio_sm_set_consecutive_pindirs
 .text.pio_sm_init
                0x0000000010007520       0x90 CMakeFiles/flashlight.dir/home/ncm656112/ESE519_Lab/lab2A/pico-sdk/src/rp2_common/hardware_pio/pio.c.obj
                0x0000000010007520                pio_sm_init
 .text          0x00000000100075b0       0x5c /usr/lib/gcc/arm-none-eabi/10.3.1/../../../arm-none-eabi/lib/thumb/v6-m/nofp/libc.a(lib_a-strlen-stub.o)
                0x00000000100075b0                strlen
 *(.fini)
 .fini          0x000000001000760c        0x4 /usr/lib/gcc/arm-none-eabi/10.3.1/thumb/v6-m/nofp/crti.o
                0x000000001000760c                _fini
 .fini.__stub   0x0000000010007610       0x70 linker stubs
 *crtbegin.o(.ctors)
 *crtbegin?.o(.ctors)
 *(EXCLUDE_FILE(*crtend.o *crtend?.o) .ctors)
 *(SORT_BY_NAME(.ctors.*))
 *(.ctors)
 *crtbegin.o(.dtors)
 *crtbegin?.o(.dtors)
 *(EXCLUDE_FILE(*crtend.o *crtend?.o) .dtors)
 *(SORT_BY_NAME(.dtors.*))
 *(.dtors)
 *(.eh_frame*)
 .eh_frame      0x0000000010007680        0x0 /usr/lib/gcc/arm-none-eabi/10.3.1/thumb/v6-m/nofp/crtbegin.o
                0x0000000010007680                . = ALIGN (0x4)

.glue_7         0x0000000010007680        0x0
 .glue_7        0x0000000010007680        0x0 linker stubs

.glue_7t        0x0000000010007680        0x0
 .glue_7t       0x0000000010007680        0x0 linker stubs

.vfp11_veneer   0x0000000010007680        0x0
 .vfp11_veneer  0x0000000010007680        0x0 linker stubs

.v4_bx          0x0000000010007680        0x0
 .v4_bx         0x0000000010007680        0x0 linker stubs

.iplt           0x0000000010007680        0x0
 .iplt          0x0000000010007680        0x0 /usr/lib/gcc/arm-none-eabi/10.3.1/thumb/v6-m/nofp/crtbegin.o

.rodata         0x0000000010007680      0x57c
 *(EXCLUDE_FILE(*libm.a: *libc.a:*lib_a-mem*.o *libgcc.a:) .rodata*)
 .rodata.render_to_console.str1.4
                0x0000000010007680       0x38 CMakeFiles/flashlight.dir/flashlight.c.obj
 .rodata.ws2812_program
                0x00000000100076b8        0x6 CMakeFiles/flashlight.dir/neopixel.c.obj
 *fill*         0x00000000100076be        0x2 
 .rodata.ws2812_program_instructions
                0x00000000100076c0        0x8 CMakeFiles/flashlight.dir/neopixel.c.obj
 .rodata.spin_lock_claim_unused.str1.4
                0x00000000100076c8       0x1b CMakeFiles/flashlight.dir/home/ncm656112/ESE519_Lab/lab2A/pico-sdk/src/rp2_common/hardware_sync/sync.c.obj
 *fill*         0x00000000100076e3        0x1 
 .rodata.user_irq_claim_unused.str1.4
                0x00000000100076e4       0x1b CMakeFiles/flashlight.dir/home/ncm656112/ESE519_Lab/lab2A/pico-sdk/src/rp2_common/hardware_irq/irq.c.obj
 *fill*         0x00000000100076ff        0x1 
 .rodata.hardware_alarm_claim.str1.4
                0x0000000010007700       0x22 CMakeFiles/flashlight.dir/home/ncm656112/ESE519_Lab/lab2A/pico-sdk/src/rp2_common/hardware_timer/timer.c.obj
 *fill*         0x0000000010007722        0x2 
 .rodata.panic.str1.4
                0x0000000010007724       0x12 CMakeFiles/flashlight.dir/home/ncm656112/ESE519_Lab/lab2A/pico-sdk/src/rp2_common/pico_runtime/runtime.c.obj
 *fill*         0x0000000010007736        0x2 
 .rodata.hard_assertion_failure.str1.4
                0x0000000010007738        0xc CMakeFiles/flashlight.dir/home/ncm656112/ESE519_Lab/lab2A/pico-sdk/src/rp2_common/pico_runtime/runtime.c.obj
 .rodata._ftoa.str1.4
                0x0000000010007744       0x15 CMakeFiles/flashlight.dir/home/ncm656112/ESE519_Lab/lab2A/pico-sdk/src/rp2_common/pico_printf/printf.c.obj
 *fill*         0x0000000010007759        0x3 
 .rodata._vsnprintf
                0x000000001000775c      0x1e0 CMakeFiles/flashlight.dir/home/ncm656112/ESE519_Lab/lab2A/pico-sdk/src/rp2_common/pico_printf/printf.c.obj
 *fill*         0x000000001000793c        0x4 
 .rodata.pow10.0
                0x0000000010007940       0x50 CMakeFiles/flashlight.dir/home/ncm656112/ESE519_Lab/lab2A/pico-sdk/src/rp2_common/pico_printf/printf.c.obj
 .rodata.str1.4
                0x0000000010007990       0x40 CMakeFiles/flashlight.dir/home/ncm656112/ESE519_Lab/lab2A/pico-sdk/src/rp2_common/pico_standard_link/binary_info.c.obj
 .rodata.__bi_44
                0x00000000100079d0        0xc CMakeFiles/flashlight.dir/home/ncm656112/ESE519_Lab/lab2A/pico-sdk/src/rp2_common/pico_standard_link/binary_info.c.obj
 .rodata.__bi_75
                0x00000000100079dc        0xc CMakeFiles/flashlight.dir/home/ncm656112/ESE519_Lab/lab2A/pico-sdk/src/rp2_common/pico_standard_link/binary_info.c.obj
 .rodata.__bi_81
                0x00000000100079e8        0xc CMakeFiles/flashlight.dir/home/ncm656112/ESE519_Lab/lab2A/pico-sdk/src/rp2_common/pico_standard_link/binary_info.c.obj
 .rodata.crlf_str.0
                0x00000000100079f4        0x2 CMakeFiles/flashlight.dir/home/ncm656112/ESE519_Lab/lab2A/pico-sdk/src/rp2_common/pico_stdio/stdio.c.obj
 *fill*         0x00000000100079f6        0x2 
 .rodata._resetd_driver
                0x00000000100079f8       0x18 CMakeFiles/flashlight.dir/home/ncm656112/ESE519_Lab/lab2A/pico-sdk/src/rp2_common/pico_stdio_usb/reset_interface.c.obj
 .rodata.str1.4
                0x0000000010007a10       0x13 CMakeFiles/flashlight.dir/home/ncm656112/ESE519_Lab/lab2A/pico-sdk/src/rp2_common/pico_stdio_usb/stdio_usb.c.obj
 *fill*         0x0000000010007a23        0x1 
 .rodata.__bi_118.0
                0x0000000010007a24        0xc CMakeFiles/flashlight.dir/home/ncm656112/ESE519_Lab/lab2A/pico-sdk/src/rp2_common/pico_stdio_usb/stdio_usb.c.obj
 .rodata.str1.4
                0x0000000010007a30       0x2a CMakeFiles/flashlight.dir/home/ncm656112/ESE519_Lab/lab2A/pico-sdk/src/rp2_common/pico_stdio_usb/stdio_usb_descriptors.c.obj
 *fill*         0x0000000010007a5a        0x2 
 .rodata.usbd_desc_cfg
                0x0000000010007a5c       0x54 CMakeFiles/flashlight.dir/home/ncm656112/ESE519_Lab/lab2A/pico-sdk/src/rp2_common/pico_stdio_usb/stdio_usb_descriptors.c.obj
 .rodata.usbd_desc_device
                0x0000000010007ab0       0x12 CMakeFiles/flashlight.dir/home/ncm656112/ESE519_Lab/lab2A/pico-sdk/src/rp2_common/pico_stdio_usb/stdio_usb_descriptors.c.obj
 *fill*         0x0000000010007ac2        0x2 
 .rodata.usbd_desc_str
                0x0000000010007ac4       0x18 CMakeFiles/flashlight.dir/home/ncm656112/ESE519_Lab/lab2A/pico-sdk/src/rp2_common/pico_stdio_usb/stdio_usb_descriptors.c.obj
 .rodata.dcd_rp2040_irq.str1.4
                0x0000000010007adc       0x14 CMakeFiles/flashlight.dir/home/ncm656112/ESE519_Lab/lab2A/pico-sdk/lib/tinyusb/src/portable/raspberrypi/rp2040/dcd_rp2040.c.obj
 .rodata._hw_endpoint_buffer_control_update32.part.0.isra.0.str1.4
                0x0000000010007af0       0x1f CMakeFiles/flashlight.dir/home/ncm656112/ESE519_Lab/lab2A/pico-sdk/lib/tinyusb/src/portable/raspberrypi/rp2040/rp2040_usb.c.obj
 *fill*         0x0000000010007b0f        0x1 
 .rodata.hw_endpoint_xfer_continue.str1.4
                0x0000000010007b10       0x29 CMakeFiles/flashlight.dir/home/ncm656112/ESE519_Lab/lab2A/pico-sdk/lib/tinyusb/src/portable/raspberrypi/rp2040/rp2040_usb.c.obj
 *fill*         0x0000000010007b39        0x3 
 .rodata.str1.4
                0x0000000010007b3c        0x7 CMakeFiles/flashlight.dir/home/ncm656112/ESE519_Lab/lab2A/pico-sdk/lib/tinyusb/src/portable/raspberrypi/rp2040/rp2040_usb.c.obj
 *fill*         0x0000000010007b43        0x1 
 .rodata.tud_task
                0x0000000010007b44       0x8c CMakeFiles/flashlight.dir/home/ncm656112/ESE519_Lab/lab2A/pico-sdk/lib/tinyusb/src/device/usbd.c.obj
 .rodata._usbd_driver
                0x0000000010007bd0       0x18 CMakeFiles/flashlight.dir/home/ncm656112/ESE519_Lab/lab2A/pico-sdk/lib/tinyusb/src/device/usbd.c.obj
 .rodata.pio_add_program.str1.4
                0x0000000010007be8       0x11 CMakeFiles/flashlight.dir/home/ncm656112/ESE519_Lab/lab2A/pico-sdk/src/rp2_common/hardware_pio/pio.c.obj
                0x0000000010007bfc                . = ALIGN (0x4)
 *fill*         0x0000000010007bf9        0x3 
 *(SORT_BY_ALIGNMENT(SORT_BY_NAME(.flashdata*)))
                0x0000000010007bfc                . = ALIGN (0x4)

.rel.dyn        0x0000000010007bfc        0x0
 .rel.iplt      0x0000000010007bfc        0x0 /usr/lib/gcc/arm-none-eabi/10.3.1/thumb/v6-m/nofp/crtbegin.o

.ARM.extab
 *(.ARM.extab* .gnu.linkonce.armextab.*)
                0x0000000010007bfc                __exidx_start = .

.ARM.exidx
 *(.ARM.exidx* .gnu.linkonce.armexidx.*)
                0x0000000010007bfc                __exidx_end = .
                0x0000000010007bfc                . = ALIGN (0x4)
                0x0000000010007bfc                __binary_info_start = .

.binary_info    0x0000000010007bfc       0x20
 *(.binary_info.keep.*)
 .binary_info.keep.__bi_ptr22
                0x0000000010007bfc        0x4 CMakeFiles/flashlight.dir/home/ncm656112/ESE519_Lab/lab2A/pico-sdk/src/rp2_common/pico_standard_link/binary_info.c.obj
 .binary_info.keep.__bi_ptr30
                0x0000000010007c00        0x4 CMakeFiles/flashlight.dir/home/ncm656112/ESE519_Lab/lab2A/pico-sdk/src/rp2_common/pico_standard_link/binary_info.c.obj
 .binary_info.keep.__bi_ptr38
                0x0000000010007c04        0x4 CMakeFiles/flashlight.dir/home/ncm656112/ESE519_Lab/lab2A/pico-sdk/src/rp2_common/pico_standard_link/binary_info.c.obj
 .binary_info.keep.__bi_ptr44
                0x0000000010007c08        0x4 CMakeFiles/flashlight.dir/home/ncm656112/ESE519_Lab/lab2A/pico-sdk/src/rp2_common/pico_standard_link/binary_info.c.obj
 .binary_info.keep.__bi_ptr50
                0x0000000010007c0c        0x4 CMakeFiles/flashlight.dir/home/ncm656112/ESE519_Lab/lab2A/pico-sdk/src/rp2_common/pico_standard_link/binary_info.c.obj
 .binary_info.keep.__bi_ptr75
                0x0000000010007c10        0x4 CMakeFiles/flashlight.dir/home/ncm656112/ESE519_Lab/lab2A/pico-sdk/src/rp2_common/pico_standard_link/binary_info.c.obj
 .binary_info.keep.__bi_ptr81
                0x0000000010007c14        0x4 CMakeFiles/flashlight.dir/home/ncm656112/ESE519_Lab/lab2A/pico-sdk/src/rp2_common/pico_standard_link/binary_info.c.obj
 *(.binary_info.*)
 .binary_info.__bi_ptr118
                0x0000000010007c18        0x4 CMakeFiles/flashlight.dir/home/ncm656112/ESE519_Lab/lab2A/pico-sdk/src/rp2_common/pico_stdio_usb/stdio_usb.c.obj
                0x0000000010007c1c                __binary_info_end = .
                0x0000000010007c1c                . = ALIGN (0x4)
                0x0000000010007c1c                __etext = .

.ram_vector_table
                0x0000000020000000       0xc0
 *(.ram_vector_table)
 .ram_vector_table
                0x0000000020000000       0xc0 CMakeFiles/flashlight.dir/home/ncm656112/ESE519_Lab/lab2A/pico-sdk/src/rp2_common/pico_runtime/runtime.c.obj
                0x0000000020000000                ram_vector_table

.data           0x00000000200000c0      0x3c0 load address 0x0000000010007c1c
                0x00000000200000c0                __data_start__ = .
 *(vtable)
 *(.time_critical*)
 .time_critical.mutex_enter_blocking
                0x00000000200000c0       0x48 CMakeFiles/flashlight.dir/home/ncm656112/ESE519_Lab/lab2A/pico-sdk/src/common/pico_sync/mutex.c.obj
                0x00000000200000c0                mutex_enter_blocking
 .time_critical.mutex_try_enter
                0x0000000020000108       0x44 CMakeFiles/flashlight.dir/home/ncm656112/ESE519_Lab/lab2A/pico-sdk/src/common/pico_sync/mutex.c.obj
                0x0000000020000108                mutex_try_enter
 .time_critical.mutex_enter_timeout_ms
                0x000000002000014c       0xa0 CMakeFiles/flashlight.dir/home/ncm656112/ESE519_Lab/lab2A/pico-sdk/src/common/pico_sync/mutex.c.obj
                0x000000002000014c                mutex_enter_timeout_ms
 .time_critical.mutex_exit
                0x00000000200001ec       0x28 CMakeFiles/flashlight.dir/home/ncm656112/ESE519_Lab/lab2A/pico-sdk/src/common/pico_sync/mutex.c.obj
                0x00000000200001ec                mutex_exit
 .time_critical.flash_init_boot2_copyout
                0x0000000020000214       0x30 CMakeFiles/flashlight.dir/home/ncm656112/ESE519_Lab/lab2A/pico-sdk/src/rp2_common/hardware_flash/flash.c.obj
 .time_critical.flash_enable_xip_via_boot2
                0x0000000020000244       0x10 CMakeFiles/flashlight.dir/home/ncm656112/ESE519_Lab/lab2A/pico-sdk/src/rp2_common/hardware_flash/flash.c.obj
 .time_critical.flash_cs_force
                0x0000000020000254       0x38 CMakeFiles/flashlight.dir/home/ncm656112/ESE519_Lab/lab2A/pico-sdk/src/rp2_common/hardware_flash/flash.c.obj
 .time_critical.flash_do_cmd
                0x000000002000028c       0xc4 CMakeFiles/flashlight.dir/home/ncm656112/ESE519_Lab/lab2A/pico-sdk/src/rp2_common/hardware_flash/flash.c.obj
                0x000000002000028c                flash_do_cmd
 *(.text*)
 .text          0x0000000020000350        0x4 /usr/lib/gcc/arm-none-eabi/10.3.1/thumb/v6-m/nofp/libgcc.a(_dvmd_tls.o)
                0x0000000020000350                __aeabi_ldiv0
                0x0000000020000350                __aeabi_idiv0
 *fill*         0x0000000020000354        0x4 
 .text.__stub   0x0000000020000358       0x30 linker stubs
                0x0000000020000388                . = ALIGN (0x4)
 *(.rodata*)
                0x0000000020000388                . = ALIGN (0x4)
 *(.data*)
 .data.pin_21_selection_mask
                0x0000000020000388        0x4 CMakeFiles/flashlight.dir/flashlight.c.obj
                0x0000000020000388                pin_21_selection_mask
 .data.striped_spin_lock_num
                0x000000002000038c        0x1 CMakeFiles/flashlight.dir/home/ncm656112/ESE519_Lab/lab2A/pico-sdk/src/rp2_common/hardware_sync/sync.c.obj
 *fill*         0x000000002000038d        0x3 
 .data          0x0000000020000390       0x48 CMakeFiles/flashlight.dir/home/ncm656112/ESE519_Lab/lab2A/pico-sdk/src/rp2_common/hardware_irq/irq_handler_chain.S.obj
                0x0000000020000390                irq_handler_chain_slots
                0x00000000200003c0                irq_handler_chain_first_slot
                0x00000000200003ca                irq_handler_chain_remove_tail
 .data.default_alarm_pool
                0x00000000200003d8       0x18 CMakeFiles/flashlight.dir/home/ncm656112/ESE519_Lab/lab2A/pico-sdk/src/common/pico_time/time.c.obj
 .data.default_alarm_pool_heap
                0x00000000200003f0       0x10 CMakeFiles/flashlight.dir/home/ncm656112/ESE519_Lab/lab2A/pico-sdk/src/common/pico_time/time.c.obj
 *fill*         0x0000000020000400        0x0 
 .data.aeabi_bits_funcs
                0x0000000020000400       0x10 CMakeFiles/flashlight.dir/home/ncm656112/ESE519_Lab/lab2A/pico-sdk/src/rp2_common/pico_bit_ops/bit_ops_aeabi.S.obj
                0x0000000020000400                aeabi_bits_funcs
                0x0000000020000410                aeabi_bits_funcs_end
 .data.aeabi_mem_funcs
                0x0000000020000410       0x10 CMakeFiles/flashlight.dir/home/ncm656112/ESE519_Lab/lab2A/pico-sdk/src/rp2_common/pico_mem_ops/mem_ops_aeabi.S.obj
                0x0000000020000410                aeabi_mem_funcs
                0x0000000020000420                aeabi_mem_funcs_end
 .data.stdio_usb
                0x0000000020000420       0x14 CMakeFiles/flashlight.dir/home/ncm656112/ESE519_Lab/lab2A/pico-sdk/src/rp2_common/pico_stdio_usb/stdio_usb.c.obj
                0x0000000020000420                stdio_usb
 .data.ep_dir_string
                0x0000000020000434        0x8 CMakeFiles/flashlight.dir/home/ncm656112/ESE519_Lab/lab2A/pico-sdk/lib/tinyusb/src/portable/raspberrypi/rp2040/rp2040_usb.c.obj
                0x0000000020000434                ep_dir_string
 .data._usbd_qdef
                0x000000002000043c       0x24 CMakeFiles/flashlight.dir/home/ncm656112/ESE519_Lab/lab2A/pico-sdk/lib/tinyusb/src/device/usbd.c.obj
                0x000000002000043c                _usbd_qdef
                0x0000000020000460                . = ALIGN (0x4)
 *(.after_data.*)
                0x0000000020000460                . = ALIGN (0x4)
                0x0000000020000460                PROVIDE (__mutex_array_start = .)
 *(SORT_BY_NAME(.mutex_array.*))
 *(.mutex_array)
 .mutex_array   0x0000000020000460        0x8 CMakeFiles/flashlight.dir/home/ncm656112/ESE519_Lab/lab2A/pico-sdk/src/rp2_common/pico_stdio/stdio.c.obj
                0x0000000020000468                PROVIDE (__mutex_array_end = .)
                0x0000000020000468                . = ALIGN (0x4)
                0x0000000020000468                PROVIDE (__preinit_array_start = .)
 *(SORT_BY_NAME(.preinit_array.*))
 .preinit_array.00001
                0x0000000020000468        0x4 CMakeFiles/flashlight.dir/home/ncm656112/ESE519_Lab/lab2A/pico-sdk/src/rp2_common/pico_mem_ops/mem_ops_aeabi.S.obj
 .preinit_array.00010
                0x000000002000046c        0x4 CMakeFiles/flashlight.dir/home/ncm656112/ESE519_Lab/lab2A/pico-sdk/src/rp2_common/pico_bit_ops/bit_ops_aeabi.S.obj
 .preinit_array.00020
                0x0000000020000470        0x4 CMakeFiles/flashlight.dir/home/ncm656112/ESE519_Lab/lab2A/pico-sdk/src/rp2_common/pico_double/double_aeabi.S.obj
 .preinit_array.00020
                0x0000000020000474        0x4 CMakeFiles/flashlight.dir/home/ncm656112/ESE519_Lab/lab2A/pico-sdk/src/rp2_common/pico_float/float_aeabi.S.obj
 *(.preinit_array)
                0x0000000020000478                PROVIDE (__preinit_array_end = .)
                0x0000000020000478                . = ALIGN (0x4)
                0x0000000020000478                PROVIDE (__init_array_start = .)
 *(SORT_BY_NAME(.init_array.*))
 *(.init_array)
 .init_array    0x0000000020000478        0x4 /usr/lib/gcc/arm-none-eabi/10.3.1/thumb/v6-m/nofp/crtbegin.o
 .init_array    0x000000002000047c        0x4 CMakeFiles/flashlight.dir/home/ncm656112/ESE519_Lab/lab2A/pico-sdk/src/rp2_common/pico_unique_id/unique_id.c.obj
                0x0000000020000480                PROVIDE (__init_array_end = .)
                0x0000000020000480                . = ALIGN (0x4)
                0x0000000020000480                PROVIDE (__fini_array_start = .)
 *(SORT_BY_NAME(.fini_array.*))
 *(.fini_array)
                0x0000000020000480                PROVIDE (__fini_array_end = .)
 *(.jcr)
                0x0000000020000480                . = ALIGN (0x4)
                0x0000000020000480                __data_end__ = .

.tm_clone_table
                0x0000000020000480        0x0 load address 0x0000000010007fdc
 .tm_clone_table
                0x0000000020000480        0x0 /usr/lib/gcc/arm-none-eabi/10.3.1/thumb/v6-m/nofp/crtbegin.o
 .tm_clone_table
                0x0000000020000480        0x0 /usr/lib/gcc/arm-none-eabi/10.3.1/thumb/v6-m/nofp/crtend.o

.igot.plt       0x0000000020000480        0x0 load address 0x0000000010007fdc
 .igot.plt      0x0000000020000480        0x0 /usr/lib/gcc/arm-none-eabi/10.3.1/thumb/v6-m/nofp/crtbegin.o

.uninitialized_data
                0x0000000020000480        0x0 load address 0x0000000010007fdc
                0x0000000020000480                . = ALIGN (0x4)
 *(.uninitialized_data*)

.scratch_x      0x0000000020040000        0x0 load address 0x0000000010007fdc
                0x0000000020040000                __scratch_x_start__ = .
 *(.scratch_x.*)
                0x0000000020040000                . = ALIGN (0x4)
                0x0000000020040000                __scratch_x_end__ = .
                0x0000000010007fdc                __scratch_x_source__ = LOADADDR (.scratch_x)

.scratch_y      0x0000000020041000        0x0 load address 0x0000000010007fdc
                0x0000000020041000                __scratch_y_start__ = .
 *(.scratch_y.*)
                0x0000000020041000                . = ALIGN (0x4)
                0x0000000020041000                __scratch_y_end__ = .
                0x0000000010007fdc                __scratch_y_source__ = LOADADDR (.scratch_y)

.bss            0x0000000020000480      0xda0
                0x0000000020000480                . = ALIGN (0x4)
                0x0000000020000480                __bss_start__ = .
 *(SORT_BY_ALIGNMENT(SORT_BY_NAME(.bss*)))
 .bss.default_alarm_pool_entries
                0x0000000020000480      0x100 CMakeFiles/flashlight.dir/home/ncm656112/ESE519_Lab/lab2A/pico-sdk/src/common/pico_time/time.c.obj
 .bss.last_avail_time.1
                0x0000000020000580        0x8 CMakeFiles/flashlight.dir/home/ncm656112/ESE519_Lab/lab2A/pico-sdk/src/rp2_common/pico_stdio_usb/stdio_usb.c.obj
 .bss.sd_table  0x0000000020000588      0x100 CMakeFiles/flashlight.dir/home/ncm656112/ESE519_Lab/lab2A/pico-sdk/src/rp2_common/pico_double/double_init_rom.c.obj
                0x0000000020000588                sd_table
 .bss.sf_table  0x0000000020000688      0x100 CMakeFiles/flashlight.dir/home/ncm656112/ESE519_Lab/lab2A/pico-sdk/src/rp2_common/pico_float/float_init_rom.c.obj
                0x0000000020000688                sf_table
 .bss           0x0000000020000788       0x1c /usr/lib/gcc/arm-none-eabi/10.3.1/thumb/v6-m/nofp/crtbegin.o
 .bss._app_driver
                0x00000000200007a4        0x4 CMakeFiles/flashlight.dir/home/ncm656112/ESE519_Lab/lab2A/pico-sdk/lib/tinyusb/src/device/usbd.c.obj
 .bss._cdcd_itf
                0x00000000200007a8      0x2d8 CMakeFiles/flashlight.dir/home/ncm656112/ESE519_Lab/lab2A/pico-sdk/lib/tinyusb/src/class/cdc/cdc_device.c.obj
 .bss._ctrl_xfer
                0x0000000020000a80       0x14 CMakeFiles/flashlight.dir/home/ncm656112/ESE519_Lab/lab2A/pico-sdk/lib/tinyusb/src/device/usbd_control.c.obj
 .bss._ubsd_mutexdef
                0x0000000020000a94        0x8 CMakeFiles/flashlight.dir/home/ncm656112/ESE519_Lab/lab2A/pico-sdk/lib/tinyusb/src/device/usbd.c.obj
 .bss._usbd_ctrl_buf
                0x0000000020000a9c       0x40 CMakeFiles/flashlight.dir/home/ncm656112/ESE519_Lab/lab2A/pico-sdk/lib/tinyusb/src/device/usbd_control.c.obj
 .bss._usbd_dev
                0x0000000020000adc       0x53 CMakeFiles/flashlight.dir/home/ncm656112/ESE519_Lab/lab2A/pico-sdk/lib/tinyusb/src/device/usbd.c.obj
 *fill*         0x0000000020000b2f        0x1 
 .bss._usbd_mutex
                0x0000000020000b30        0x4 CMakeFiles/flashlight.dir/home/ncm656112/ESE519_Lab/lab2A/pico-sdk/lib/tinyusb/src/device/usbd.c.obj
 .bss._usbd_q   0x0000000020000b34        0x4 CMakeFiles/flashlight.dir/home/ncm656112/ESE519_Lab/lab2A/pico-sdk/lib/tinyusb/src/device/usbd.c.obj
 .bss._usbd_qdef_buf
                0x0000000020000b38       0xc0 CMakeFiles/flashlight.dir/home/ncm656112/ESE519_Lab/lab2A/pico-sdk/lib/tinyusb/src/device/usbd.c.obj
                0x0000000020000b38                _usbd_qdef_buf
 .bss._used_instruction_space
                0x0000000020000bf8        0x8 CMakeFiles/flashlight.dir/home/ncm656112/ESE519_Lab/lab2A/pico-sdk/src/rp2_common/hardware_pio/pio.c.obj
 .bss.alarm_callbacks
                0x0000000020000c00       0x10 CMakeFiles/flashlight.dir/home/ncm656112/ESE519_Lab/lab2A/pico-sdk/src/rp2_common/hardware_timer/timer.c.obj
 .bss.boot2_copyout
                0x0000000020000c10      0x100 CMakeFiles/flashlight.dir/home/ncm656112/ESE519_Lab/lab2A/pico-sdk/src/rp2_common/hardware_flash/flash.c.obj
 .bss.boot_pin_address
                0x0000000020000d10        0x4 CMakeFiles/flashlight.dir/flashlight.c.obj
                0x0000000020000d10                boot_pin_address
 .bss.claimed   0x0000000020000d14        0x4 CMakeFiles/flashlight.dir/home/ncm656112/ESE519_Lab/lab2A/pico-sdk/src/rp2_common/hardware_sync/sync.c.obj
 .bss.configured_freq
                0x0000000020000d18       0x28 CMakeFiles/flashlight.dir/home/ncm656112/ESE519_Lab/lab2A/pico-sdk/src/rp2_common/hardware_clocks/clocks.c.obj
 .bss.default_alarm_pool_entry_ids_high
                0x0000000020000d40       0x10 CMakeFiles/flashlight.dir/home/ncm656112/ESE519_Lab/lab2A/pico-sdk/src/common/pico_time/time.c.obj
 .bss.default_alarm_pool_heap_nodes
                0x0000000020000d50       0x30 CMakeFiles/flashlight.dir/home/ncm656112/ESE519_Lab/lab2A/pico-sdk/src/common/pico_time/time.c.obj
 .bss.desc_str.0
                0x0000000020000d80       0x28 CMakeFiles/flashlight.dir/home/ncm656112/ESE519_Lab/lab2A/pico-sdk/src/rp2_common/pico_stdio_usb/stdio_usb_descriptors.c.obj
 .bss.drivers   0x0000000020000da8        0x4 CMakeFiles/flashlight.dir/home/ncm656112/ESE519_Lab/lab2A/pico-sdk/src/rp2_common/pico_stdio/stdio.c.obj
 .bss.filter    0x0000000020000dac        0x4 CMakeFiles/flashlight.dir/home/ncm656112/ESE519_Lab/lab2A/pico-sdk/src/rp2_common/pico_stdio/stdio.c.obj
 .bss.full_gpio_register_value
                0x0000000020000db0        0x4 CMakeFiles/flashlight.dir/flashlight.c.obj
                0x0000000020000db0                full_gpio_register_value
 .bss.hw_endpoints
                0x0000000020000db4      0x400 CMakeFiles/flashlight.dir/home/ncm656112/ESE519_Lab/lab2A/pico-sdk/lib/tinyusb/src/portable/raspberrypi/rp2040/dcd_rp2040.c.obj
 .bss.lazy_vsnprintf
                0x00000000200011b4        0x4 CMakeFiles/flashlight.dir/home/ncm656112/ESE519_Lab/lab2A/pico-sdk/src/rp2_common/pico_printf/printf.c.obj
 .bss.load_value
                0x00000000200011b8        0x4 CMakeFiles/flashlight.dir/home/ncm656112/ESE519_Lab/lab2A/pico-sdk/src/rp2_common/hardware_watchdog/watchdog.c.obj
 .bss.next_buffer_ptr
                0x00000000200011bc        0x4 CMakeFiles/flashlight.dir/home/ncm656112/ESE519_Lab/lab2A/pico-sdk/lib/tinyusb/src/portable/raspberrypi/rp2040/dcd_rp2040.c.obj
 .bss.pools     0x00000000200011c0       0x10 CMakeFiles/flashlight.dir/home/ncm656112/ESE519_Lab/lab2A/pico-sdk/src/common/pico_time/time.c.obj
 .bss.retrieved_id
                0x00000000200011d0        0x8 CMakeFiles/flashlight.dir/home/ncm656112/ESE519_Lab/lab2A/pico-sdk/src/rp2_common/pico_unique_id/unique_id.c.obj
 .bss.selected_pin_state
                0x00000000200011d8        0x4 CMakeFiles/flashlight.dir/flashlight.c.obj
                0x00000000200011d8                selected_pin_state
 .bss.sf_clz_func
                0x00000000200011dc        0x4 CMakeFiles/flashlight.dir/home/ncm656112/ESE519_Lab/lab2A/pico-sdk/src/rp2_common/pico_double/double_init_rom.c.obj
                0x00000000200011dc                sf_clz_func
 .bss.shifted_pin_21_state
                0x00000000200011e0        0x4 CMakeFiles/flashlight.dir/flashlight.c.obj
                0x00000000200011e0                shifted_pin_21_state
 .bss.sleep_notifier
                0x00000000200011e4        0x4 CMakeFiles/flashlight.dir/home/ncm656112/ESE519_Lab/lab2A/pico-sdk/src/common/pico_time/time.c.obj
 .bss.stdio_usb_mutex
                0x00000000200011e8        0x8 CMakeFiles/flashlight.dir/home/ncm656112/ESE519_Lab/lab2A/pico-sdk/src/rp2_common/pico_stdio_usb/stdio_usb.c.obj
 .bss.target_hi
                0x00000000200011f0       0x10 CMakeFiles/flashlight.dir/home/ncm656112/ESE519_Lab/lab2A/pico-sdk/src/rp2_common/hardware_timer/timer.c.obj
 .bss.usbd_serial_str
                0x0000000020001200       0x11 CMakeFiles/flashlight.dir/home/ncm656112/ESE519_Lab/lab2A/pico-sdk/src/rp2_common/pico_stdio_usb/stdio_usb_descriptors.c.obj
 *fill*         0x0000000020001211        0x3 
 .bss.user_irq_claimed
                0x0000000020001214        0x2 CMakeFiles/flashlight.dir/home/ncm656112/ESE519_Lab/lab2A/pico-sdk/src/rp2_common/hardware_irq/irq.c.obj
 .bss._app_driver_count
                0x0000000020001216        0x1 CMakeFiles/flashlight.dir/home/ncm656112/ESE519_Lab/lab2A/pico-sdk/lib/tinyusb/src/device/usbd.c.obj
 .bss._usbd_initialized
                0x0000000020001217        0x1 CMakeFiles/flashlight.dir/home/ncm656112/ESE519_Lab/lab2A/pico-sdk/lib/tinyusb/src/device/usbd.c.obj
 .bss.boot2_copyout_valid
                0x0000000020001218        0x1 CMakeFiles/flashlight.dir/home/ncm656112/ESE519_Lab/lab2A/pico-sdk/src/rp2_common/hardware_flash/flash.c.obj
 .bss.claimed   0x0000000020001219        0x1 CMakeFiles/flashlight.dir/home/ncm656112/ESE519_Lab/lab2A/pico-sdk/src/rp2_common/hardware_timer/timer.c.obj
 .bss.irq_hander_chain_free_slot_head
                0x000000002000121a        0x1 CMakeFiles/flashlight.dir/home/ncm656112/ESE519_Lab/lab2A/pico-sdk/src/rp2_common/hardware_irq/irq.c.obj
 .bss.itf_num   0x000000002000121b        0x1 CMakeFiles/flashlight.dir/home/ncm656112/ESE519_Lab/lab2A/pico-sdk/src/rp2_common/pico_stdio_usb/reset_interface.c.obj
 .bss.low_priority_irq_num
                0x000000002000121c        0x1 CMakeFiles/flashlight.dir/home/ncm656112/ESE519_Lab/lab2A/pico-sdk/src/rp2_common/pico_stdio_usb/stdio_usb.c.obj
 .bss.timer_callbacks_pending
                0x000000002000121d        0x1 CMakeFiles/flashlight.dir/home/ncm656112/ESE519_Lab/lab2A/pico-sdk/src/rp2_common/hardware_timer/timer.c.obj
 *(COMMON)
                0x0000000020001220                . = ALIGN (0x4)
 *fill*         0x000000002000121e        0x2 
                0x0000000020001220                __bss_end__ = .

.heap           0x0000000020001220      0x800
                0x0000000020001220                __end__ = .
                0x0000000020001220                end = __end__
 *(.heap*)
 .heap          0x0000000020001220      0x800 CMakeFiles/flashlight.dir/home/ncm656112/ESE519_Lab/lab2A/pico-sdk/src/rp2_common/pico_standard_link/crt0.S.obj
                0x0000000020001a20                __HeapLimit = .

.stack1_dummy   0x0000000020040000        0x0
 *(.stack1*)

.stack_dummy    0x0000000020041000      0x800
 *(.stack*)
 .stack         0x0000000020041000      0x800 CMakeFiles/flashlight.dir/home/ncm656112/ESE519_Lab/lab2A/pico-sdk/src/rp2_common/pico_standard_link/crt0.S.obj

.flash_end      0x0000000010007fdc        0x0
                0x0000000010007fdc                __flash_binary_end = .
                0x0000000020040000                __StackLimit = (ORIGIN (RAM) + LENGTH (RAM))
                0x0000000020041000                __StackOneTop = (ORIGIN (SCRATCH_X) + LENGTH (SCRATCH_X))
                0x0000000020042000                __StackTop = (ORIGIN (SCRATCH_Y) + LENGTH (SCRATCH_Y))
                0x0000000020041000                __StackOneBottom = (__StackOneTop - SIZEOF (.stack1_dummy))
                0x0000000020041800                __StackBottom = (__StackTop - SIZEOF (.stack_dummy))
                0x0000000020042000                PROVIDE (__stack = __StackTop)
                0x0000000000000001                ASSERT ((__StackLimit >= __HeapLimit), region RAM overflowed)
                0x0000000000000001                ASSERT (((__binary_info_header_end - __logical_binary_start) <= 0x100), Binary info must be in first 256 bytes of the binary)
LOAD CMakeFiles/flashlight.dir/flashlight.c.obj
LOAD CMakeFiles/flashlight.dir/neopixel.c.obj
LOAD CMakeFiles/flashlight.dir/home/ncm656112/ESE519_Lab/lab2A/pico-sdk/src/rp2_common/pico_stdlib/stdlib.c.obj
LOAD CMakeFiles/flashlight.dir/home/ncm656112/ESE519_Lab/lab2A/pico-sdk/src/rp2_common/hardware_gpio/gpio.c.obj
LOAD CMakeFiles/flashlight.dir/home/ncm656112/ESE519_Lab/lab2A/pico-sdk/src/rp2_common/hardware_claim/claim.c.obj
LOAD CMakeFiles/flashlight.dir/home/ncm656112/ESE519_Lab/lab2A/pico-sdk/src/rp2_common/pico_platform/platform.c.obj
LOAD CMakeFiles/flashlight.dir/home/ncm656112/ESE519_Lab/lab2A/pico-sdk/src/rp2_common/hardware_sync/sync.c.obj
LOAD CMakeFiles/flashlight.dir/home/ncm656112/ESE519_Lab/lab2A/pico-sdk/src/rp2_common/hardware_irq/irq.c.obj
LOAD CMakeFiles/flashlight.dir/home/ncm656112/ESE519_Lab/lab2A/pico-sdk/src/rp2_common/hardware_irq/irq_handler_chain.S.obj
LOAD CMakeFiles/flashlight.dir/home/ncm656112/ESE519_Lab/lab2A/pico-sdk/src/common/pico_sync/sem.c.obj
LOAD CMakeFiles/flashlight.dir/home/ncm656112/ESE519_Lab/lab2A/pico-sdk/src/common/pico_sync/lock_core.c.obj
LOAD CMakeFiles/flashlight.dir/home/ncm656112/ESE519_Lab/lab2A/pico-sdk/src/common/pico_time/time.c.obj
LOAD CMakeFiles/flashlight.dir/home/ncm656112/ESE519_Lab/lab2A/pico-sdk/src/common/pico_time/timeout_helper.c.obj
LOAD CMakeFiles/flashlight.dir/home/ncm656112/ESE519_Lab/lab2A/pico-sdk/src/rp2_common/hardware_timer/timer.c.obj
LOAD CMakeFiles/flashlight.dir/home/ncm656112/ESE519_Lab/lab2A/pico-sdk/src/common/pico_util/datetime.c.obj
LOAD CMakeFiles/flashlight.dir/home/ncm656112/ESE519_Lab/lab2A/pico-sdk/src/common/pico_util/pheap.c.obj
LOAD CMakeFiles/flashlight.dir/home/ncm656112/ESE519_Lab/lab2A/pico-sdk/src/common/pico_util/queue.c.obj
LOAD CMakeFiles/flashlight.dir/home/ncm656112/ESE519_Lab/lab2A/pico-sdk/src/common/pico_sync/mutex.c.obj
LOAD CMakeFiles/flashlight.dir/home/ncm656112/ESE519_Lab/lab2A/pico-sdk/src/common/pico_sync/critical_section.c.obj
LOAD CMakeFiles/flashlight.dir/home/ncm656112/ESE519_Lab/lab2A/pico-sdk/src/rp2_common/hardware_uart/uart.c.obj
LOAD CMakeFiles/flashlight.dir/home/ncm656112/ESE519_Lab/lab2A/pico-sdk/src/rp2_common/hardware_divider/divider.S.obj
LOAD CMakeFiles/flashlight.dir/home/ncm656112/ESE519_Lab/lab2A/pico-sdk/src/rp2_common/pico_runtime/runtime.c.obj
LOAD CMakeFiles/flashlight.dir/home/ncm656112/ESE519_Lab/lab2A/pico-sdk/src/rp2_common/hardware_clocks/clocks.c.obj
LOAD CMakeFiles/flashlight.dir/home/ncm656112/ESE519_Lab/lab2A/pico-sdk/src/rp2_common/hardware_pll/pll.c.obj
LOAD CMakeFiles/flashlight.dir/home/ncm656112/ESE519_Lab/lab2A/pico-sdk/src/rp2_common/hardware_vreg/vreg.c.obj
LOAD CMakeFiles/flashlight.dir/home/ncm656112/ESE519_Lab/lab2A/pico-sdk/src/rp2_common/hardware_watchdog/watchdog.c.obj
LOAD CMakeFiles/flashlight.dir/home/ncm656112/ESE519_Lab/lab2A/pico-sdk/src/rp2_common/hardware_xosc/xosc.c.obj
LOAD CMakeFiles/flashlight.dir/home/ncm656112/ESE519_Lab/lab2A/pico-sdk/src/rp2_common/pico_printf/printf.c.obj
LOAD CMakeFiles/flashlight.dir/home/ncm656112/ESE519_Lab/lab2A/pico-sdk/src/rp2_common/pico_bit_ops/bit_ops_aeabi.S.obj
LOAD CMakeFiles/flashlight.dir/home/ncm656112/ESE519_Lab/lab2A/pico-sdk/src/rp2_common/pico_bootrom/bootrom.c.obj
LOAD CMakeFiles/flashlight.dir/home/ncm656112/ESE519_Lab/lab2A/pico-sdk/src/rp2_common/pico_divider/divider.S.obj
LOAD CMakeFiles/flashlight.dir/home/ncm656112/ESE519_Lab/lab2A/pico-sdk/src/rp2_common/pico_double/double_aeabi.S.obj
LOAD CMakeFiles/flashlight.dir/home/ncm656112/ESE519_Lab/lab2A/pico-sdk/src/rp2_common/pico_double/double_init_rom.c.obj
LOAD CMakeFiles/flashlight.dir/home/ncm656112/ESE519_Lab/lab2A/pico-sdk/src/rp2_common/pico_double/double_math.c.obj
LOAD CMakeFiles/flashlight.dir/home/ncm656112/ESE519_Lab/lab2A/pico-sdk/src/rp2_common/pico_double/double_v1_rom_shim.S.obj
LOAD CMakeFiles/flashlight.dir/home/ncm656112/ESE519_Lab/lab2A/pico-sdk/src/rp2_common/pico_int64_ops/pico_int64_ops_aeabi.S.obj
LOAD CMakeFiles/flashlight.dir/home/ncm656112/ESE519_Lab/lab2A/pico-sdk/src/rp2_common/pico_float/float_aeabi.S.obj
LOAD CMakeFiles/flashlight.dir/home/ncm656112/ESE519_Lab/lab2A/pico-sdk/src/rp2_common/pico_float/float_init_rom.c.obj
LOAD CMakeFiles/flashlight.dir/home/ncm656112/ESE519_Lab/lab2A/pico-sdk/src/rp2_common/pico_float/float_math.c.obj
LOAD CMakeFiles/flashlight.dir/home/ncm656112/ESE519_Lab/lab2A/pico-sdk/src/rp2_common/pico_float/float_v1_rom_shim.S.obj
LOAD CMakeFiles/flashlight.dir/home/ncm656112/ESE519_Lab/lab2A/pico-sdk/src/rp2_common/pico_malloc/pico_malloc.c.obj
LOAD CMakeFiles/flashlight.dir/home/ncm656112/ESE519_Lab/lab2A/pico-sdk/src/rp2_common/pico_mem_ops/mem_ops_aeabi.S.obj
LOAD CMakeFiles/flashlight.dir/home/ncm656112/ESE519_Lab/lab2A/pico-sdk/src/rp2_common/pico_standard_link/crt0.S.obj
LOAD CMakeFiles/flashlight.dir/home/ncm656112/ESE519_Lab/lab2A/pico-sdk/src/rp2_common/pico_standard_link/new_delete.cpp.obj
LOAD CMakeFiles/flashlight.dir/home/ncm656112/ESE519_Lab/lab2A/pico-sdk/src/rp2_common/pico_standard_link/binary_info.c.obj
LOAD CMakeFiles/flashlight.dir/home/ncm656112/ESE519_Lab/lab2A/pico-sdk/src/rp2_common/pico_stdio/stdio.c.obj
LOAD CMakeFiles/flashlight.dir/home/ncm656112/ESE519_Lab/lab2A/pico-sdk/src/rp2_common/pico_stdio_usb/reset_interface.c.obj
LOAD CMakeFiles/flashlight.dir/home/ncm656112/ESE519_Lab/lab2A/pico-sdk/src/rp2_common/pico_stdio_usb/stdio_usb.c.obj
LOAD CMakeFiles/flashlight.dir/home/ncm656112/ESE519_Lab/lab2A/pico-sdk/src/rp2_common/pico_stdio_usb/stdio_usb_descriptors.c.obj
LOAD CMakeFiles/flashlight.dir/home/ncm656112/ESE519_Lab/lab2A/pico-sdk/lib/tinyusb/src/portable/raspberrypi/rp2040/dcd_rp2040.c.obj
LOAD CMakeFiles/flashlight.dir/home/ncm656112/ESE519_Lab/lab2A/pico-sdk/lib/tinyusb/src/portable/raspberrypi/rp2040/rp2040_usb.c.obj
LOAD CMakeFiles/flashlight.dir/home/ncm656112/ESE519_Lab/lab2A/pico-sdk/lib/tinyusb/src/device/usbd.c.obj
LOAD CMakeFiles/flashlight.dir/home/ncm656112/ESE519_Lab/lab2A/pico-sdk/lib/tinyusb/src/device/usbd_control.c.obj
LOAD CMakeFiles/flashlight.dir/home/ncm656112/ESE519_Lab/lab2A/pico-sdk/lib/tinyusb/src/class/audio/audio_device.c.obj
LOAD CMakeFiles/flashlight.dir/home/ncm656112/ESE519_Lab/lab2A/pico-sdk/lib/tinyusb/src/class/cdc/cdc_device.c.obj
LOAD CMakeFiles/flashlight.dir/home/ncm656112/ESE519_Lab/lab2A/pico-sdk/lib/tinyusb/src/class/dfu/dfu_device.c.obj
LOAD CMakeFiles/flashlight.dir/home/ncm656112/ESE519_Lab/lab2A/pico-sdk/lib/tinyusb/src/class/dfu/dfu_rt_device.c.obj
LOAD CMakeFiles/flashlight.dir/home/ncm656112/ESE519_Lab/lab2A/pico-sdk/lib/tinyusb/src/class/hid/hid_device.c.obj
LOAD CMakeFiles/flashlight.dir/home/ncm656112/ESE519_Lab/lab2A/pico-sdk/lib/tinyusb/src/class/midi/midi_device.c.obj
LOAD CMakeFiles/flashlight.dir/home/ncm656112/ESE519_Lab/lab2A/pico-sdk/lib/tinyusb/src/class/msc/msc_device.c.obj
LOAD CMakeFiles/flashlight.dir/home/ncm656112/ESE519_Lab/lab2A/pico-sdk/lib/tinyusb/src/class/net/ecm_rndis_device.c.obj
LOAD CMakeFiles/flashlight.dir/home/ncm656112/ESE519_Lab/lab2A/pico-sdk/lib/tinyusb/src/class/net/ncm_device.c.obj
LOAD CMakeFiles/flashlight.dir/home/ncm656112/ESE519_Lab/lab2A/pico-sdk/lib/tinyusb/src/class/usbtmc/usbtmc_device.c.obj
LOAD CMakeFiles/flashlight.dir/home/ncm656112/ESE519_Lab/lab2A/pico-sdk/lib/tinyusb/src/class/vendor/vendor_device.c.obj
LOAD CMakeFiles/flashlight.dir/home/ncm656112/ESE519_Lab/lab2A/pico-sdk/lib/tinyusb/src/class/video/video_device.c.obj
LOAD CMakeFiles/flashlight.dir/home/ncm656112/ESE519_Lab/lab2A/pico-sdk/lib/tinyusb/src/tusb.c.obj
LOAD CMakeFiles/flashlight.dir/home/ncm656112/ESE519_Lab/lab2A/pico-sdk/lib/tinyusb/src/common/tusb_fifo.c.obj
LOAD CMakeFiles/flashlight.dir/home/ncm656112/ESE519_Lab/lab2A/pico-sdk/src/rp2_common/pico_fix/rp2040_usb_device_enumeration/rp2040_usb_device_enumeration.c.obj
LOAD CMakeFiles/flashlight.dir/home/ncm656112/ESE519_Lab/lab2A/pico-sdk/src/rp2_common/pico_unique_id/unique_id.c.obj
LOAD CMakeFiles/flashlight.dir/home/ncm656112/ESE519_Lab/lab2A/pico-sdk/src/rp2_common/hardware_flash/flash.c.obj
LOAD CMakeFiles/flashlight.dir/home/ncm656112/ESE519_Lab/lab2A/pico-sdk/src/rp2_common/hardware_pio/pio.c.obj
LOAD /tmp/cc6vnzPZ.o
LOAD /usr/lib/gcc/arm-none-eabi/10.3.1/../../../arm-none-eabi/lib/thumb/v6-m/nofp/libstdc++.a
LOAD /usr/lib/gcc/arm-none-eabi/10.3.1/../../../arm-none-eabi/lib/thumb/v6-m/nofp/libm.a
START GROUP
LOAD /usr/lib/gcc/arm-none-eabi/10.3.1/thumb/v6-m/nofp/libgcc.a
LOAD /usr/lib/gcc/arm-none-eabi/10.3.1/../../../arm-none-eabi/lib/thumb/v6-m/nofp/libc.a
END GROUP
START GROUP
LOAD /usr/lib/gcc/arm-none-eabi/10.3.1/thumb/v6-m/nofp/libgcc.a