Archive member included to satisfy reference by file (symbol)

/usr/lib/gcc/arm-none-eabi/10.3.1/thumb/v6-m/nofp/libgcc.a(_dvmd_tls.o)
                              CMakeFiles/apds_C.dir/home/ncm656112/ESE519_Lab/lab2A/pico-sdk/src/rp2_common/pico_divider/divider.S.obj (__aeabi_idiv0)
/usr/lib/gcc/arm-none-eabi/10.3.1/../../../arm-none-eabi/lib/thumb/v6-m/nofp/libc.a(lib_a-atexit.o)
                              /usr/lib/gcc/arm-none-eabi/10.3.1/../../../arm-none-eabi/lib/thumb/v6-m/nofp/crt0.o (atexit)
/usr/lib/gcc/arm-none-eabi/10.3.1/../../../arm-none-eabi/lib/thumb/v6-m/nofp/libc.a(lib_a-calloc.o)
                              CMakeFiles/apds_C.dir/home/ncm656112/ESE519_Lab/lab2A/pico-sdk/src/rp2_common/pico_malloc/pico_malloc.c.obj (calloc)
/usr/lib/gcc/arm-none-eabi/10.3.1/../../../arm-none-eabi/lib/thumb/v6-m/nofp/libc.a(lib_a-callocr.o)
                              /usr/lib/gcc/arm-none-eabi/10.3.1/../../../arm-none-eabi/lib/thumb/v6-m/nofp/libc.a(lib_a-calloc.o) (_calloc_r)
/usr/lib/gcc/arm-none-eabi/10.3.1/../../../arm-none-eabi/lib/thumb/v6-m/nofp/libc.a(lib_a-fini.o)
                              /usr/lib/gcc/arm-none-eabi/10.3.1/../../../arm-none-eabi/lib/thumb/v6-m/nofp/crt0.o (__libc_fini_array)
/usr/lib/gcc/arm-none-eabi/10.3.1/../../../arm-none-eabi/lib/thumb/v6-m/nofp/libc.a(lib_a-impure.o)
                              /usr/lib/gcc/arm-none-eabi/10.3.1/../../../arm-none-eabi/lib/thumb/v6-m/nofp/libc.a(lib_a-calloc.o) (_impure_ptr)
/usr/lib/gcc/arm-none-eabi/10.3.1/../../../arm-none-eabi/lib/thumb/v6-m/nofp/libc.a(lib_a-init.o)
                              /usr/lib/gcc/arm-none-eabi/10.3.1/../../../arm-none-eabi/lib/thumb/v6-m/nofp/crt0.o (__libc_init_array)
/usr/lib/gcc/arm-none-eabi/10.3.1/../../../arm-none-eabi/lib/thumb/v6-m/nofp/libc.a(lib_a-malloc.o)
                              CMakeFiles/apds_C.dir/home/ncm656112/ESE519_Lab/lab2A/pico-sdk/src/rp2_common/pico_malloc/pico_malloc.c.obj (malloc)
/usr/lib/gcc/arm-none-eabi/10.3.1/../../../arm-none-eabi/lib/thumb/v6-m/nofp/libc.a(lib_a-mallocr.o)
                              /usr/lib/gcc/arm-none-eabi/10.3.1/../../../arm-none-eabi/lib/thumb/v6-m/nofp/libc.a(lib_a-callocr.o) (_malloc_r)
/usr/lib/gcc/arm-none-eabi/10.3.1/../../../arm-none-eabi/lib/thumb/v6-m/nofp/libc.a(lib_a-mlock.o)
                              /usr/lib/gcc/arm-none-eabi/10.3.1/../../../arm-none-eabi/lib/thumb/v6-m/nofp/libc.a(lib_a-mallocr.o) (__malloc_lock)
/usr/lib/gcc/arm-none-eabi/10.3.1/../../../arm-none-eabi/lib/thumb/v6-m/nofp/libc.a(lib_a-realloc.o)
                              CMakeFiles/apds_C.dir/home/ncm656112/ESE519_Lab/lab2A/pico-sdk/src/rp2_common/pico_malloc/pico_malloc.c.obj (realloc)
/usr/lib/gcc/arm-none-eabi/10.3.1/../../../arm-none-eabi/lib/thumb/v6-m/nofp/libc.a(lib_a-reallocr.o)
                              /usr/lib/gcc/arm-none-eabi/10.3.1/../../../arm-none-eabi/lib/thumb/v6-m/nofp/libc.a(lib_a-realloc.o) (_realloc_r)
/usr/lib/gcc/arm-none-eabi/10.3.1/../../../arm-none-eabi/lib/thumb/v6-m/nofp/libc.a(lib_a-sbrkr.o)
                              /usr/lib/gcc/arm-none-eabi/10.3.1/../../../arm-none-eabi/lib/thumb/v6-m/nofp/libc.a(lib_a-mallocr.o) (_sbrk_r)
/usr/lib/gcc/arm-none-eabi/10.3.1/../../../arm-none-eabi/lib/thumb/v6-m/nofp/libc.a(lib_a-strlen-stub.o)
                              CMakeFiles/apds_C.dir/home/ncm656112/ESE519_Lab/lab2A/pico-sdk/src/rp2_common/pico_stdio/stdio.c.obj (strlen)
/usr/lib/gcc/arm-none-eabi/10.3.1/../../../arm-none-eabi/lib/thumb/v6-m/nofp/libc.a(lib_a-__atexit.o)
                              /usr/lib/gcc/arm-none-eabi/10.3.1/../../../arm-none-eabi/lib/thumb/v6-m/nofp/libc.a(lib_a-atexit.o) (__register_exitproc)
/usr/lib/gcc/arm-none-eabi/10.3.1/../../../arm-none-eabi/lib/thumb/v6-m/nofp/libc.a(lib_a-freer.o)
                              /usr/lib/gcc/arm-none-eabi/10.3.1/../../../arm-none-eabi/lib/thumb/v6-m/nofp/libc.a(lib_a-malloc.o) (_free_r)
/usr/lib/gcc/arm-none-eabi/10.3.1/../../../arm-none-eabi/lib/thumb/v6-m/nofp/libc.a(lib_a-memmove.o)
                              /usr/lib/gcc/arm-none-eabi/10.3.1/../../../arm-none-eabi/lib/thumb/v6-m/nofp/libc.a(lib_a-reallocr.o) (memmove)
/usr/lib/gcc/arm-none-eabi/10.3.1/../../../arm-none-eabi/lib/thumb/v6-m/nofp/libc.a(lib_a-reent.o)
                              /usr/lib/gcc/arm-none-eabi/10.3.1/../../../arm-none-eabi/lib/thumb/v6-m/nofp/libc.a(lib_a-sbrkr.o) (errno)

Discarded input sections

 .text          0x0000000000000000        0x0 /usr/lib/gcc/arm-none-eabi/10.3.1/thumb/v6-m/nofp/crti.o
 .data          0x0000000000000000        0x0 /usr/lib/gcc/arm-none-eabi/10.3.1/thumb/v6-m/nofp/crti.o
 .bss           0x0000000000000000        0x0 /usr/lib/gcc/arm-none-eabi/10.3.1/thumb/v6-m/nofp/crti.o
 .data          0x0000000000000000        0x4 /usr/lib/gcc/arm-none-eabi/10.3.1/thumb/v6-m/nofp/crtbegin.o
 .rodata        0x0000000000000000       0x24 /usr/lib/gcc/arm-none-eabi/10.3.1/thumb/v6-m/nofp/crtbegin.o
[...]
Memory Configuration

Name             Origin             Length             Attributes
FLASH            0x0000000010000000 0x0000000000200000 xr
RAM              0x0000000020000000 0x0000000000040000 xrw
SCRATCH_X        0x0000000020040000 0x0000000000001000 xrw
SCRATCH_Y        0x0000000020041000 0x0000000000001000 xrw
*default*        0x0000000000000000 0xffffffffffffffff

Linker script and memory map

LOAD /usr/lib/gcc/arm-none-eabi/10.3.1/thumb/v6-m/nofp/crti.o
LOAD /usr/lib/gcc/arm-none-eabi/10.3.1/thumb/v6-m/nofp/crtbegin.o
LOAD /usr/lib/gcc/arm-none-eabi/10.3.1/../../../arm-none-eabi/lib/thumb/v6-m/nofp/crt0.o

.flash_begin    0x0000000010000000        0x0
                0x0000000010000000                __flash_binary_start = .

.boot2          0x0000000010000000      0x100
                0x0000000010000000                __boot2_start__ = .
 *(.boot2)
 .boot2         0x0000000010000000      0x100 /tmp/cca3lnml.o
                0x0000000010000100                __boot2_end__ = .
                0x0000000000000001                ASSERT (((__boot2_end__ - __boot2_start__) == 0x100), ERROR: Pico second stage bootloader must be 256 bytes in size)

.text           0x0000000010000100     0x7ca8
                0x0000000010000100                __logical_binary_start = .
 *(.vectors)
 .vectors       0x0000000010000100       0xd4 CMakeFiles/apds_C.dir/home/ncm656112/ESE519_Lab/lab2A/pico-sdk/src/rp2_common/pico_standard_link/crt0.S.obj
                0x0000000010000100                __vectors
                0x0000000010000100                __VECTOR_TABLE
                0x00000000100001c0                isr_invalid
                0x00000000100001c0                __default_isrs_start
                0x00000000100001c2                isr_nmi
                0x00000000100001c4                isr_hardfault
                0x00000000100001c6                isr_svcall
                0x00000000100001c8                isr_pendsv
                0x00000000100001ca                isr_systick
                0x00000000100001cc                isr_irq30
                0x00000000100001cc                __unhandled_user_irq
                0x00000000100001cc                isr_irq13
                0x00000000100001cc                isr_irq27
                0x00000000100001cc                isr_irq31
                0x00000000100001cc                isr_irq5
                0x00000000100001cc                isr_irq11
                0x00000000100001cc                isr_irq23
                0x00000000100001cc                isr_irq18
                0x00000000100001cc                isr_irq28
                0x00000000100001cc                isr_irq19
                0x00000000100001cc                isr_irq0
                0x00000000100001cc                isr_irq6
                0x00000000100001cc                isr_irq22
                0x00000000100001cc                isr_irq17
                0x00000000100001cc                isr_irq14
                0x00000000100001cc                isr_irq2
                0x00000000100001cc                isr_irq10
                0x00000000100001cc                isr_irq8
                0x00000000100001cc                isr_irq24
                0x00000000100001cc                isr_irq1
                0x00000000100001cc                isr_irq7
                0x00000000100001cc                isr_irq21
                0x00000000100001cc                isr_irq20
                0x00000000100001cc                isr_irq15
                0x00000000100001cc                isr_irq25
                0x00000000100001cc                isr_irq4
                0x00000000100001cc                isr_irq16
                0x00000000100001cc                isr_irq29
                0x00000000100001cc                isr_irq26
                0x00000000100001cc                __default_isrs_end
                0x00000000100001cc                isr_irq3
                0x00000000100001cc                isr_irq12
                0x00000000100001cc                isr_irq9
                0x00000000100001d2                unhandled_user_irq_num_in_r0
 *(.binary_info_header)
 .binary_info_header
                0x00000000100001d4       0x14 CMakeFiles/apds_C.dir/home/ncm656112/ESE519_Lab/lab2A/pico-sdk/src/rp2_common/pico_standard_link/crt0.S.obj
                0x00000000100001e8                __binary_info_header_end = .
 *(.reset)
 .reset         0x00000000100001e8       0xa8 CMakeFiles/apds_C.dir/home/ncm656112/ESE519_Lab/lab2A/pico-sdk/src/rp2_common/pico_standard_link/crt0.S.obj
                0x00000000100001e8                _entry_point
                0x0000000010000266                __get_current_exception
 .reset         0x0000000010000290       0x30 CMakeFiles/apds_C.dir/home/ncm656112/ESE519_Lab/lab2A/pico-sdk/src/rp2_common/pico_standard_link/binary_info.c.obj
 *(.init)
 .init          0x00000000100002c0        0x4 /usr/lib/gcc/arm-none-eabi/10.3.1/thumb/v6-m/nofp/crti.o
                0x00000000100002c0                _init
 *(EXCLUDE_FILE(*libm.a: *libc.a:*lib_a-mem*.o *libgcc.a:) .text*)
 .text          0x00000000100002c4       0x98 /usr/lib/gcc/arm-none-eabi/10.3.1/thumb/v6-m/nofp/crtbegin.o
 .text.startup.main
                0x000000001000035c      0x2b8 CMakeFiles/apds_C.dir/main.c.obj
                0x000000001000035c                main
 .text.pio_i2c_stop
                0x0000000010000614       0xa0 CMakeFiles/apds_C.dir/pio_i2c.c.obj
                0x0000000010000614                pio_i2c_stop
 .text.pio_i2c_write_blocking
                0x00000000100006b4      0x19c CMakeFiles/apds_C.dir/pio_i2c.c.obj
                0x00000000100006b4                pio_i2c_write_blocking
 .text.pio_i2c_read_blocking
                0x0000000010000850      0x228 CMakeFiles/apds_C.dir/pio_i2c.c.obj
                0x0000000010000850                pio_i2c_read_blocking
 .text.APDS9960_init
                0x0000000010000a78       0x4c CMakeFiles/apds_C.dir/APDS9960.c.obj
                0x0000000010000a78                APDS9960_init
 .text.read_value
                0x0000000010000ac4       0xb4 CMakeFiles/apds_C.dir/APDS9960.c.obj
                0x0000000010000ac4                read_value
 .text.set_neopixel_color
                0x0000000010000b78       0x3c CMakeFiles/apds_C.dir/ws2812.c.obj
                0x0000000010000b78                set_neopixel_color
 .text.rgb_to_neopixel
                0x0000000010000bb4        0xc CMakeFiles/apds_C.dir/ws2812.c.obj
                0x0000000010000bb4                rgb_to_neopixel
 .text.gpio_set_function
                0x0000000010000bc0       0x30 CMakeFiles/apds_C.dir/home/ncm656112/ESE519_Lab/lab2A/pico-sdk/src/rp2_common/hardware_gpio/gpio.c.obj
                0x0000000010000bc0                gpio_set_function
 .text.gpio_set_pulls
                0x0000000010000bf0       0x30 CMakeFiles/apds_C.dir/home/ncm656112/ESE519_Lab/lab2A/pico-sdk/src/rp2_common/hardware_gpio/gpio.c.obj
                0x0000000010000bf0                gpio_set_pulls
 .text.gpio_set_oeover
                0x0000000010000c20       0x24 CMakeFiles/apds_C.dir/home/ncm656112/ESE519_Lab/lab2A/pico-sdk/src/rp2_common/hardware_gpio/gpio.c.obj
                0x0000000010000c20                gpio_set_oeover
 .text.gpio_init
                0x0000000010000c44       0x3c CMakeFiles/apds_C.dir/home/ncm656112/ESE519_Lab/lab2A/pico-sdk/src/rp2_common/hardware_gpio/gpio.c.obj
                0x0000000010000c44                gpio_init
 .text.hw_claim_lock
                0x0000000010000c80       0x18 CMakeFiles/apds_C.dir/home/ncm656112/ESE519_Lab/lab2A/pico-sdk/src/rp2_common/hardware_claim/claim.c.obj
                0x0000000010000c80                hw_claim_lock
 .text.hw_claim_unlock
                0x0000000010000c98       0x14 CMakeFiles/apds_C.dir/home/ncm656112/ESE519_Lab/lab2A/pico-sdk/src/rp2_common/hardware_claim/claim.c.obj
                0x0000000010000c98                hw_claim_unlock
 .text.hw_claim_or_assert
                0x0000000010000cac       0x44 CMakeFiles/apds_C.dir/home/ncm656112/ESE519_Lab/lab2A/pico-sdk/src/rp2_common/hardware_claim/claim.c.obj
                0x0000000010000cac                hw_claim_or_assert
 .text.hw_claim_unused_from_range
                0x0000000010000cf0       0x9c CMakeFiles/apds_C.dir/home/ncm656112/ESE519_Lab/lab2A/pico-sdk/src/rp2_common/hardware_claim/claim.c.obj
                0x0000000010000cf0                hw_claim_unused_from_range
 .text.running_on_fpga
                0x0000000010000d8c       0x10 CMakeFiles/apds_C.dir/home/ncm656112/ESE519_Lab/lab2A/pico-sdk/src/rp2_common/pico_platform/platform.c.obj
                0x0000000010000d8c                running_on_fpga
 .text.spin_locks_reset
                0x0000000010000d9c       0x1c CMakeFiles/apds_C.dir/home/ncm656112/ESE519_Lab/lab2A/pico-sdk/src/rp2_common/hardware_sync/sync.c.obj
                0x0000000010000d9c                spin_locks_reset
 .text.next_striped_spin_lock_num
                0x0000000010000db8       0x18 CMakeFiles/apds_C.dir/home/ncm656112/ESE519_Lab/lab2A/pico-sdk/src/rp2_common/hardware_sync/sync.c.obj
                0x0000000010000db8                next_striped_spin_lock_num
 .text.spin_lock_claim_unused
                0x0000000010000dd0       0x20 CMakeFiles/apds_C.dir/home/ncm656112/ESE519_Lab/lab2A/pico-sdk/src/rp2_common/hardware_sync/sync.c.obj
                0x0000000010000dd0                spin_lock_claim_unused
 .text.irq_set_enabled
                0x0000000010000df0       0x24 CMakeFiles/apds_C.dir/home/ncm656112/ESE519_Lab/lab2A/pico-sdk/src/rp2_common/hardware_irq/irq.c.obj
                0x0000000010000df0                irq_set_enabled
 .text.irq_set_pending
                0x0000000010000e14       0x10 CMakeFiles/apds_C.dir/home/ncm656112/ESE519_Lab/lab2A/pico-sdk/src/rp2_common/hardware_irq/irq.c.obj
                0x0000000010000e14                irq_set_pending
 .text.irq_has_shared_handler
                0x0000000010000e24       0x2c CMakeFiles/apds_C.dir/home/ncm656112/ESE519_Lab/lab2A/pico-sdk/src/rp2_common/hardware_irq/irq.c.obj
                0x0000000010000e24                irq_has_shared_handler
 .text.irq_get_vtable_handler
                0x0000000010000e50       0x10 CMakeFiles/apds_C.dir/home/ncm656112/ESE519_Lab/lab2A/pico-sdk/src/rp2_common/hardware_irq/irq.c.obj
                0x0000000010000e50                irq_get_vtable_handler
 .text.irq_set_exclusive_handler
                0x0000000010000e60       0x54 CMakeFiles/apds_C.dir/home/ncm656112/ESE519_Lab/lab2A/pico-sdk/src/rp2_common/hardware_irq/irq.c.obj
                0x0000000010000e60                irq_set_exclusive_handler
 .text.irq_add_shared_handler
                0x0000000010000eb4      0x1e4 CMakeFiles/apds_C.dir/home/ncm656112/ESE519_Lab/lab2A/pico-sdk/src/rp2_common/hardware_irq/irq.c.obj
                0x0000000010000eb4                irq_add_shared_handler
 .text.irq_remove_handler
                0x0000000010001098      0x1b4 CMakeFiles/apds_C.dir/home/ncm656112/ESE519_Lab/lab2A/pico-sdk/src/rp2_common/hardware_irq/irq.c.obj
                0x0000000010001098                irq_remove_handler
 .text.irq_add_tail_to_free_list
                0x000000001000124c       0xb4 CMakeFiles/apds_C.dir/home/ncm656112/ESE519_Lab/lab2A/pico-sdk/src/rp2_common/hardware_irq/irq.c.obj
                0x000000001000124c                irq_add_tail_to_free_list
 .text.irq_init_priorities
                0x0000000010001300       0x24 CMakeFiles/apds_C.dir/home/ncm656112/ESE519_Lab/lab2A/pico-sdk/src/rp2_common/hardware_irq/irq.c.obj
                0x0000000010001300                irq_init_priorities
 .text.user_irq_claim_unused
                0x0000000010001324       0x30 CMakeFiles/apds_C.dir/home/ncm656112/ESE519_Lab/lab2A/pico-sdk/src/rp2_common/hardware_irq/irq.c.obj
                0x0000000010001324                user_irq_claim_unused
 .text.lock_init
                0x0000000010001354       0x10 CMakeFiles/apds_C.dir/home/ncm656112/ESE519_Lab/lab2A/pico-sdk/src/common/pico_sync/lock_core.c.obj
                0x0000000010001354                lock_init
 .text.timer_pool_entry_comparator
                0x0000000010001364       0x34 CMakeFiles/apds_C.dir/home/ncm656112/ESE519_Lab/lab2A/pico-sdk/src/common/pico_time/time.c.obj
                0x0000000010001364                timer_pool_entry_comparator
 .text.sleep_until_callback
                0x0000000010001398       0x30 CMakeFiles/apds_C.dir/home/ncm656112/ESE519_Lab/lab2A/pico-sdk/src/common/pico_time/time.c.obj
 .text.add_alarm_under_lock.isra.0
                0x00000000100013c8      0x100 CMakeFiles/apds_C.dir/home/ncm656112/ESE519_Lab/lab2A/pico-sdk/src/common/pico_time/time.c.obj
 .text.alarm_pool_alarm_callback
                0x00000000100014c8      0x1c8 CMakeFiles/apds_C.dir/home/ncm656112/ESE519_Lab/lab2A/pico-sdk/src/common/pico_time/time.c.obj
 .text.alarm_pool_add_alarm_at.constprop.0
                0x0000000010001690      0x11c CMakeFiles/apds_C.dir/home/ncm656112/ESE519_Lab/lab2A/pico-sdk/src/common/pico_time/time.c.obj
 .text.alarm_pool_init_default
                0x00000000100017ac       0x64 CMakeFiles/apds_C.dir/home/ncm656112/ESE519_Lab/lab2A/pico-sdk/src/common/pico_time/time.c.obj
                0x00000000100017ac                alarm_pool_init_default
 .text.alarm_pool_get_default
                0x0000000010001810        0x8 CMakeFiles/apds_C.dir/home/ncm656112/ESE519_Lab/lab2A/pico-sdk/src/common/pico_time/time.c.obj
                0x0000000010001810                alarm_pool_get_default
 .text.alarm_pool_add_alarm_at
                0x0000000010001818      0x194 CMakeFiles/apds_C.dir/home/ncm656112/ESE519_Lab/lab2A/pico-sdk/src/common/pico_time/time.c.obj
                0x0000000010001818                alarm_pool_add_alarm_at
 .text.sleep_until
                0x00000000100019ac       0xac CMakeFiles/apds_C.dir/home/ncm656112/ESE519_Lab/lab2A/pico-sdk/src/common/pico_time/time.c.obj
                0x00000000100019ac                sleep_until
 .text.sleep_ms
                0x0000000010001a58       0x38 CMakeFiles/apds_C.dir/home/ncm656112/ESE519_Lab/lab2A/pico-sdk/src/common/pico_time/time.c.obj
                0x0000000010001a58                sleep_ms
 .text.best_effort_wfe_or_timeout
                0x0000000010001a90       0xd4 CMakeFiles/apds_C.dir/home/ncm656112/ESE519_Lab/lab2A/pico-sdk/src/common/pico_time/time.c.obj
                0x0000000010001a90                best_effort_wfe_or_timeout
 .text.hardware_alarm_irq_handler
                0x0000000010001b64       0xb8 CMakeFiles/apds_C.dir/home/ncm656112/ESE519_Lab/lab2A/pico-sdk/src/rp2_common/hardware_timer/timer.c.obj
 .text.hardware_alarm_claim
                0x0000000010001c1c       0x18 CMakeFiles/apds_C.dir/home/ncm656112/ESE519_Lab/lab2A/pico-sdk/src/rp2_common/hardware_timer/timer.c.obj
                0x0000000010001c1c                hardware_alarm_claim
 .text.time_us_64
                0x0000000010001c34       0x14 CMakeFiles/apds_C.dir/home/ncm656112/ESE519_Lab/lab2A/pico-sdk/src/rp2_common/hardware_timer/timer.c.obj
                0x0000000010001c34                time_us_64
 .text.busy_wait_until
                0x0000000010001c48       0x20 CMakeFiles/apds_C.dir/home/ncm656112/ESE519_Lab/lab2A/pico-sdk/src/rp2_common/hardware_timer/timer.c.obj
                0x0000000010001c48                busy_wait_until
 .text.hardware_alarm_set_callback
                0x0000000010001c68       0x8c CMakeFiles/apds_C.dir/home/ncm656112/ESE519_Lab/lab2A/pico-sdk/src/rp2_common/hardware_timer/timer.c.obj
                0x0000000010001c68                hardware_alarm_set_callback
 .text.hardware_alarm_set_target
                0x0000000010001cf4       0xe0 CMakeFiles/apds_C.dir/home/ncm656112/ESE519_Lab/lab2A/pico-sdk/src/rp2_common/hardware_timer/timer.c.obj
                0x0000000010001cf4                hardware_alarm_set_target
 .text.hardware_alarm_cancel
                0x0000000010001dd4       0x3c CMakeFiles/apds_C.dir/home/ncm656112/ESE519_Lab/lab2A/pico-sdk/src/rp2_common/hardware_timer/timer.c.obj
                0x0000000010001dd4                hardware_alarm_cancel
 .text.ph_merge_nodes
                0x0000000010001e10       0x68 CMakeFiles/apds_C.dir/home/ncm656112/ESE519_Lab/lab2A/pico-sdk/src/common/pico_util/pheap.c.obj
 .text.ph_post_alloc_init
                0x0000000010001e78       0x3c CMakeFiles/apds_C.dir/home/ncm656112/ESE519_Lab/lab2A/pico-sdk/src/common/pico_util/pheap.c.obj
                0x0000000010001e78                ph_post_alloc_init
 .text.ph_merge_two_pass
                0x0000000010001eb4       0x90 CMakeFiles/apds_C.dir/home/ncm656112/ESE519_Lab/lab2A/pico-sdk/src/common/pico_util/pheap.c.obj
                0x0000000010001eb4                ph_merge_two_pass
 .text.ph_remove_any_head
                0x0000000010001f44       0xf8 CMakeFiles/apds_C.dir/home/ncm656112/ESE519_Lab/lab2A/pico-sdk/src/common/pico_util/pheap.c.obj
 .text.ph_remove_head
                0x000000001000203c       0xfc CMakeFiles/apds_C.dir/home/ncm656112/ESE519_Lab/lab2A/pico-sdk/src/common/pico_util/pheap.c.obj
                0x000000001000203c                ph_remove_head
 .text.ph_remove_and_free_node
                0x0000000010002138       0x7c CMakeFiles/apds_C.dir/home/ncm656112/ESE519_Lab/lab2A/pico-sdk/src/common/pico_util/pheap.c.obj
                0x0000000010002138                ph_remove_and_free_node
 .text.mutex_init
                0x00000000100021b4       0x1c CMakeFiles/apds_C.dir/home/ncm656112/ESE519_Lab/lab2A/pico-sdk/src/common/pico_sync/mutex.c.obj
                0x00000000100021b4                mutex_init
 .text.recursive_mutex_init
                0x00000000100021d0       0x1c CMakeFiles/apds_C.dir/home/ncm656112/ESE519_Lab/lab2A/pico-sdk/src/common/pico_sync/mutex.c.obj
                0x00000000100021d0                recursive_mutex_init
 .text.critical_section_init
                0x00000000100021ec       0x20 CMakeFiles/apds_C.dir/home/ncm656112/ESE519_Lab/lab2A/pico-sdk/src/common/pico_sync/critical_section.c.obj
                0x00000000100021ec                critical_section_init
 .text.runtime_init
                0x000000001000220c       0xf0 CMakeFiles/apds_C.dir/home/ncm656112/ESE519_Lab/lab2A/pico-sdk/src/rp2_common/pico_runtime/runtime.c.obj
                0x000000001000220c                runtime_init
 .text.exit     0x00000000100022fc        0x4 CMakeFiles/apds_C.dir/home/ncm656112/ESE519_Lab/lab2A/pico-sdk/src/rp2_common/pico_runtime/runtime.c.obj
                0x00000000100022fc                exit
 .text.panic    0x0000000010002300       0x30 CMakeFiles/apds_C.dir/home/ncm656112/ESE519_Lab/lab2A/pico-sdk/src/rp2_common/pico_runtime/runtime.c.obj
                0x0000000010002300                panic
 .text.hard_assertion_failure
                0x0000000010002330        0xc CMakeFiles/apds_C.dir/home/ncm656112/ESE519_Lab/lab2A/pico-sdk/src/rp2_common/pico_runtime/runtime.c.obj
                0x0000000010002330                hard_assertion_failure
 .text.clocks_init
                0x000000001000233c      0x2bc CMakeFiles/apds_C.dir/home/ncm656112/ESE519_Lab/lab2A/pico-sdk/src/rp2_common/hardware_clocks/clocks.c.obj
                0x000000001000233c                clocks_init
 .text.clock_get_hz
                0x00000000100025f8        0xc CMakeFiles/apds_C.dir/home/ncm656112/ESE519_Lab/lab2A/pico-sdk/src/rp2_common/hardware_clocks/clocks.c.obj
                0x00000000100025f8                clock_get_hz
 .text.pll_init
                0x0000000010002604       0xb0 CMakeFiles/apds_C.dir/home/ncm656112/ESE519_Lab/lab2A/pico-sdk/src/rp2_common/hardware_pll/pll.c.obj
                0x0000000010002604                pll_init
 .text.watchdog_start_tick
                0x00000000100026b4       0x10 CMakeFiles/apds_C.dir/home/ncm656112/ESE519_Lab/lab2A/pico-sdk/src/rp2_common/hardware_watchdog/watchdog.c.obj
                0x00000000100026b4                watchdog_start_tick
 .text.watchdog_reboot
                0x00000000100026c4       0x98 CMakeFiles/apds_C.dir/home/ncm656112/ESE519_Lab/lab2A/pico-sdk/src/rp2_common/hardware_watchdog/watchdog.c.obj
                0x00000000100026c4                watchdog_reboot
 .text.xosc_init
                0x000000001000275c       0x28 CMakeFiles/apds_C.dir/home/ncm656112/ESE519_Lab/lab2A/pico-sdk/src/rp2_common/hardware_xosc/xosc.c.obj
                0x000000001000275c                xosc_init
 .text._out_null
                0x0000000010002784        0x4 CMakeFiles/apds_C.dir/home/ncm656112/ESE519_Lab/lab2A/pico-sdk/src/rp2_common/pico_printf/printf.c.obj
 .text._out_rev
                0x0000000010002788       0x9c CMakeFiles/apds_C.dir/home/ncm656112/ESE519_Lab/lab2A/pico-sdk/src/rp2_common/pico_printf/printf.c.obj
 .text._ntoa_format
                0x0000000010002824      0x1cc CMakeFiles/apds_C.dir/home/ncm656112/ESE519_Lab/lab2A/pico-sdk/src/rp2_common/pico_printf/printf.c.obj
 .text._out_char
                0x00000000100029f0       0x10 CMakeFiles/apds_C.dir/home/ncm656112/ESE519_Lab/lab2A/pico-sdk/src/rp2_common/pico_printf/printf.c.obj
 .text._out_fct
                0x0000000010002a00       0x10 CMakeFiles/apds_C.dir/home/ncm656112/ESE519_Lab/lab2A/pico-sdk/src/rp2_common/pico_printf/printf.c.obj
 .text._etoa    0x0000000010002a10      0x44c CMakeFiles/apds_C.dir/home/ncm656112/ESE519_Lab/lab2A/pico-sdk/src/rp2_common/pico_printf/printf.c.obj
 .text._ftoa    0x0000000010002e5c      0x398 CMakeFiles/apds_C.dir/home/ncm656112/ESE519_Lab/lab2A/pico-sdk/src/rp2_common/pico_printf/printf.c.obj
 .text._vsnprintf
                0x00000000100031f4      0xb04 CMakeFiles/apds_C.dir/home/ncm656112/ESE519_Lab/lab2A/pico-sdk/src/rp2_common/pico_printf/printf.c.obj
 .text.vfctprintf
                0x0000000010003cf8       0x20 CMakeFiles/apds_C.dir/home/ncm656112/ESE519_Lab/lab2A/pico-sdk/src/rp2_common/pico_printf/printf.c.obj
                0x0000000010003cf8                vfctprintf
 .text.weak_raw_vprintf
                0x0000000010003d18       0x30 CMakeFiles/apds_C.dir/home/ncm656112/ESE519_Lab/lab2A/pico-sdk/src/rp2_common/pico_printf/printf.c.obj
                0x0000000010003d18                weak_raw_vprintf
 .text          0x0000000010003d48       0x10 CMakeFiles/apds_C.dir/home/ncm656112/ESE519_Lab/lab2A/pico-sdk/src/rp2_common/pico_bit_ops/bit_ops_aeabi.S.obj
 .text.ctzsi    0x0000000010003d58        0xc CMakeFiles/apds_C.dir/home/ncm656112/ESE519_Lab/lab2A/pico-sdk/src/rp2_common/pico_bit_ops/bit_ops_aeabi.S.obj
                0x0000000010003d58                __wrap___ctzsi2
 .text.rom_func_lookup
                0x0000000010003d64       0x10 CMakeFiles/apds_C.dir/home/ncm656112/ESE519_Lab/lab2A/pico-sdk/src/rp2_common/pico_bootrom/bootrom.c.obj
                0x0000000010003d64                rom_func_lookup
 .text.rom_data_lookup
                0x0000000010003d74       0x10 CMakeFiles/apds_C.dir/home/ncm656112/ESE519_Lab/lab2A/pico-sdk/src/rp2_common/pico_bootrom/bootrom.c.obj
                0x0000000010003d74                rom_data_lookup
 .text.rom_funcs_lookup
                0x0000000010003d84       0x44 CMakeFiles/apds_C.dir/home/ncm656112/ESE519_Lab/lab2A/pico-sdk/src/rp2_common/pico_bootrom/bootrom.c.obj
                0x0000000010003d84                rom_funcs_lookup
 .text.__wrap___aeabi_idiv
                0x0000000010003dc8       0x50 CMakeFiles/apds_C.dir/home/ncm656112/ESE519_Lab/lab2A/pico-sdk/src/rp2_common/pico_divider/divider.S.obj
                0x0000000010003dc8                __wrap___aeabi_idivmod
                0x0000000010003dc8                divmod_s32s32
                0x0000000010003dc8                div_s32s32
                0x0000000010003dc8                __wrap___aeabi_idiv
                0x0000000010003dd0                divmod_s32s32_unsafe
                0x0000000010003dfc                divmod_s32s32_savestate
 .text.__wrap___aeabi_uidiv
                0x0000000010003e18       0x4c CMakeFiles/apds_C.dir/home/ncm656112/ESE519_Lab/lab2A/pico-sdk/src/rp2_common/pico_divider/divider.S.obj
                0x0000000010003e18                __wrap___aeabi_uidiv
                0x0000000010003e18                __wrap___aeabi_uidivmod
                0x0000000010003e18                div_u32u32
                0x0000000010003e18                divmod_u32u32
                0x0000000010003e20                divmod_u32u32_unsafe
                0x0000000010003e48                divmod_u32u32_savestate
 .text.__wrap___aeabi_ldiv
                0x0000000010003e64      0x434 CMakeFiles/apds_C.dir/home/ncm656112/ESE519_Lab/lab2A/pico-sdk/src/rp2_common/pico_divider/divider.S.obj
                0x0000000010003e64                div_s64s64
                0x0000000010003e64                divmod_s64s64
                0x0000000010003e64                __wrap___aeabi_ldivmod
                0x0000000010003e9c                div_u64u64
                0x0000000010003e9c                divmod_u64u64
                0x0000000010003e9c                __wrap___aeabi_uldivmod
                0x0000000010003eac                divmod_u64u64_savestate
                0x0000000010003ed4                divmod_s64s64_unsafe
                0x0000000010003f5c                divmod_u64u64_unsafe
 .text.__wrap___aeabi_darithmetic
                0x0000000010004298       0x80 CMakeFiles/apds_C.dir/home/ncm656112/ESE519_Lab/lab2A/pico-sdk/src/rp2_common/pico_double/double_aeabi.S.obj
                0x0000000010004298                __wrap___aeabi_drsub
                0x000000001000429e                __wrap___aeabi_dsub
                0x00000000100042b0                __wrap___aeabi_dadd
                0x00000000100042c2                __wrap___aeabi_ddiv
                0x00000000100042fe                __wrap___aeabi_dmul
 .text.__wrap___aeabi_cdcmple
                0x0000000010004318       0x6c CMakeFiles/apds_C.dir/home/ncm656112/ESE519_Lab/lab2A/pico-sdk/src/rp2_common/pico_double/double_aeabi.S.obj
                0x0000000010004318                __wrap___aeabi_cdrcmple
                0x0000000010004328                __wrap___aeabi_cdcmple
                0x0000000010004328                __wrap___aeabi_cdcmpeq
 .text.__wrap___aeabi_dcmplt
                0x0000000010004384        0xc CMakeFiles/apds_C.dir/home/ncm656112/ESE519_Lab/lab2A/pico-sdk/src/rp2_common/pico_double/double_aeabi.S.obj
                0x0000000010004384                __wrap___aeabi_dcmplt
 .text.__wrap___aeabi_dcmple
                0x0000000010004390       0x10 CMakeFiles/apds_C.dir/home/ncm656112/ESE519_Lab/lab2A/pico-sdk/src/rp2_common/pico_double/double_aeabi.S.obj
                0x0000000010004390                __wrap___aeabi_dcmple
 .text.__wrap___aeabi_dcmpge
                0x00000000100043a0       0x10 CMakeFiles/apds_C.dir/home/ncm656112/ESE519_Lab/lab2A/pico-sdk/src/rp2_common/pico_double/double_aeabi.S.obj
                0x00000000100043a0                __wrap___aeabi_dcmpge
 .text.__wrap___aeabi_dcmpgt
                0x00000000100043b0        0xa CMakeFiles/apds_C.dir/home/ncm656112/ESE519_Lab/lab2A/pico-sdk/src/rp2_common/pico_double/double_aeabi.S.obj
                0x00000000100043b0                __wrap___aeabi_dcmpgt
 .text.__wrap___aeabi_dcmpun
                0x00000000100043ba       0x1c CMakeFiles/apds_C.dir/home/ncm656112/ESE519_Lab/lab2A/pico-sdk/src/rp2_common/pico_double/double_aeabi.S.obj
                0x00000000100043ba                __wrap___aeabi_dcmpun
 *fill*         0x00000000100043d6        0x2 
 .text.__wrap___aeabi_i2d
                0x00000000100043d8       0x38 CMakeFiles/apds_C.dir/home/ncm656112/ESE519_Lab/lab2A/pico-sdk/src/rp2_common/pico_double/double_aeabi.S.obj
                0x00000000100043d8                __wrap___aeabi_ui2d
                0x00000000100043e0                __wrap___aeabi_i2d
 .text.__wrap___aeabi_d2iz
                0x0000000010004410       0x48 CMakeFiles/apds_C.dir/home/ncm656112/ESE519_Lab/lab2A/pico-sdk/src/rp2_common/pico_double/double_aeabi.S.obj
                0x0000000010004410                __wrap___aeabi_d2iz
                0x0000000010004410                double2int_z
 .text.__wrap___aeabi_d2uiz
                0x0000000010004458       0x18 CMakeFiles/apds_C.dir/home/ncm656112/ESE519_Lab/lab2A/pico-sdk/src/rp2_common/pico_double/double_aeabi.S.obj
                0x0000000010004458                double2uint
                0x0000000010004458                __wrap___aeabi_d2uiz
 .text.__aeabi_double_init
                0x0000000010004470       0x94 CMakeFiles/apds_C.dir/home/ncm656112/ESE519_Lab/lab2A/pico-sdk/src/rp2_common/pico_double/double_init_rom.c.obj
                0x0000000010004470                __aeabi_double_init
 .text.double_table_shim_on_use_helper
                0x0000000010004504       0x2c CMakeFiles/apds_C.dir/home/ncm656112/ESE519_Lab/lab2A/pico-sdk/src/rp2_common/pico_double/double_v1_rom_shim.S.obj
                0x0000000010004504                double_table_shim_on_use_helper
 .text.__wrap___aeabi_dsub
                0x0000000010004530       0x10 CMakeFiles/apds_C.dir/home/ncm656112/ESE519_Lab/lab2A/pico-sdk/src/rp2_common/pico_double/double_v1_rom_shim.S.obj
                0x0000000010004530                drsub_shim
                0x0000000010004536                dsub_shim
 .text.dadd_shim
                0x0000000010004540      0x15c CMakeFiles/apds_C.dir/home/ncm656112/ESE519_Lab/lab2A/pico-sdk/src/rp2_common/pico_double/double_v1_rom_shim.S.obj
                0x0000000010004540                dadd_shim
 .text.dmul_shim
                0x000000001000469c      0x15c CMakeFiles/apds_C.dir/home/ncm656112/ESE519_Lab/lab2A/pico-sdk/src/rp2_common/pico_double/double_v1_rom_shim.S.obj
                0x000000001000469c                dmul_shim
 .text.ddiv_shim
                0x00000000100047f8      0x1b0 CMakeFiles/apds_C.dir/home/ncm656112/ESE519_Lab/lab2A/pico-sdk/src/rp2_common/pico_double/double_v1_rom_shim.S.obj
                0x00000000100047f8                ddiv_shim
 .text.double2uint_shim
                0x00000000100049a8        0xe CMakeFiles/apds_C.dir/home/ncm656112/ESE519_Lab/lab2A/pico-sdk/src/rp2_common/pico_double/double_v1_rom_shim.S.obj
                0x00000000100049a8                double2uint_shim
                0x00000000100049aa                double2ufix_shim
 *fill*         0x00000000100049b6        0x2 
 .text.double2uint64_shim
                0x00000000100049b8       0x70 CMakeFiles/apds_C.dir/home/ncm656112/ESE519_Lab/lab2A/pico-sdk/src/rp2_common/pico_double/double_v1_rom_shim.S.obj
                0x00000000100049b8                double2uint64_shim
                0x00000000100049ba                double2ufix64_shim
                0x00000000100049da                d2fix_a
 .text.dunpacks
                0x0000000010004a28       0x3c CMakeFiles/apds_C.dir/home/ncm656112/ESE519_Lab/lab2A/pico-sdk/src/rp2_common/pico_double/double_v1_rom_shim.S.obj
                0x0000000010004a28                dunpacks
 .text.__aeabi_lmul
                0x0000000010004a64       0x32 CMakeFiles/apds_C.dir/home/ncm656112/ESE519_Lab/lab2A/pico-sdk/src/rp2_common/pico_int64_ops/pico_int64_ops_aeabi.S.obj
                0x0000000010004a64                __wrap___aeabi_lmul
 *fill*         0x0000000010004a96        0x2 
 .text.__wrap___aeabi_farithmetic
                0x0000000010004a98       0x48 CMakeFiles/apds_C.dir/home/ncm656112/ESE519_Lab/lab2A/pico-sdk/src/rp2_common/pico_float/float_aeabi.S.obj
                0x0000000010004a98                __wrap___aeabi_frsub
                0x0000000010004a9e                __wrap___aeabi_fsub
                0x0000000010004aa4                __wrap___aeabi_fadd
                0x0000000010004aaa                __wrap___aeabi_fdiv
                0x0000000010004ad2                __wrap___aeabi_fmul
 .text.__wrap___aeabi_ui2f
                0x0000000010004ae0        0xa CMakeFiles/apds_C.dir/home/ncm656112/ESE519_Lab/lab2A/pico-sdk/src/rp2_common/pico_float/float_aeabi.S.obj
                0x0000000010004ae0                __wrap___aeabi_ui2f
 *fill*         0x0000000010004aea        0x2 
 .text.__wrap___aeabi_i2f
                0x0000000010004aec       0x44 CMakeFiles/apds_C.dir/home/ncm656112/ESE519_Lab/lab2A/pico-sdk/src/rp2_common/pico_float/float_aeabi.S.obj
                0x0000000010004aec                __wrap___aeabi_i2f
 .text.__wrap___aeabi_f2uiz
                0x0000000010004b30        0xc CMakeFiles/apds_C.dir/home/ncm656112/ESE519_Lab/lab2A/pico-sdk/src/rp2_common/pico_float/float_aeabi.S.obj
                0x0000000010004b30                __wrap___aeabi_f2uiz
 .text.__aeabi_float_init
                0x0000000010004b3c       0x64 CMakeFiles/apds_C.dir/home/ncm656112/ESE519_Lab/lab2A/pico-sdk/src/rp2_common/pico_float/float_init_rom.c.obj
                0x0000000010004b3c                __aeabi_float_init
 .text.float_table_shim_on_use_helper
                0x0000000010004ba0       0x2c CMakeFiles/apds_C.dir/home/ncm656112/ESE519_Lab/lab2A/pico-sdk/src/rp2_common/pico_float/float_v1_rom_shim.S.obj
                0x0000000010004ba0                float_table_shim_on_use_helper
 .text          0x0000000010004bcc       0x10 CMakeFiles/apds_C.dir/home/ncm656112/ESE519_Lab/lab2A/pico-sdk/src/rp2_common/pico_mem_ops/mem_ops_aeabi.S.obj
                0x0000000010004bcc                __aeabi_mem_init
 .text.memset   0x0000000010004bdc        0xc CMakeFiles/apds_C.dir/home/ncm656112/ESE519_Lab/lab2A/pico-sdk/src/rp2_common/pico_mem_ops/mem_ops_aeabi.S.obj
                0x0000000010004bdc                __wrap_memset
 .text.memcpy   0x0000000010004be8        0xc CMakeFiles/apds_C.dir/home/ncm656112/ESE519_Lab/lab2A/pico-sdk/src/rp2_common/pico_mem_ops/mem_ops_aeabi.S.obj
                0x0000000010004be8                __wrap___aeabi_memcpy
                0x0000000010004be8                __wrap_memcpy
 .text.stdio_out_chars_no_crlf
                0x0000000010004bf4       0x10 CMakeFiles/apds_C.dir/home/ncm656112/ESE519_Lab/lab2A/pico-sdk/src/rp2_common/pico_stdio/stdio.c.obj
 .text.stdio_out_chars_crlf
                0x0000000010004c04       0xb4 CMakeFiles/apds_C.dir/home/ncm656112/ESE519_Lab/lab2A/pico-sdk/src/rp2_common/pico_stdio/stdio.c.obj
 .text.stdio_buffered_printer
                0x0000000010004cb8       0x64 CMakeFiles/apds_C.dir/home/ncm656112/ESE519_Lab/lab2A/pico-sdk/src/rp2_common/pico_stdio/stdio.c.obj
 .text.stdio_put_string.isra.0
                0x0000000010004d1c       0xfc CMakeFiles/apds_C.dir/home/ncm656112/ESE519_Lab/lab2A/pico-sdk/src/rp2_common/pico_stdio/stdio.c.obj
 .text.__wrap_putchar
                0x0000000010004e18       0xa0 CMakeFiles/apds_C.dir/home/ncm656112/ESE519_Lab/lab2A/pico-sdk/src/rp2_common/pico_stdio/stdio.c.obj
                0x0000000010004e18                __wrap_putchar
 .text.__wrap_puts
                0x0000000010004eb8       0x3c CMakeFiles/apds_C.dir/home/ncm656112/ESE519_Lab/lab2A/pico-sdk/src/rp2_common/pico_stdio/stdio.c.obj
                0x0000000010004eb8                __wrap_puts
 .text.stdio_set_driver_enabled
                0x0000000010004ef4       0x30 CMakeFiles/apds_C.dir/home/ncm656112/ESE519_Lab/lab2A/pico-sdk/src/rp2_common/pico_stdio/stdio.c.obj
                0x0000000010004ef4                stdio_set_driver_enabled
 .text.__wrap_vprintf
                0x0000000010004f24       0xd8 CMakeFiles/apds_C.dir/home/ncm656112/ESE519_Lab/lab2A/pico-sdk/src/rp2_common/pico_stdio/stdio.c.obj
                0x0000000010004f24                __wrap_vprintf
 .text.__wrap_printf
                0x0000000010004ffc       0x18 CMakeFiles/apds_C.dir/home/ncm656112/ESE519_Lab/lab2A/pico-sdk/src/rp2_common/pico_stdio/stdio.c.obj
                0x0000000010004ffc                __wrap_printf
 .text.stdio_init_all
                0x0000000010005014        0x8 CMakeFiles/apds_C.dir/home/ncm656112/ESE519_Lab/lab2A/pico-sdk/src/rp2_common/pico_stdio/stdio.c.obj
                0x0000000010005014                stdio_init_all
 .text.resetd_init
                0x000000001000501c        0x4 CMakeFiles/apds_C.dir/home/ncm656112/ESE519_Lab/lab2A/pico-sdk/src/rp2_common/pico_stdio_usb/reset_interface.c.obj
 .text.resetd_reset
                0x0000000010005020        0xc CMakeFiles/apds_C.dir/home/ncm656112/ESE519_Lab/lab2A/pico-sdk/src/rp2_common/pico_stdio_usb/reset_interface.c.obj
 .text.resetd_open
                0x000000001000502c       0x28 CMakeFiles/apds_C.dir/home/ncm656112/ESE519_Lab/lab2A/pico-sdk/src/rp2_common/pico_stdio_usb/reset_interface.c.obj
 .text.resetd_xfer_cb
                0x0000000010005054        0x4 CMakeFiles/apds_C.dir/home/ncm656112/ESE519_Lab/lab2A/pico-sdk/src/rp2_common/pico_stdio_usb/reset_interface.c.obj
 .text.resetd_control_xfer_cb
                0x0000000010005058       0x64 CMakeFiles/apds_C.dir/home/ncm656112/ESE519_Lab/lab2A/pico-sdk/src/rp2_common/pico_stdio_usb/reset_interface.c.obj
 .text.usbd_app_driver_get_cb
                0x00000000100050bc        0xc CMakeFiles/apds_C.dir/home/ncm656112/ESE519_Lab/lab2A/pico-sdk/src/rp2_common/pico_stdio_usb/reset_interface.c.obj
                0x00000000100050bc                usbd_app_driver_get_cb
 .text.tud_cdc_line_coding_cb
                0x00000000100050c8       0x34 CMakeFiles/apds_C.dir/home/ncm656112/ESE519_Lab/lab2A/pico-sdk/src/rp2_common/pico_stdio_usb/reset_interface.c.obj
                0x00000000100050c8                tud_cdc_line_coding_cb
 .text.stdio_usb_in_chars
                0x00000000100050fc       0x68 CMakeFiles/apds_C.dir/home/ncm656112/ESE519_Lab/lab2A/pico-sdk/src/rp2_common/pico_stdio_usb/stdio_usb.c.obj
                0x00000000100050fc                stdio_usb_in_chars
 .text.stdio_usb_out_chars
                0x0000000010005164       0xe4 CMakeFiles/apds_C.dir/home/ncm656112/ESE519_Lab/lab2A/pico-sdk/src/rp2_common/pico_stdio_usb/stdio_usb.c.obj
 .text.timer_task
                0x0000000010005248       0x18 CMakeFiles/apds_C.dir/home/ncm656112/ESE519_Lab/lab2A/pico-sdk/src/rp2_common/pico_stdio_usb/stdio_usb.c.obj
 .text.usb_irq  0x0000000010005260       0x10 CMakeFiles/apds_C.dir/home/ncm656112/ESE519_Lab/lab2A/pico-sdk/src/rp2_common/pico_stdio_usb/stdio_usb.c.obj
 .text.low_priority_worker_irq
                0x0000000010005270       0x24 CMakeFiles/apds_C.dir/home/ncm656112/ESE519_Lab/lab2A/pico-sdk/src/rp2_common/pico_stdio_usb/stdio_usb.c.obj
 .text.stdio_usb_init
                0x0000000010005294       0xb0 CMakeFiles/apds_C.dir/home/ncm656112/ESE519_Lab/lab2A/pico-sdk/src/rp2_common/pico_stdio_usb/stdio_usb.c.obj
                0x0000000010005294                stdio_usb_init
 .text.tud_descriptor_device_cb
                0x0000000010005344        0x8 CMakeFiles/apds_C.dir/home/ncm656112/ESE519_Lab/lab2A/pico-sdk/src/rp2_common/pico_stdio_usb/stdio_usb_descriptors.c.obj
                0x0000000010005344                tud_descriptor_device_cb
 .text.tud_descriptor_configuration_cb
                0x000000001000534c        0x8 CMakeFiles/apds_C.dir/home/ncm656112/ESE519_Lab/lab2A/pico-sdk/src/rp2_common/pico_stdio_usb/stdio_usb_descriptors.c.obj
                0x000000001000534c                tud_descriptor_configuration_cb
 .text.tud_descriptor_string_cb
                0x0000000010005354       0x74 CMakeFiles/apds_C.dir/home/ncm656112/ESE519_Lab/lab2A/pico-sdk/src/rp2_common/pico_stdio_usb/stdio_usb_descriptors.c.obj
                0x0000000010005354                tud_descriptor_string_cb
 .text.dcd_rp2040_irq
                0x00000000100053c8      0x21c CMakeFiles/apds_C.dir/home/ncm656112/ESE519_Lab/lab2A/pico-sdk/lib/tinyusb/src/portable/raspberrypi/rp2040/dcd_rp2040.c.obj
 .text.dcd_int_enable
                0x00000000100055e4        0xc CMakeFiles/apds_C.dir/home/ncm656112/ESE519_Lab/lab2A/pico-sdk/lib/tinyusb/src/portable/raspberrypi/rp2040/dcd_rp2040.c.obj
                0x00000000100055e4                dcd_int_enable
 .text.dcd_set_address
                0x00000000100055f0       0x14 CMakeFiles/apds_C.dir/home/ncm656112/ESE519_Lab/lab2A/pico-sdk/lib/tinyusb/src/portable/raspberrypi/rp2040/dcd_rp2040.c.obj
                0x00000000100055f0                dcd_set_address
 .text.dcd_connect
                0x0000000010005604       0x10 CMakeFiles/apds_C.dir/home/ncm656112/ESE519_Lab/lab2A/pico-sdk/lib/tinyusb/src/portable/raspberrypi/rp2040/dcd_rp2040.c.obj
                0x0000000010005604                dcd_connect
 .text.dcd_init
                0x0000000010005614      0x144 CMakeFiles/apds_C.dir/home/ncm656112/ESE519_Lab/lab2A/pico-sdk/lib/tinyusb/src/portable/raspberrypi/rp2040/dcd_rp2040.c.obj
                0x0000000010005614                dcd_init
 .text.dcd_edpt0_status_complete
                0x0000000010005758       0x1c CMakeFiles/apds_C.dir/home/ncm656112/ESE519_Lab/lab2A/pico-sdk/lib/tinyusb/src/portable/raspberrypi/rp2040/dcd_rp2040.c.obj
                0x0000000010005758                dcd_edpt0_status_complete
 .text.dcd_edpt_open
                0x0000000010005774       0xf0 CMakeFiles/apds_C.dir/home/ncm656112/ESE519_Lab/lab2A/pico-sdk/lib/tinyusb/src/portable/raspberrypi/rp2040/dcd_rp2040.c.obj
                0x0000000010005774                dcd_edpt_open
 .text.dcd_edpt_close_all
                0x0000000010005864       0xbc CMakeFiles/apds_C.dir/home/ncm656112/ESE519_Lab/lab2A/pico-sdk/lib/tinyusb/src/portable/raspberrypi/rp2040/dcd_rp2040.c.obj
                0x0000000010005864                dcd_edpt_close_all
 .text.dcd_edpt_xfer
                0x0000000010005920       0x24 CMakeFiles/apds_C.dir/home/ncm656112/ESE519_Lab/lab2A/pico-sdk/lib/tinyusb/src/portable/raspberrypi/rp2040/dcd_rp2040.c.obj
                0x0000000010005920                dcd_edpt_xfer
 .text.dcd_edpt_stall
                0x0000000010005944       0x38 CMakeFiles/apds_C.dir/home/ncm656112/ESE519_Lab/lab2A/pico-sdk/lib/tinyusb/src/portable/raspberrypi/rp2040/dcd_rp2040.c.obj
                0x0000000010005944                dcd_edpt_stall
 .text.dcd_edpt_clear_stall
                0x000000001000597c       0x30 CMakeFiles/apds_C.dir/home/ncm656112/ESE519_Lab/lab2A/pico-sdk/lib/tinyusb/src/portable/raspberrypi/rp2040/dcd_rp2040.c.obj
                0x000000001000597c                dcd_edpt_clear_stall
 .text._hw_endpoint_buffer_control_update32.part.0.isra.0
                0x00000000100059ac       0x1c CMakeFiles/apds_C.dir/home/ncm656112/ESE519_Lab/lab2A/pico-sdk/lib/tinyusb/src/portable/raspberrypi/rp2040/rp2040_usb.c.obj
 .text.rp2040_usb_init
                0x00000000100059c8       0x4c CMakeFiles/apds_C.dir/home/ncm656112/ESE519_Lab/lab2A/pico-sdk/lib/tinyusb/src/portable/raspberrypi/rp2040/rp2040_usb.c.obj
                0x00000000100059c8                rp2040_usb_init
 .text.hw_endpoint_reset_transfer
                0x0000000010005a14        0xc CMakeFiles/apds_C.dir/home/ncm656112/ESE519_Lab/lab2A/pico-sdk/lib/tinyusb/src/portable/raspberrypi/rp2040/rp2040_usb.c.obj
                0x0000000010005a14                hw_endpoint_reset_transfer
 .text._hw_endpoint_buffer_control_update32
                0x0000000010005a20       0x44 CMakeFiles/apds_C.dir/home/ncm656112/ESE519_Lab/lab2A/pico-sdk/lib/tinyusb/src/portable/raspberrypi/rp2040/rp2040_usb.c.obj
                0x0000000010005a20                _hw_endpoint_buffer_control_update32
 .text.hw_endpoint_xfer_start
                0x0000000010005a64      0x138 CMakeFiles/apds_C.dir/home/ncm656112/ESE519_Lab/lab2A/pico-sdk/lib/tinyusb/src/portable/raspberrypi/rp2040/rp2040_usb.c.obj
                0x0000000010005a64                hw_endpoint_xfer_start
 .text.hw_endpoint_xfer_continue
                0x0000000010005b9c      0x1e4 CMakeFiles/apds_C.dir/home/ncm656112/ESE519_Lab/lab2A/pico-sdk/lib/tinyusb/src/portable/raspberrypi/rp2040/rp2040_usb.c.obj
                0x0000000010005b9c                hw_endpoint_xfer_continue
 .text.tud_mounted
                0x0000000010005d80       0x10 CMakeFiles/apds_C.dir/home/ncm656112/ESE519_Lab/lab2A/pico-sdk/lib/tinyusb/src/device/usbd.c.obj
                0x0000000010005d80                tud_mounted
 .text.tud_suspended
                0x0000000010005d90       0x10 CMakeFiles/apds_C.dir/home/ncm656112/ESE519_Lab/lab2A/pico-sdk/lib/tinyusb/src/device/usbd.c.obj
                0x0000000010005d90                tud_suspended
 .text.tud_inited
                0x0000000010005da0        0xc CMakeFiles/apds_C.dir/home/ncm656112/ESE519_Lab/lab2A/pico-sdk/lib/tinyusb/src/device/usbd.c.obj
                0x0000000010005da0                tud_inited
 .text.tud_init
                0x0000000010005dac       0xd8 CMakeFiles/apds_C.dir/home/ncm656112/ESE519_Lab/lab2A/pico-sdk/lib/tinyusb/src/device/usbd.c.obj
                0x0000000010005dac                tud_init
 .text.tud_task
                0x0000000010005e84      0x8ec CMakeFiles/apds_C.dir/home/ncm656112/ESE519_Lab/lab2A/pico-sdk/lib/tinyusb/src/device/usbd.c.obj
                0x0000000010005e84                tud_task
 .text.dcd_event_bus_signal
                0x0000000010006770      0x120 CMakeFiles/apds_C.dir/home/ncm656112/ESE519_Lab/lab2A/pico-sdk/lib/tinyusb/src/device/usbd.c.obj
                0x0000000010006770                dcd_event_bus_signal
 .text.dcd_event_bus_reset
                0x0000000010006890       0x54 CMakeFiles/apds_C.dir/home/ncm656112/ESE519_Lab/lab2A/pico-sdk/lib/tinyusb/src/device/usbd.c.obj
                0x0000000010006890                dcd_event_bus_reset
 .text.dcd_event_setup_received
                0x00000000100068e4       0x50 CMakeFiles/apds_C.dir/home/ncm656112/ESE519_Lab/lab2A/pico-sdk/lib/tinyusb/src/device/usbd.c.obj
                0x00000000100068e4                dcd_event_setup_received
 .text.dcd_event_xfer_complete
                0x0000000010006934       0x68 CMakeFiles/apds_C.dir/home/ncm656112/ESE519_Lab/lab2A/pico-sdk/lib/tinyusb/src/device/usbd.c.obj
                0x0000000010006934                dcd_event_xfer_complete
 .text.usbd_open_edpt_pair
                0x000000001000699c       0x80 CMakeFiles/apds_C.dir/home/ncm656112/ESE519_Lab/lab2A/pico-sdk/lib/tinyusb/src/device/usbd.c.obj
                0x000000001000699c                usbd_open_edpt_pair
 .text.usbd_edpt_open
                0x0000000010006a1c       0x30 CMakeFiles/apds_C.dir/home/ncm656112/ESE519_Lab/lab2A/pico-sdk/lib/tinyusb/src/device/usbd.c.obj
                0x0000000010006a1c                usbd_edpt_open
 .text.usbd_edpt_claim
                0x0000000010006a4c       0x64 CMakeFiles/apds_C.dir/home/ncm656112/ESE519_Lab/lab2A/pico-sdk/lib/tinyusb/src/device/usbd.c.obj
                0x0000000010006a4c                usbd_edpt_claim
 .text.usbd_edpt_release
                0x0000000010006ab0       0x4c CMakeFiles/apds_C.dir/home/ncm656112/ESE519_Lab/lab2A/pico-sdk/lib/tinyusb/src/device/usbd.c.obj
                0x0000000010006ab0                usbd_edpt_release
 .text.usbd_edpt_xfer
                0x0000000010006afc       0x48 CMakeFiles/apds_C.dir/home/ncm656112/ESE519_Lab/lab2A/pico-sdk/lib/tinyusb/src/device/usbd.c.obj
                0x0000000010006afc                usbd_edpt_xfer
 .text.tud_control_status
                0x0000000010006b44       0x30 CMakeFiles/apds_C.dir/home/ncm656112/ESE519_Lab/lab2A/pico-sdk/lib/tinyusb/src/device/usbd_control.c.obj
                0x0000000010006b44                tud_control_status
 .text.tud_control_xfer
                0x0000000010006b74       0xbc CMakeFiles/apds_C.dir/home/ncm656112/ESE519_Lab/lab2A/pico-sdk/lib/tinyusb/src/device/usbd_control.c.obj
                0x0000000010006b74                tud_control_xfer
 .text.usbd_control_reset
                0x0000000010006c30       0x14 CMakeFiles/apds_C.dir/home/ncm656112/ESE519_Lab/lab2A/pico-sdk/lib/tinyusb/src/device/usbd_control.c.obj
                0x0000000010006c30                usbd_control_reset
 .text.usbd_control_set_complete_callback
                0x0000000010006c44        0xc CMakeFiles/apds_C.dir/home/ncm656112/ESE519_Lab/lab2A/pico-sdk/lib/tinyusb/src/device/usbd_control.c.obj
                0x0000000010006c44                usbd_control_set_complete_callback
 .text.usbd_control_set_request
                0x0000000010006c50       0x1c CMakeFiles/apds_C.dir/home/ncm656112/ESE519_Lab/lab2A/pico-sdk/lib/tinyusb/src/device/usbd_control.c.obj
                0x0000000010006c50                usbd_control_set_request
 .text.usbd_control_xfer_cb
                0x0000000010006c6c       0xfc CMakeFiles/apds_C.dir/home/ncm656112/ESE519_Lab/lab2A/pico-sdk/lib/tinyusb/src/device/usbd_control.c.obj
                0x0000000010006c6c                usbd_control_xfer_cb
 .text.tud_cdc_n_connected
                0x0000000010006d68       0x30 CMakeFiles/apds_C.dir/home/ncm656112/ESE519_Lab/lab2A/pico-sdk/lib/tinyusb/src/class/cdc/cdc_device.c.obj
                0x0000000010006d68                tud_cdc_n_connected
 .text.tud_cdc_n_available
                0x0000000010006d98       0x18 CMakeFiles/apds_C.dir/home/ncm656112/ESE519_Lab/lab2A/pico-sdk/lib/tinyusb/src/class/cdc/cdc_device.c.obj
                0x0000000010006d98                tud_cdc_n_available
 .text.tud_cdc_n_read
                0x0000000010006db0       0x70 CMakeFiles/apds_C.dir/home/ncm656112/ESE519_Lab/lab2A/pico-sdk/lib/tinyusb/src/class/cdc/cdc_device.c.obj
                0x0000000010006db0                tud_cdc_n_read
 .text.tud_cdc_n_write_flush
                0x0000000010006e20       0x78 CMakeFiles/apds_C.dir/home/ncm656112/ESE519_Lab/lab2A/pico-sdk/lib/tinyusb/src/class/cdc/cdc_device.c.obj
                0x0000000010006e20                tud_cdc_n_write_flush
 .text.tud_cdc_n_write
                0x0000000010006e98       0x34 CMakeFiles/apds_C.dir/home/ncm656112/ESE519_Lab/lab2A/pico-sdk/lib/tinyusb/src/class/cdc/cdc_device.c.obj
                0x0000000010006e98                tud_cdc_n_write
 .text.tud_cdc_n_write_available
                0x0000000010006ecc       0x18 CMakeFiles/apds_C.dir/home/ncm656112/ESE519_Lab/lab2A/pico-sdk/lib/tinyusb/src/class/cdc/cdc_device.c.obj
                0x0000000010006ecc                tud_cdc_n_write_available
 .text.cdcd_init
                0x0000000010006ee4       0x7c CMakeFiles/apds_C.dir/home/ncm656112/ESE519_Lab/lab2A/pico-sdk/lib/tinyusb/src/class/cdc/cdc_device.c.obj
                0x0000000010006ee4                cdcd_init
 .text.cdcd_reset
                0x0000000010006f60       0x2c CMakeFiles/apds_C.dir/home/ncm656112/ESE519_Lab/lab2A/pico-sdk/lib/tinyusb/src/class/cdc/cdc_device.c.obj
                0x0000000010006f60                cdcd_reset
 .text.cdcd_open
                0x0000000010006f8c       0xe4 CMakeFiles/apds_C.dir/home/ncm656112/ESE519_Lab/lab2A/pico-sdk/lib/tinyusb/src/class/cdc/cdc_device.c.obj
                0x0000000010006f8c                cdcd_open
 .text.cdcd_control_xfer_cb
                0x0000000010007070       0xe4 CMakeFiles/apds_C.dir/home/ncm656112/ESE519_Lab/lab2A/pico-sdk/lib/tinyusb/src/class/cdc/cdc_device.c.obj
                0x0000000010007070                cdcd_control_xfer_cb
 .text.cdcd_xfer_cb
                0x0000000010007154      0x148 CMakeFiles/apds_C.dir/home/ncm656112/ESE519_Lab/lab2A/pico-sdk/lib/tinyusb/src/class/cdc/cdc_device.c.obj
                0x0000000010007154                cdcd_xfer_cb
 .text.tusb_init
                0x000000001000729c        0xc CMakeFiles/apds_C.dir/home/ncm656112/ESE519_Lab/lab2A/pico-sdk/lib/tinyusb/src/tusb.c.obj
                0x000000001000729c                tusb_init
 .text.tusb_inited
                0x00000000100072a8        0x8 CMakeFiles/apds_C.dir/home/ncm656112/ESE519_Lab/lab2A/pico-sdk/lib/tinyusb/src/tusb.c.obj
                0x00000000100072a8                tusb_inited
 .text.tu_edpt_validate
                0x00000000100072b0       0x78 CMakeFiles/apds_C.dir/home/ncm656112/ESE519_Lab/lab2A/pico-sdk/lib/tinyusb/src/tusb.c.obj
                0x00000000100072b0                tu_edpt_validate
 .text.tu_edpt_bind_driver
                0x0000000010007328       0x2c CMakeFiles/apds_C.dir/home/ncm656112/ESE519_Lab/lab2A/pico-sdk/lib/tinyusb/src/tusb.c.obj
                0x0000000010007328                tu_edpt_bind_driver
 .text.tu_fifo_config
                0x0000000010007354       0x78 CMakeFiles/apds_C.dir/home/ncm656112/ESE519_Lab/lab2A/pico-sdk/lib/tinyusb/src/common/tusb_fifo.c.obj
                0x0000000010007354                tu_fifo_config
 .text.tu_fifo_count
                0x00000000100073cc       0x20 CMakeFiles/apds_C.dir/home/ncm656112/ESE519_Lab/lab2A/pico-sdk/lib/tinyusb/src/common/tusb_fifo.c.obj
                0x00000000100073cc                tu_fifo_count
 .text.tu_fifo_empty
                0x00000000100073ec       0x10 CMakeFiles/apds_C.dir/home/ncm656112/ESE519_Lab/lab2A/pico-sdk/lib/tinyusb/src/common/tusb_fifo.c.obj
                0x00000000100073ec                tu_fifo_empty
 .text.tu_fifo_remaining
                0x00000000100073fc       0x1c CMakeFiles/apds_C.dir/home/ncm656112/ESE519_Lab/lab2A/pico-sdk/lib/tinyusb/src/common/tusb_fifo.c.obj
                0x00000000100073fc                tu_fifo_remaining
 .text.tu_fifo_read
                0x0000000010007418       0x9c CMakeFiles/apds_C.dir/home/ncm656112/ESE519_Lab/lab2A/pico-sdk/lib/tinyusb/src/common/tusb_fifo.c.obj
                0x0000000010007418                tu_fifo_read
 .text.tu_fifo_read_n
                0x00000000100074b4      0x100 CMakeFiles/apds_C.dir/home/ncm656112/ESE519_Lab/lab2A/pico-sdk/lib/tinyusb/src/common/tusb_fifo.c.obj
                0x00000000100074b4                tu_fifo_read_n
 .text.tu_fifo_write
                0x00000000100075b4       0x7c CMakeFiles/apds_C.dir/home/ncm656112/ESE519_Lab/lab2A/pico-sdk/lib/tinyusb/src/common/tusb_fifo.c.obj
                0x00000000100075b4                tu_fifo_write
 .text.tu_fifo_write_n
                0x0000000010007630      0x100 CMakeFiles/apds_C.dir/home/ncm656112/ESE519_Lab/lab2A/pico-sdk/lib/tinyusb/src/common/tusb_fifo.c.obj
                0x0000000010007630                tu_fifo_write_n
 .text.tu_fifo_clear
                0x0000000010007730       0x4c CMakeFiles/apds_C.dir/home/ncm656112/ESE519_Lab/lab2A/pico-sdk/lib/tinyusb/src/common/tusb_fifo.c.obj
                0x0000000010007730                tu_fifo_clear
 .text.tu_fifo_set_overwritable
                0x000000001000777c       0x3c CMakeFiles/apds_C.dir/home/ncm656112/ESE519_Lab/lab2A/pico-sdk/lib/tinyusb/src/common/tusb_fifo.c.obj
                0x000000001000777c                tu_fifo_set_overwritable
 .text.startup._retrieve_unique_id_on_boot
                0x00000000100077b8       0x10 CMakeFiles/apds_C.dir/home/ncm656112/ESE519_Lab/lab2A/pico-sdk/src/rp2_common/pico_unique_id/unique_id.c.obj
 .text.pico_get_unique_board_id_string
                0x00000000100077c8      0x1a8 CMakeFiles/apds_C.dir/home/ncm656112/ESE519_Lab/lab2A/pico-sdk/src/rp2_common/pico_unique_id/unique_id.c.obj
                0x00000000100077c8                pico_get_unique_board_id_string
 .text.flash_get_unique_id
                0x0000000010007970       0x40 CMakeFiles/apds_C.dir/home/ncm656112/ESE519_Lab/lab2A/pico-sdk/src/rp2_common/hardware_flash/flash.c.obj
                0x0000000010007970                flash_get_unique_id
 .text.pio_add_program
                0x00000000100079b0       0xc8 CMakeFiles/apds_C.dir/home/ncm656112/ESE519_Lab/lab2A/pico-sdk/src/rp2_common/hardware_pio/pio.c.obj
                0x00000000100079b0                pio_add_program
 .text.pio_sm_set_pins_with_mask
                0x0000000010007a78       0x84 CMakeFiles/apds_C.dir/home/ncm656112/ESE519_Lab/lab2A/pico-sdk/src/rp2_common/hardware_pio/pio.c.obj
                0x0000000010007a78                pio_sm_set_pins_with_mask
 .text.pio_sm_set_pindirs_with_mask
                0x0000000010007afc       0x88 CMakeFiles/apds_C.dir/home/ncm656112/ESE519_Lab/lab2A/pico-sdk/src/rp2_common/hardware_pio/pio.c.obj
                0x0000000010007afc                pio_sm_set_pindirs_with_mask
 .text.pio_sm_set_consecutive_pindirs
                0x0000000010007b84       0x84 CMakeFiles/apds_C.dir/home/ncm656112/ESE519_Lab/lab2A/pico-sdk/src/rp2_common/hardware_pio/pio.c.obj
                0x0000000010007b84                pio_sm_set_consecutive_pindirs
 .text.pio_sm_init
                0x0000000010007c08       0x90 CMakeFiles/apds_C.dir/home/ncm656112/ESE519_Lab/lab2A/pico-sdk/src/rp2_common/hardware_pio/pio.c.obj
                0x0000000010007c08                pio_sm_init
 .text.pio_sm_drain_tx_fifo
                0x0000000010007c98       0x40 CMakeFiles/apds_C.dir/home/ncm656112/ESE519_Lab/lab2A/pico-sdk/src/rp2_common/hardware_pio/pio.c.obj
                0x0000000010007c98                pio_sm_drain_tx_fifo
 .text          0x0000000010007cd8       0x5c /usr/lib/gcc/arm-none-eabi/10.3.1/../../../arm-none-eabi/lib/thumb/v6-m/nofp/libc.a(lib_a-strlen-stub.o)
                0x0000000010007cd8                strlen
 *(.fini)
 .fini          0x0000000010007d34        0x4 /usr/lib/gcc/arm-none-eabi/10.3.1/thumb/v6-m/nofp/crti.o
                0x0000000010007d34                _fini
 .fini.__stub   0x0000000010007d38       0x70 linker stubs
 *crtbegin.o(.ctors)
 *crtbegin?.o(.ctors)
 *(EXCLUDE_FILE(*crtend.o *crtend?.o) .ctors)
 *(SORT_BY_NAME(.ctors.*))
 *(.ctors)
 *crtbegin.o(.dtors)
 *crtbegin?.o(.dtors)
 *(EXCLUDE_FILE(*crtend.o *crtend?.o) .dtors)
 *(SORT_BY_NAME(.dtors.*))
 *(.dtors)
 *(.eh_frame*)
 .eh_frame      0x0000000010007da8        0x0 /usr/lib/gcc/arm-none-eabi/10.3.1/thumb/v6-m/nofp/crtbegin.o
                0x0000000010007da8                . = ALIGN (0x4)

.glue_7         0x0000000010007da8        0x0
 .glue_7        0x0000000010007da8        0x0 linker stubs

.glue_7t        0x0000000010007da8        0x0
 .glue_7t       0x0000000010007da8        0x0 linker stubs

.vfp11_veneer   0x0000000010007da8        0x0
 .vfp11_veneer  0x0000000010007da8        0x0 linker stubs

.v4_bx          0x0000000010007da8        0x0
 .v4_bx         0x0000000010007da8        0x0 linker stubs

.iplt           0x0000000010007da8        0x0
 .iplt          0x0000000010007da8        0x0 /usr/lib/gcc/arm-none-eabi/10.3.1/thumb/v6-m/nofp/crtbegin.o

.rodata         0x0000000010007da8      0x638
 *(EXCLUDE_FILE(*libm.a: *libc.a:*lib_a-mem*.o *libgcc.a:) .rodata*)
 .rodata.readInfo.str1.4
                0x0000000010007da8       0x38 CMakeFiles/apds_C.dir/main.c.obj
 .rodata.main.str1.4
                0x0000000010007de0       0x7a CMakeFiles/apds_C.dir/main.c.obj
 *fill*         0x0000000010007e5a        0x2 
 .rodata.i2c_program
                0x0000000010007e5c        0x6 CMakeFiles/apds_C.dir/main.c.obj
 *fill*         0x0000000010007e62        0x2 
 .rodata.i2c_program_instructions
                0x0000000010007e64       0x26 CMakeFiles/apds_C.dir/main.c.obj
 *fill*         0x0000000010007e8a        0x2 
 .rodata.ws2812_program
                0x0000000010007e8c        0x6 CMakeFiles/apds_C.dir/main.c.obj
 *fill*         0x0000000010007e92        0x2 
 .rodata.ws2812_program_instructions
                0x0000000010007e94        0x8 CMakeFiles/apds_C.dir/main.c.obj
 .rodata.set_neopixel_color.str1.4
                0x0000000010007e9c       0x14 CMakeFiles/apds_C.dir/ws2812.c.obj
 .rodata.spin_lock_claim_unused.str1.4
                0x0000000010007eb0       0x1b CMakeFiles/apds_C.dir/home/ncm656112/ESE519_Lab/lab2A/pico-sdk/src/rp2_common/hardware_sync/sync.c.obj
 *fill*         0x0000000010007ecb        0x1 
 .rodata.user_irq_claim_unused.str1.4
                0x0000000010007ecc       0x1b CMakeFiles/apds_C.dir/home/ncm656112/ESE519_Lab/lab2A/pico-sdk/src/rp2_common/hardware_irq/irq.c.obj
 *fill*         0x0000000010007ee7        0x1 
 .rodata.hardware_alarm_claim.str1.4
                0x0000000010007ee8       0x22 CMakeFiles/apds_C.dir/home/ncm656112/ESE519_Lab/lab2A/pico-sdk/src/rp2_common/hardware_timer/timer.c.obj
 *fill*         0x0000000010007f0a        0x2 
 .rodata.panic.str1.4
                0x0000000010007f0c       0x12 CMakeFiles/apds_C.dir/home/ncm656112/ESE519_Lab/lab2A/pico-sdk/src/rp2_common/pico_runtime/runtime.c.obj
 *fill*         0x0000000010007f1e        0x2 
 .rodata.hard_assertion_failure.str1.4
                0x0000000010007f20        0xc CMakeFiles/apds_C.dir/home/ncm656112/ESE519_Lab/lab2A/pico-sdk/src/rp2_common/pico_runtime/runtime.c.obj
 .rodata._ftoa.str1.4
                0x0000000010007f2c       0x15 CMakeFiles/apds_C.dir/home/ncm656112/ESE519_Lab/lab2A/pico-sdk/src/rp2_common/pico_printf/printf.c.obj
 *fill*         0x0000000010007f41        0x3 
 .rodata._vsnprintf
                0x0000000010007f44      0x1e0 CMakeFiles/apds_C.dir/home/ncm656112/ESE519_Lab/lab2A/pico-sdk/src/rp2_common/pico_printf/printf.c.obj
 *fill*         0x0000000010008124        0x4 
 .rodata.pow10.0
                0x0000000010008128       0x50 CMakeFiles/apds_C.dir/home/ncm656112/ESE519_Lab/lab2A/pico-sdk/src/rp2_common/pico_printf/printf.c.obj
 .rodata.str1.4
                0x0000000010008178       0x3c CMakeFiles/apds_C.dir/home/ncm656112/ESE519_Lab/lab2A/pico-sdk/src/rp2_common/pico_standard_link/binary_info.c.obj
 .rodata.__bi_44
                0x00000000100081b4        0xc CMakeFiles/apds_C.dir/home/ncm656112/ESE519_Lab/lab2A/pico-sdk/src/rp2_common/pico_standard_link/binary_info.c.obj
 .rodata.__bi_75
                0x00000000100081c0        0xc CMakeFiles/apds_C.dir/home/ncm656112/ESE519_Lab/lab2A/pico-sdk/src/rp2_common/pico_standard_link/binary_info.c.obj
 .rodata.__bi_81
                0x00000000100081cc        0xc CMakeFiles/apds_C.dir/home/ncm656112/ESE519_Lab/lab2A/pico-sdk/src/rp2_common/pico_standard_link/binary_info.c.obj
 .rodata.crlf_str.0
                0x00000000100081d8        0x2 CMakeFiles/apds_C.dir/home/ncm656112/ESE519_Lab/lab2A/pico-sdk/src/rp2_common/pico_stdio/stdio.c.obj
 *fill*         0x00000000100081da        0x2 
 .rodata._resetd_driver
                0x00000000100081dc       0x18 CMakeFiles/apds_C.dir/home/ncm656112/ESE519_Lab/lab2A/pico-sdk/src/rp2_common/pico_stdio_usb/reset_interface.c.obj
 .rodata.str1.4
                0x00000000100081f4       0x13 CMakeFiles/apds_C.dir/home/ncm656112/ESE519_Lab/lab2A/pico-sdk/src/rp2_common/pico_stdio_usb/stdio_usb.c.obj
 *fill*         0x0000000010008207        0x1 
 .rodata.__bi_118.0
                0x0000000010008208        0xc CMakeFiles/apds_C.dir/home/ncm656112/ESE519_Lab/lab2A/pico-sdk/src/rp2_common/pico_stdio_usb/stdio_usb.c.obj
 .rodata.str1.4
                0x0000000010008214       0x2a CMakeFiles/apds_C.dir/home/ncm656112/ESE519_Lab/lab2A/pico-sdk/src/rp2_common/pico_stdio_usb/stdio_usb_descriptors.c.obj
 *fill*         0x000000001000823e        0x2 
 .rodata.usbd_desc_cfg
                0x0000000010008240       0x54 CMakeFiles/apds_C.dir/home/ncm656112/ESE519_Lab/lab2A/pico-sdk/src/rp2_common/pico_stdio_usb/stdio_usb_descriptors.c.obj
 .rodata.usbd_desc_device
                0x0000000010008294       0x12 CMakeFiles/apds_C.dir/home/ncm656112/ESE519_Lab/lab2A/pico-sdk/src/rp2_common/pico_stdio_usb/stdio_usb_descriptors.c.obj
 *fill*         0x00000000100082a6        0x2 
 .rodata.usbd_desc_str
                0x00000000100082a8       0x18 CMakeFiles/apds_C.dir/home/ncm656112/ESE519_Lab/lab2A/pico-sdk/src/rp2_common/pico_stdio_usb/stdio_usb_descriptors.c.obj
 .rodata.dcd_rp2040_irq.str1.4
                0x00000000100082c0       0x14 CMakeFiles/apds_C.dir/home/ncm656112/ESE519_Lab/lab2A/pico-sdk/lib/tinyusb/src/portable/raspberrypi/rp2040/dcd_rp2040.c.obj
 .rodata._hw_endpoint_buffer_control_update32.part.0.isra.0.str1.4
                0x00000000100082d4       0x1f CMakeFiles/apds_C.dir/home/ncm656112/ESE519_Lab/lab2A/pico-sdk/lib/tinyusb/src/portable/raspberrypi/rp2040/rp2040_usb.c.obj
 *fill*         0x00000000100082f3        0x1 
 .rodata.hw_endpoint_xfer_continue.str1.4
                0x00000000100082f4       0x29 CMakeFiles/apds_C.dir/home/ncm656112/ESE519_Lab/lab2A/pico-sdk/lib/tinyusb/src/portable/raspberrypi/rp2040/rp2040_usb.c.obj
 *fill*         0x000000001000831d        0x3 
 .rodata.str1.4
                0x0000000010008320        0x7 CMakeFiles/apds_C.dir/home/ncm656112/ESE519_Lab/lab2A/pico-sdk/lib/tinyusb/src/portable/raspberrypi/rp2040/rp2040_usb.c.obj
 *fill*         0x0000000010008327        0x1 
 .rodata.tud_task
                0x0000000010008328       0x8c CMakeFiles/apds_C.dir/home/ncm656112/ESE519_Lab/lab2A/pico-sdk/lib/tinyusb/src/device/usbd.c.obj
 .rodata._usbd_driver
                0x00000000100083b4       0x18 CMakeFiles/apds_C.dir/home/ncm656112/ESE519_Lab/lab2A/pico-sdk/lib/tinyusb/src/device/usbd.c.obj
 .rodata.pio_add_program.str1.4
                0x00000000100083cc       0x11 CMakeFiles/apds_C.dir/home/ncm656112/ESE519_Lab/lab2A/pico-sdk/src/rp2_common/hardware_pio/pio.c.obj
                0x00000000100083e0                . = ALIGN (0x4)
 *fill*         0x00000000100083dd        0x3 
 *(SORT_BY_ALIGNMENT(SORT_BY_NAME(.flashdata*)))
                0x00000000100083e0                . = ALIGN (0x4)

.rel.dyn        0x00000000100083e0        0x0
 .rel.iplt      0x00000000100083e0        0x0 /usr/lib/gcc/arm-none-eabi/10.3.1/thumb/v6-m/nofp/crtbegin.o

.ARM.extab
 *(.ARM.extab* .gnu.linkonce.armextab.*)
                0x00000000100083e0                __exidx_start = .

.ARM.exidx
 *(.ARM.exidx* .gnu.linkonce.armexidx.*)
                0x00000000100083e0                __exidx_end = .
                0x00000000100083e0                . = ALIGN (0x4)
                0x00000000100083e0                __binary_info_start = .

.binary_info    0x00000000100083e0       0x20
 *(.binary_info.keep.*)
 .binary_info.keep.__bi_ptr22
                0x00000000100083e0        0x4 CMakeFiles/apds_C.dir/home/ncm656112/ESE519_Lab/lab2A/pico-sdk/src/rp2_common/pico_standard_link/binary_info.c.obj
 .binary_info.keep.__bi_ptr30
                0x00000000100083e4        0x4 CMakeFiles/apds_C.dir/home/ncm656112/ESE519_Lab/lab2A/pico-sdk/src/rp2_common/pico_standard_link/binary_info.c.obj
 .binary_info.keep.__bi_ptr38
                0x00000000100083e8        0x4 CMakeFiles/apds_C.dir/home/ncm656112/ESE519_Lab/lab2A/pico-sdk/src/rp2_common/pico_standard_link/binary_info.c.obj
 .binary_info.keep.__bi_ptr44
                0x00000000100083ec        0x4 CMakeFiles/apds_C.dir/home/ncm656112/ESE519_Lab/lab2A/pico-sdk/src/rp2_common/pico_standard_link/binary_info.c.obj
 .binary_info.keep.__bi_ptr50
                0x00000000100083f0        0x4 CMakeFiles/apds_C.dir/home/ncm656112/ESE519_Lab/lab2A/pico-sdk/src/rp2_common/pico_standard_link/binary_info.c.obj
 .binary_info.keep.__bi_ptr75
                0x00000000100083f4        0x4 CMakeFiles/apds_C.dir/home/ncm656112/ESE519_Lab/lab2A/pico-sdk/src/rp2_common/pico_standard_link/binary_info.c.obj
 .binary_info.keep.__bi_ptr81
                0x00000000100083f8        0x4 CMakeFiles/apds_C.dir/home/ncm656112/ESE519_Lab/lab2A/pico-sdk/src/rp2_common/pico_standard_link/binary_info.c.obj
 *(.binary_info.*)
 .binary_info.__bi_ptr118
                0x00000000100083fc        0x4 CMakeFiles/apds_C.dir/home/ncm656112/ESE519_Lab/lab2A/pico-sdk/src/rp2_common/pico_stdio_usb/stdio_usb.c.obj
                0x0000000010008400                __binary_info_end = .
                0x0000000010008400                . = ALIGN (0x4)
                0x0000000010008400                __etext = .

.ram_vector_table
                0x0000000020000000       0xc0
 *(.ram_vector_table)
 .ram_vector_table
                0x0000000020000000       0xc0 CMakeFiles/apds_C.dir/home/ncm656112/ESE519_Lab/lab2A/pico-sdk/src/rp2_common/pico_runtime/runtime.c.obj
                0x0000000020000000                ram_vector_table

.data           0x00000000200000c0      0x3c0 load address 0x0000000010008400
                0x00000000200000c0                __data_start__ = .
 *(vtable)
 *(.time_critical*)
 .time_critical.mutex_enter_blocking
                0x00000000200000c0       0x48 CMakeFiles/apds_C.dir/home/ncm656112/ESE519_Lab/lab2A/pico-sdk/src/common/pico_sync/mutex.c.obj
                0x00000000200000c0                mutex_enter_blocking
 .time_critical.mutex_try_enter
                0x0000000020000108       0x44 CMakeFiles/apds_C.dir/home/ncm656112/ESE519_Lab/lab2A/pico-sdk/src/common/pico_sync/mutex.c.obj
                0x0000000020000108                mutex_try_enter
 .time_critical.mutex_enter_timeout_ms
                0x000000002000014c       0xa0 CMakeFiles/apds_C.dir/home/ncm656112/ESE519_Lab/lab2A/pico-sdk/src/common/pico_sync/mutex.c.obj
                0x000000002000014c                mutex_enter_timeout_ms
 .time_critical.mutex_exit
                0x00000000200001ec       0x28 CMakeFiles/apds_C.dir/home/ncm656112/ESE519_Lab/lab2A/pico-sdk/src/common/pico_sync/mutex.c.obj
                0x00000000200001ec                mutex_exit
 .time_critical.flash_init_boot2_copyout
                0x0000000020000214       0x30 CMakeFiles/apds_C.dir/home/ncm656112/ESE519_Lab/lab2A/pico-sdk/src/rp2_common/hardware_flash/flash.c.obj
 .time_critical.flash_enable_xip_via_boot2
                0x0000000020000244       0x10 CMakeFiles/apds_C.dir/home/ncm656112/ESE519_Lab/lab2A/pico-sdk/src/rp2_common/hardware_flash/flash.c.obj
 .time_critical.flash_cs_force
                0x0000000020000254       0x38 CMakeFiles/apds_C.dir/home/ncm656112/ESE519_Lab/lab2A/pico-sdk/src/rp2_common/hardware_flash/flash.c.obj
 .time_critical.flash_do_cmd
                0x000000002000028c       0xc4 CMakeFiles/apds_C.dir/home/ncm656112/ESE519_Lab/lab2A/pico-sdk/src/rp2_common/hardware_flash/flash.c.obj
                0x000000002000028c                flash_do_cmd
 *(.text*)
 .text          0x0000000020000350        0x4 /usr/lib/gcc/arm-none-eabi/10.3.1/thumb/v6-m/nofp/libgcc.a(_dvmd_tls.o)
                0x0000000020000350                __aeabi_ldiv0
                0x0000000020000350                __aeabi_idiv0
 *fill*         0x0000000020000354        0x4 
 .text.__stub   0x0000000020000358       0x30 linker stubs
                0x0000000020000388                . = ALIGN (0x4)
 *(.rodata*)
                0x0000000020000388                . = ALIGN (0x4)
 *(.data*)
 .data.striped_spin_lock_num
                0x0000000020000388        0x1 CMakeFiles/apds_C.dir/home/ncm656112/ESE519_Lab/lab2A/pico-sdk/src/rp2_common/hardware_sync/sync.c.obj
 *fill*         0x0000000020000389        0x3 
 .data          0x000000002000038c       0x48 CMakeFiles/apds_C.dir/home/ncm656112/ESE519_Lab/lab2A/pico-sdk/src/rp2_common/hardware_irq/irq_handler_chain.S.obj
                0x000000002000038c                irq_handler_chain_slots
                0x00000000200003bc                irq_handler_chain_first_slot
                0x00000000200003c6                irq_handler_chain_remove_tail
 .data.default_alarm_pool
                0x00000000200003d4       0x18 CMakeFiles/apds_C.dir/home/ncm656112/ESE519_Lab/lab2A/pico-sdk/src/common/pico_time/time.c.obj
 .data.default_alarm_pool_heap
                0x00000000200003ec       0x10 CMakeFiles/apds_C.dir/home/ncm656112/ESE519_Lab/lab2A/pico-sdk/src/common/pico_time/time.c.obj
 *fill*         0x00000000200003fc        0x4 
 .data.aeabi_bits_funcs
                0x0000000020000400       0x10 CMakeFiles/apds_C.dir/home/ncm656112/ESE519_Lab/lab2A/pico-sdk/src/rp2_common/pico_bit_ops/bit_ops_aeabi.S.obj
                0x0000000020000400                aeabi_bits_funcs
                0x0000000020000410                aeabi_bits_funcs_end
 .data.aeabi_mem_funcs
                0x0000000020000410       0x10 CMakeFiles/apds_C.dir/home/ncm656112/ESE519_Lab/lab2A/pico-sdk/src/rp2_common/pico_mem_ops/mem_ops_aeabi.S.obj
                0x0000000020000410                aeabi_mem_funcs
                0x0000000020000420                aeabi_mem_funcs_end
 .data.stdio_usb
                0x0000000020000420       0x14 CMakeFiles/apds_C.dir/home/ncm656112/ESE519_Lab/lab2A/pico-sdk/src/rp2_common/pico_stdio_usb/stdio_usb.c.obj
                0x0000000020000420                stdio_usb
 .data.ep_dir_string
                0x0000000020000434        0x8 CMakeFiles/apds_C.dir/home/ncm656112/ESE519_Lab/lab2A/pico-sdk/lib/tinyusb/src/portable/raspberrypi/rp2040/rp2040_usb.c.obj
                0x0000000020000434                ep_dir_string
 .data._usbd_qdef
                0x000000002000043c       0x24 CMakeFiles/apds_C.dir/home/ncm656112/ESE519_Lab/lab2A/pico-sdk/lib/tinyusb/src/device/usbd.c.obj
                0x000000002000043c                _usbd_qdef
                0x0000000020000460                . = ALIGN (0x4)
 *(.after_data.*)
                0x0000000020000460                . = ALIGN (0x4)
                0x0000000020000460                PROVIDE (__mutex_array_start = .)
 *(SORT_BY_NAME(.mutex_array.*))
 *(.mutex_array)
 .mutex_array   0x0000000020000460        0x8 CMakeFiles/apds_C.dir/home/ncm656112/ESE519_Lab/lab2A/pico-sdk/src/rp2_common/pico_stdio/stdio.c.obj
                0x0000000020000468                PROVIDE (__mutex_array_end = .)
                0x0000000020000468                . = ALIGN (0x4)
                0x0000000020000468                PROVIDE (__preinit_array_start = .)
 *(SORT_BY_NAME(.preinit_array.*))
 .preinit_array.00001
                0x0000000020000468        0x4 CMakeFiles/apds_C.dir/home/ncm656112/ESE519_Lab/lab2A/pico-sdk/src/rp2_common/pico_mem_ops/mem_ops_aeabi.S.obj
 .preinit_array.00010
                0x000000002000046c        0x4 CMakeFiles/apds_C.dir/home/ncm656112/ESE519_Lab/lab2A/pico-sdk/src/rp2_common/pico_bit_ops/bit_ops_aeabi.S.obj
 .preinit_array.00020
                0x0000000020000470        0x4 CMakeFiles/apds_C.dir/home/ncm656112/ESE519_Lab/lab2A/pico-sdk/src/rp2_common/pico_double/double_aeabi.S.obj
 .preinit_array.00020
                0x0000000020000474        0x4 CMakeFiles/apds_C.dir/home/ncm656112/ESE519_Lab/lab2A/pico-sdk/src/rp2_common/pico_float/float_aeabi.S.obj
 *(.preinit_array)
                0x0000000020000478                PROVIDE (__preinit_array_end = .)
                0x0000000020000478                . = ALIGN (0x4)
                0x0000000020000478                PROVIDE (__init_array_start = .)
 *(SORT_BY_NAME(.init_array.*))
 *(.init_array)
 .init_array    0x0000000020000478        0x4 /usr/lib/gcc/arm-none-eabi/10.3.1/thumb/v6-m/nofp/crtbegin.o
 .init_array    0x000000002000047c        0x4 CMakeFiles/apds_C.dir/home/ncm656112/ESE519_Lab/lab2A/pico-sdk/src/rp2_common/pico_unique_id/unique_id.c.obj
                0x0000000020000480                PROVIDE (__init_array_end = .)
                0x0000000020000480                . = ALIGN (0x4)
                0x0000000020000480                PROVIDE (__fini_array_start = .)
 *(SORT_BY_NAME(.fini_array.*))
 *(.fini_array)
                0x0000000020000480                PROVIDE (__fini_array_end = .)
 *(.jcr)
                0x0000000020000480                . = ALIGN (0x4)
                0x0000000020000480                __data_end__ = .

.tm_clone_table
                0x0000000020000480        0x0 load address 0x00000000100087c0
 .tm_clone_table
                0x0000000020000480        0x0 /usr/lib/gcc/arm-none-eabi/10.3.1/thumb/v6-m/nofp/crtbegin.o
 .tm_clone_table
                0x0000000020000480        0x0 /usr/lib/gcc/arm-none-eabi/10.3.1/thumb/v6-m/nofp/crtend.o

.igot.plt       0x0000000020000480        0x0 load address 0x00000000100087c0
 .igot.plt      0x0000000020000480        0x0 /usr/lib/gcc/arm-none-eabi/10.3.1/thumb/v6-m/nofp/crtbegin.o

.uninitialized_data
                0x0000000020000480        0x0 load address 0x00000000100087c0
                0x0000000020000480                . = ALIGN (0x4)
 *(.uninitialized_data*)

.scratch_x      0x0000000020040000        0x0 load address 0x00000000100087c0
                0x0000000020040000                __scratch_x_start__ = .
 *(.scratch_x.*)
                0x0000000020040000                . = ALIGN (0x4)
                0x0000000020040000                __scratch_x_end__ = .
                0x00000000100087c0                __scratch_x_source__ = LOADADDR (.scratch_x)

.scratch_y      0x0000000020041000        0x0 load address 0x00000000100087c0
                0x0000000020041000                __scratch_y_start__ = .
 *(.scratch_y.*)
                0x0000000020041000                . = ALIGN (0x4)
                0x0000000020041000                __scratch_y_end__ = .
                0x00000000100087c0                __scratch_y_source__ = LOADADDR (.scratch_y)

.bss            0x0000000020000480      0xd90
                0x0000000020000480                . = ALIGN (0x4)
                0x0000000020000480                __bss_start__ = .
 *(SORT_BY_ALIGNMENT(SORT_BY_NAME(.bss*)))
 .bss.default_alarm_pool_entries
                0x0000000020000480      0x100 CMakeFiles/apds_C.dir/home/ncm656112/ESE519_Lab/lab2A/pico-sdk/src/common/pico_time/time.c.obj
 .bss.last_avail_time.1
                0x0000000020000580        0x8 CMakeFiles/apds_C.dir/home/ncm656112/ESE519_Lab/lab2A/pico-sdk/src/rp2_common/pico_stdio_usb/stdio_usb.c.obj
 .bss.sd_table  0x0000000020000588      0x100 CMakeFiles/apds_C.dir/home/ncm656112/ESE519_Lab/lab2A/pico-sdk/src/rp2_common/pico_double/double_init_rom.c.obj
                0x0000000020000588                sd_table
 .bss.sf_table  0x0000000020000688      0x100 CMakeFiles/apds_C.dir/home/ncm656112/ESE519_Lab/lab2A/pico-sdk/src/rp2_common/pico_float/float_init_rom.c.obj
                0x0000000020000688                sf_table
 .bss           0x0000000020000788       0x1c /usr/lib/gcc/arm-none-eabi/10.3.1/thumb/v6-m/nofp/crtbegin.o
 .bss._app_driver
                0x00000000200007a4        0x4 CMakeFiles/apds_C.dir/home/ncm656112/ESE519_Lab/lab2A/pico-sdk/lib/tinyusb/src/device/usbd.c.obj
 .bss._cdcd_itf
                0x00000000200007a8      0x2d8 CMakeFiles/apds_C.dir/home/ncm656112/ESE519_Lab/lab2A/pico-sdk/lib/tinyusb/src/class/cdc/cdc_device.c.obj
 .bss._ctrl_xfer
                0x0000000020000a80       0x14 CMakeFiles/apds_C.dir/home/ncm656112/ESE519_Lab/lab2A/pico-sdk/lib/tinyusb/src/device/usbd_control.c.obj
 .bss._ubsd_mutexdef
                0x0000000020000a94        0x8 CMakeFiles/apds_C.dir/home/ncm656112/ESE519_Lab/lab2A/pico-sdk/lib/tinyusb/src/device/usbd.c.obj
 .bss._usbd_ctrl_buf
                0x0000000020000a9c       0x40 CMakeFiles/apds_C.dir/home/ncm656112/ESE519_Lab/lab2A/pico-sdk/lib/tinyusb/src/device/usbd_control.c.obj
 .bss._usbd_dev
                0x0000000020000adc       0x53 CMakeFiles/apds_C.dir/home/ncm656112/ESE519_Lab/lab2A/pico-sdk/lib/tinyusb/src/device/usbd.c.obj
 *fill*         0x0000000020000b2f        0x1 
 .bss._usbd_mutex
                0x0000000020000b30        0x4 CMakeFiles/apds_C.dir/home/ncm656112/ESE519_Lab/lab2A/pico-sdk/lib/tinyusb/src/device/usbd.c.obj
 .bss._usbd_q   0x0000000020000b34        0x4 CMakeFiles/apds_C.dir/home/ncm656112/ESE519_Lab/lab2A/pico-sdk/lib/tinyusb/src/device/usbd.c.obj
 .bss._usbd_qdef_buf
                0x0000000020000b38       0xc0 CMakeFiles/apds_C.dir/home/ncm656112/ESE519_Lab/lab2A/pico-sdk/lib/tinyusb/src/device/usbd.c.obj
                0x0000000020000b38                _usbd_qdef_buf
 .bss._used_instruction_space
                0x0000000020000bf8        0x8 CMakeFiles/apds_C.dir/home/ncm656112/ESE519_Lab/lab2A/pico-sdk/src/rp2_common/hardware_pio/pio.c.obj
 .bss.alarm_callbacks
                0x0000000020000c00       0x10 CMakeFiles/apds_C.dir/home/ncm656112/ESE519_Lab/lab2A/pico-sdk/src/rp2_common/hardware_timer/timer.c.obj
 .bss.boot2_copyout
                0x0000000020000c10      0x100 CMakeFiles/apds_C.dir/home/ncm656112/ESE519_Lab/lab2A/pico-sdk/src/rp2_common/hardware_flash/flash.c.obj
 .bss.claimed   0x0000000020000d10        0x4 CMakeFiles/apds_C.dir/home/ncm656112/ESE519_Lab/lab2A/pico-sdk/src/rp2_common/hardware_sync/sync.c.obj
 .bss.configured_freq
                0x0000000020000d14       0x28 CMakeFiles/apds_C.dir/home/ncm656112/ESE519_Lab/lab2A/pico-sdk/src/rp2_common/hardware_clocks/clocks.c.obj
 .bss.default_alarm_pool_entry_ids_high
                0x0000000020000d3c       0x10 CMakeFiles/apds_C.dir/home/ncm656112/ESE519_Lab/lab2A/pico-sdk/src/common/pico_time/time.c.obj
 .bss.default_alarm_pool_heap_nodes
                0x0000000020000d4c       0x30 CMakeFiles/apds_C.dir/home/ncm656112/ESE519_Lab/lab2A/pico-sdk/src/common/pico_time/time.c.obj
 .bss.desc_str.0
                0x0000000020000d7c       0x28 CMakeFiles/apds_C.dir/home/ncm656112/ESE519_Lab/lab2A/pico-sdk/src/rp2_common/pico_stdio_usb/stdio_usb_descriptors.c.obj
 .bss.drivers   0x0000000020000da4        0x4 CMakeFiles/apds_C.dir/home/ncm656112/ESE519_Lab/lab2A/pico-sdk/src/rp2_common/pico_stdio/stdio.c.obj
 .bss.filter    0x0000000020000da8        0x4 CMakeFiles/apds_C.dir/home/ncm656112/ESE519_Lab/lab2A/pico-sdk/src/rp2_common/pico_stdio/stdio.c.obj
 .bss.hw_endpoints
                0x0000000020000dac      0x400 CMakeFiles/apds_C.dir/home/ncm656112/ESE519_Lab/lab2A/pico-sdk/lib/tinyusb/src/portable/raspberrypi/rp2040/dcd_rp2040.c.obj
 .bss.lazy_vsnprintf
                0x00000000200011ac        0x4 CMakeFiles/apds_C.dir/home/ncm656112/ESE519_Lab/lab2A/pico-sdk/src/rp2_common/pico_printf/printf.c.obj
 .bss.load_value
                0x00000000200011b0        0x4 CMakeFiles/apds_C.dir/home/ncm656112/ESE519_Lab/lab2A/pico-sdk/src/rp2_common/hardware_watchdog/watchdog.c.obj
 .bss.next_buffer_ptr
                0x00000000200011b4        0x4 CMakeFiles/apds_C.dir/home/ncm656112/ESE519_Lab/lab2A/pico-sdk/lib/tinyusb/src/portable/raspberrypi/rp2040/dcd_rp2040.c.obj
 .bss.pools     0x00000000200011b8       0x10 CMakeFiles/apds_C.dir/home/ncm656112/ESE519_Lab/lab2A/pico-sdk/src/common/pico_time/time.c.obj
 .bss.retrieved_id
                0x00000000200011c8        0x8 CMakeFiles/apds_C.dir/home/ncm656112/ESE519_Lab/lab2A/pico-sdk/src/rp2_common/pico_unique_id/unique_id.c.obj
 .bss.sf_clz_func
                0x00000000200011d0        0x4 CMakeFiles/apds_C.dir/home/ncm656112/ESE519_Lab/lab2A/pico-sdk/src/rp2_common/pico_double/double_init_rom.c.obj
                0x00000000200011d0                sf_clz_func
 .bss.sleep_notifier
                0x00000000200011d4        0x4 CMakeFiles/apds_C.dir/home/ncm656112/ESE519_Lab/lab2A/pico-sdk/src/common/pico_time/time.c.obj
 .bss.stdio_usb_mutex
                0x00000000200011d8        0x8 CMakeFiles/apds_C.dir/home/ncm656112/ESE519_Lab/lab2A/pico-sdk/src/rp2_common/pico_stdio_usb/stdio_usb.c.obj
 .bss.target_hi
                0x00000000200011e0       0x10 CMakeFiles/apds_C.dir/home/ncm656112/ESE519_Lab/lab2A/pico-sdk/src/rp2_common/hardware_timer/timer.c.obj
 .bss.usbd_serial_str
                0x00000000200011f0       0x11 CMakeFiles/apds_C.dir/home/ncm656112/ESE519_Lab/lab2A/pico-sdk/src/rp2_common/pico_stdio_usb/stdio_usb_descriptors.c.obj
 *fill*         0x0000000020001201        0x3 
 .bss.user_irq_claimed
                0x0000000020001204        0x2 CMakeFiles/apds_C.dir/home/ncm656112/ESE519_Lab/lab2A/pico-sdk/src/rp2_common/hardware_irq/irq.c.obj
 .bss._app_driver_count
                0x0000000020001206        0x1 CMakeFiles/apds_C.dir/home/ncm656112/ESE519_Lab/lab2A/pico-sdk/lib/tinyusb/src/device/usbd.c.obj
 .bss._usbd_initialized
                0x0000000020001207        0x1 CMakeFiles/apds_C.dir/home/ncm656112/ESE519_Lab/lab2A/pico-sdk/lib/tinyusb/src/device/usbd.c.obj
 .bss.boot2_copyout_valid
                0x0000000020001208        0x1 CMakeFiles/apds_C.dir/home/ncm656112/ESE519_Lab/lab2A/pico-sdk/src/rp2_common/hardware_flash/flash.c.obj
 .bss.claimed   0x0000000020001209        0x1 CMakeFiles/apds_C.dir/home/ncm656112/ESE519_Lab/lab2A/pico-sdk/src/rp2_common/hardware_timer/timer.c.obj
 .bss.irq_hander_chain_free_slot_head
                0x000000002000120a        0x1 CMakeFiles/apds_C.dir/home/ncm656112/ESE519_Lab/lab2A/pico-sdk/src/rp2_common/hardware_irq/irq.c.obj
 .bss.itf_num   0x000000002000120b        0x1 CMakeFiles/apds_C.dir/home/ncm656112/ESE519_Lab/lab2A/pico-sdk/src/rp2_common/pico_stdio_usb/reset_interface.c.obj
 .bss.low_priority_irq_num
                0x000000002000120c        0x1 CMakeFiles/apds_C.dir/home/ncm656112/ESE519_Lab/lab2A/pico-sdk/src/rp2_common/pico_stdio_usb/stdio_usb.c.obj
 .bss.timer_callbacks_pending
                0x000000002000120d        0x1 CMakeFiles/apds_C.dir/home/ncm656112/ESE519_Lab/lab2A/pico-sdk/src/rp2_common/hardware_timer/timer.c.obj
 *(COMMON)
                0x0000000020001210                . = ALIGN (0x4)
 *fill*         0x000000002000120e        0x2 
                0x0000000020001210                __bss_end__ = .

.heap           0x0000000020001210      0x800
                0x0000000020001210                __end__ = .
                0x0000000020001210                end = __end__
 *(.heap*)
 .heap          0x0000000020001210      0x800 CMakeFiles/apds_C.dir/home/ncm656112/ESE519_Lab/lab2A/pico-sdk/src/rp2_common/pico_standard_link/crt0.S.obj
                0x0000000020001a10                __HeapLimit = .

.stack1_dummy   0x0000000020040000        0x0
 *(.stack1*)

.stack_dummy    0x0000000020041000      0x800
 *(.stack*)
 .stack         0x0000000020041000      0x800 CMakeFiles/apds_C.dir/home/ncm656112/ESE519_Lab/lab2A/pico-sdk/src/rp2_common/pico_standard_link/crt0.S.obj

.flash_end      0x00000000100087c0        0x0
                0x00000000100087c0                __flash_binary_end = .
                0x0000000020040000                __StackLimit = (ORIGIN (RAM) + LENGTH (RAM))
                0x0000000020041000                __StackOneTop = (ORIGIN (SCRATCH_X) + LENGTH (SCRATCH_X))
                0x0000000020042000                __StackTop = (ORIGIN (SCRATCH_Y) + LENGTH (SCRATCH_Y))
                0x0000000020041000                __StackOneBottom = (__StackOneTop - SIZEOF (.stack1_dummy))
                0x0000000020041800                __StackBottom = (__StackTop - SIZEOF (.stack_dummy))
                0x0000000020042000                PROVIDE (__stack = __StackTop)
                0x0000000000000001                ASSERT ((__StackLimit >= __HeapLimit), region RAM overflowed)
                0x0000000000000001                ASSERT (((__binary_info_header_end - __logical_binary_start) <= 0x100), Binary info must be in first 256 bytes of the binary)
LOAD CMakeFiles/apds_C.dir/main.c.obj
LOAD CMakeFiles/apds_C.dir/pio_i2c.c.obj
LOAD CMakeFiles/apds_C.dir/APDS9960.c.obj
LOAD CMakeFiles/apds_C.dir/ws2812.c.obj
LOAD CMakeFiles/apds_C.dir/home/ncm656112/ESE519_Lab/lab2A/pico-sdk/src/rp2_common/pico_stdlib/stdlib.c.obj
LOAD CMakeFiles/apds_C.dir/home/ncm656112/ESE519_Lab/lab2A/pico-sdk/src/rp2_common/hardware_gpio/gpio.c.obj
LOAD CMakeFiles/apds_C.dir/home/ncm656112/ESE519_Lab/lab2A/pico-sdk/src/rp2_common/hardware_claim/claim.c.obj
LOAD CMakeFiles/apds_C.dir/home/ncm656112/ESE519_Lab/lab2A/pico-sdk/src/rp2_common/pico_platform/platform.c.obj
LOAD CMakeFiles/apds_C.dir/home/ncm656112/ESE519_Lab/lab2A/pico-sdk/src/rp2_common/hardware_sync/sync.c.obj
LOAD CMakeFiles/apds_C.dir/home/ncm656112/ESE519_Lab/lab2A/pico-sdk/src/rp2_common/hardware_irq/irq.c.obj
LOAD CMakeFiles/apds_C.dir/home/ncm656112/ESE519_Lab/lab2A/pico-sdk/src/rp2_common/hardware_irq/irq_handler_chain.S.obj
LOAD CMakeFiles/apds_C.dir/home/ncm656112/ESE519_Lab/lab2A/pico-sdk/src/common/pico_sync/sem.c.obj
LOAD CMakeFiles/apds_C.dir/home/ncm656112/ESE519_Lab/lab2A/pico-sdk/src/common/pico_sync/lock_core.c.obj
LOAD CMakeFiles/apds_C.dir/home/ncm656112/ESE519_Lab/lab2A/pico-sdk/src/common/pico_time/time.c.obj
LOAD CMakeFiles/apds_C.dir/home/ncm656112/ESE519_Lab/lab2A/pico-sdk/src/common/pico_time/timeout_helper.c.obj
LOAD CMakeFiles/apds_C.dir/home/ncm656112/ESE519_Lab/lab2A/pico-sdk/src/rp2_common/hardware_timer/timer.c.obj
LOAD CMakeFiles/apds_C.dir/home/ncm656112/ESE519_Lab/lab2A/pico-sdk/src/common/pico_util/datetime.c.obj
LOAD CMakeFiles/apds_C.dir/home/ncm656112/ESE519_Lab/lab2A/pico-sdk/src/common/pico_util/pheap.c.obj
LOAD CMakeFiles/apds_C.dir/home/ncm656112/ESE519_Lab/lab2A/pico-sdk/src/common/pico_util/queue.c.obj
LOAD CMakeFiles/apds_C.dir/home/ncm656112/ESE519_Lab/lab2A/pico-sdk/src/common/pico_sync/mutex.c.obj
LOAD CMakeFiles/apds_C.dir/home/ncm656112/ESE519_Lab/lab2A/pico-sdk/src/common/pico_sync/critical_section.c.obj
LOAD CMakeFiles/apds_C.dir/home/ncm656112/ESE519_Lab/lab2A/pico-sdk/src/rp2_common/hardware_uart/uart.c.obj
LOAD CMakeFiles/apds_C.dir/home/ncm656112/ESE519_Lab/lab2A/pico-sdk/src/rp2_common/hardware_divider/divider.S.obj
LOAD CMakeFiles/apds_C.dir/home/ncm656112/ESE519_Lab/lab2A/pico-sdk/src/rp2_common/pico_runtime/runtime.c.obj
LOAD CMakeFiles/apds_C.dir/home/ncm656112/ESE519_Lab/lab2A/pico-sdk/src/rp2_common/hardware_clocks/clocks.c.obj
LOAD CMakeFiles/apds_C.dir/home/ncm656112/ESE519_Lab/lab2A/pico-sdk/src/rp2_common/hardware_pll/pll.c.obj
LOAD CMakeFiles/apds_C.dir/home/ncm656112/ESE519_Lab/lab2A/pico-sdk/src/rp2_common/hardware_vreg/vreg.c.obj
LOAD CMakeFiles/apds_C.dir/home/ncm656112/ESE519_Lab/lab2A/pico-sdk/src/rp2_common/hardware_watchdog/watchdog.c.obj
LOAD CMakeFiles/apds_C.dir/home/ncm656112/ESE519_Lab/lab2A/pico-sdk/src/rp2_common/hardware_xosc/xosc.c.obj
LOAD CMakeFiles/apds_C.dir/home/ncm656112/ESE519_Lab/lab2A/pico-sdk/src/rp2_common/pico_printf/printf.c.obj
LOAD CMakeFiles/apds_C.dir/home/ncm656112/ESE519_Lab/lab2A/pico-sdk/src/rp2_common/pico_bit_ops/bit_ops_aeabi.S.obj
LOAD CMakeFiles/apds_C.dir/home/ncm656112/ESE519_Lab/lab2A/pico-sdk/src/rp2_common/pico_bootrom/bootrom.c.obj
LOAD CMakeFiles/apds_C.dir/home/ncm656112/ESE519_Lab/lab2A/pico-sdk/src/rp2_common/pico_divider/divider.S.obj
LOAD CMakeFiles/apds_C.dir/home/ncm656112/ESE519_Lab/lab2A/pico-sdk/src/rp2_common/pico_double/double_aeabi.S.obj
LOAD CMakeFiles/apds_C.dir/home/ncm656112/ESE519_Lab/lab2A/pico-sdk/src/rp2_common/pico_double/double_init_rom.c.obj
LOAD CMakeFiles/apds_C.dir/home/ncm656112/ESE519_Lab/lab2A/pico-sdk/src/rp2_common/pico_double/double_math.c.obj
LOAD CMakeFiles/apds_C.dir/home/ncm656112/ESE519_Lab/lab2A/pico-sdk/src/rp2_common/pico_double/double_v1_rom_shim.S.obj
LOAD CMakeFiles/apds_C.dir/home/ncm656112/ESE519_Lab/lab2A/pico-sdk/src/rp2_common/pico_int64_ops/pico_int64_ops_aeabi.S.obj
LOAD CMakeFiles/apds_C.dir/home/ncm656112/ESE519_Lab/lab2A/pico-sdk/src/rp2_common/pico_float/float_aeabi.S.obj
LOAD CMakeFiles/apds_C.dir/home/ncm656112/ESE519_Lab/lab2A/pico-sdk/src/rp2_common/pico_float/float_init_rom.c.obj
LOAD CMakeFiles/apds_C.dir/home/ncm656112/ESE519_Lab/lab2A/pico-sdk/src/rp2_common/pico_float/float_math.c.obj
LOAD CMakeFiles/apds_C.dir/home/ncm656112/ESE519_Lab/lab2A/pico-sdk/src/rp2_common/pico_float/float_v1_rom_shim.S.obj
LOAD CMakeFiles/apds_C.dir/home/ncm656112/ESE519_Lab/lab2A/pico-sdk/src/rp2_common/pico_malloc/pico_malloc.c.obj
LOAD CMakeFiles/apds_C.dir/home/ncm656112/ESE519_Lab/lab2A/pico-sdk/src/rp2_common/pico_mem_ops/mem_ops_aeabi.S.obj
LOAD CMakeFiles/apds_C.dir/home/ncm656112/ESE519_Lab/lab2A/pico-sdk/src/rp2_common/pico_standard_link/crt0.S.obj
LOAD CMakeFiles/apds_C.dir/home/ncm656112/ESE519_Lab/lab2A/pico-sdk/src/rp2_common/pico_standard_link/new_delete.cpp.obj
LOAD CMakeFiles/apds_C.dir/home/ncm656112/ESE519_Lab/lab2A/pico-sdk/src/rp2_common/pico_standard_link/binary_info.c.obj
LOAD CMakeFiles/apds_C.dir/home/ncm656112/ESE519_Lab/lab2A/pico-sdk/src/rp2_common/pico_stdio/stdio.c.obj
LOAD CMakeFiles/apds_C.dir/home/ncm656112/ESE519_Lab/lab2A/pico-sdk/src/rp2_common/pico_stdio_usb/reset_interface.c.obj
LOAD CMakeFiles/apds_C.dir/home/ncm656112/ESE519_Lab/lab2A/pico-sdk/src/rp2_common/pico_stdio_usb/stdio_usb.c.obj
LOAD CMakeFiles/apds_C.dir/home/ncm656112/ESE519_Lab/lab2A/pico-sdk/src/rp2_common/pico_stdio_usb/stdio_usb_descriptors.c.obj
LOAD CMakeFiles/apds_C.dir/home/ncm656112/ESE519_Lab/lab2A/pico-sdk/lib/tinyusb/src/portable/raspberrypi/rp2040/dcd_rp2040.c.obj
LOAD CMakeFiles/apds_C.dir/home/ncm656112/ESE519_Lab/lab2A/pico-sdk/lib/tinyusb/src/portable/raspberrypi/rp2040/rp2040_usb.c.obj
LOAD CMakeFiles/apds_C.dir/home/ncm656112/ESE519_Lab/lab2A/pico-sdk/lib/tinyusb/src/device/usbd.c.obj
LOAD CMakeFiles/apds_C.dir/home/ncm656112/ESE519_Lab/lab2A/pico-sdk/lib/tinyusb/src/device/usbd_control.c.obj
LOAD CMakeFiles/apds_C.dir/home/ncm656112/ESE519_Lab/lab2A/pico-sdk/lib/tinyusb/src/class/audio/audio_device.c.obj
LOAD CMakeFiles/apds_C.dir/home/ncm656112/ESE519_Lab/lab2A/pico-sdk/lib/tinyusb/src/class/cdc/cdc_device.c.obj
LOAD CMakeFiles/apds_C.dir/home/ncm656112/ESE519_Lab/lab2A/pico-sdk/lib/tinyusb/src/class/dfu/dfu_device.c.obj
LOAD CMakeFiles/apds_C.dir/home/ncm656112/ESE519_Lab/lab2A/pico-sdk/lib/tinyusb/src/class/dfu/dfu_rt_device.c.obj
LOAD CMakeFiles/apds_C.dir/home/ncm656112/ESE519_Lab/lab2A/pico-sdk/lib/tinyusb/src/class/hid/hid_device.c.obj
LOAD CMakeFiles/apds_C.dir/home/ncm656112/ESE519_Lab/lab2A/pico-sdk/lib/tinyusb/src/class/midi/midi_device.c.obj
LOAD CMakeFiles/apds_C.dir/home/ncm656112/ESE519_Lab/lab2A/pico-sdk/lib/tinyusb/src/class/msc/msc_device.c.obj
LOAD CMakeFiles/apds_C.dir/home/ncm656112/ESE519_Lab/lab2A/pico-sdk/lib/tinyusb/src/class/net/ecm_rndis_device.c.obj
LOAD CMakeFiles/apds_C.dir/home/ncm656112/ESE519_Lab/lab2A/pico-sdk/lib/tinyusb/src/class/net/ncm_device.c.obj
LOAD CMakeFiles/apds_C.dir/home/ncm656112/ESE519_Lab/lab2A/pico-sdk/lib/tinyusb/src/class/usbtmc/usbtmc_device.c.obj
LOAD CMakeFiles/apds_C.dir/home/ncm656112/ESE519_Lab/lab2A/pico-sdk/lib/tinyusb/src/class/vendor/vendor_device.c.obj
LOAD CMakeFiles/apds_C.dir/home/ncm656112/ESE519_Lab/lab2A/pico-sdk/lib/tinyusb/src/class/video/video_device.c.obj
LOAD CMakeFiles/apds_C.dir/home/ncm656112/ESE519_Lab/lab2A/pico-sdk/lib/tinyusb/src/tusb.c.obj
LOAD CMakeFiles/apds_C.dir/home/ncm656112/ESE519_Lab/lab2A/pico-sdk/lib/tinyusb/src/common/tusb_fifo.c.obj
LOAD CMakeFiles/apds_C.dir/home/ncm656112/ESE519_Lab/lab2A/pico-sdk/src/rp2_common/pico_fix/rp2040_usb_device_enumeration/rp2040_usb_device_enumeration.c.obj
LOAD CMakeFiles/apds_C.dir/home/ncm656112/ESE519_Lab/lab2A/pico-sdk/src/rp2_common/pico_unique_id/unique_id.c.obj
LOAD CMakeFiles/apds_C.dir/home/ncm656112/ESE519_Lab/lab2A/pico-sdk/src/rp2_common/hardware_flash/flash.c.obj
LOAD CMakeFiles/apds_C.dir/home/ncm656112/ESE519_Lab/lab2A/pico-sdk/src/rp2_common/hardware_pio/pio.c.obj
LOAD /tmp/cca3lnml.o
LOAD /usr/lib/gcc/arm-none-eabi/10.3.1/../../../arm-none-eabi/lib/thumb/v6-m/nofp/libstdc++.a
LOAD /usr/lib/gcc/arm-none-eabi/10.3.1/../../../arm-none-eabi/lib/thumb/v6-m/nofp/libm.a
START GROUP
LOAD /usr/lib/gcc/arm-none-eabi/10.3.1/thumb/v6-m/nofp/libgcc.a
LOAD /usr/lib/gcc/arm-none-eabi/10.3.1/../../../arm-none-eabi/lib/thumb/v6-m/nofp/libc.a
END GROUP
START GROUP
LOAD /usr/lib/gcc/arm-none-eabi/10.3.1/thumb/v6-m/nofp/libgcc.a