Archive member included to satisfy reference by file (symbol)

/usr/lib/gcc/arm-none-eabi/10.3.1/thumb/v6-m/nofp/libgcc.a(_dvmd_tls.o)
                              CMakeFiles/repl.dir/home/ncm656112/ESE519_Lab/lab2A/pico-sdk/src/rp2_common/pico_divider/divider.S.obj (__aeabi_idiv0)
/usr/lib/gcc/arm-none-eabi/10.3.1/../../../arm-none-eabi/lib/thumb/v6-m/nofp/libc.a(lib_a-atexit.o)
                              /usr/lib/gcc/arm-none-eabi/10.3.1/../../../arm-none-eabi/lib/thumb/v6-m/nofp/crt0.o (atexit)
/usr/lib/gcc/arm-none-eabi/10.3.1/../../../arm-none-eabi/lib/thumb/v6-m/nofp/libc.a(lib_a-calloc.o)
                              CMakeFiles/repl.dir/home/ncm656112/ESE519_Lab/lab2A/pico-sdk/src/rp2_common/pico_malloc/pico_malloc.c.obj (calloc)
/usr/lib/gcc/arm-none-eabi/10.3.1/../../../arm-none-eabi/lib/thumb/v6-m/nofp/libc.a(lib_a-callocr.o)
                              /usr/lib/gcc/arm-none-eabi/10.3.1/../../../arm-none-eabi/lib/thumb/v6-m/nofp/libc.a(lib_a-calloc.o) (_calloc_r)
/usr/lib/gcc/arm-none-eabi/10.3.1/../../../arm-none-eabi/lib/thumb/v6-m/nofp/libc.a(lib_a-fini.o)
                              /usr/lib/gcc/arm-none-eabi/10.3.1/../../../arm-none-eabi/lib/thumb/v6-m/nofp/crt0.o (__libc_fini_array)
/usr/lib/gcc/arm-none-eabi/10.3.1/../../../arm-none-eabi/lib/thumb/v6-m/nofp/libc.a(lib_a-impure.o)
                              /usr/lib/gcc/arm-none-eabi/10.3.1/../../../arm-none-eabi/lib/thumb/v6-m/nofp/libc.a(lib_a-calloc.o) (_impure_ptr)
/usr/lib/gcc/arm-none-eabi/10.3.1/../../../arm-none-eabi/lib/thumb/v6-m/nofp/libc.a(lib_a-init.o)
                              /usr/lib/gcc/arm-none-eabi/10.3.1/../../../arm-none-eabi/lib/thumb/v6-m/nofp/crt0.o (__libc_init_array)
/usr/lib/gcc/arm-none-eabi/10.3.1/../../../arm-none-eabi/lib/thumb/v6-m/nofp/libc.a(lib_a-malloc.o)
                              CMakeFiles/repl.dir/home/ncm656112/ESE519_Lab/lab2A/pico-sdk/src/rp2_common/pico_malloc/pico_malloc.c.obj (malloc)
/usr/lib/gcc/arm-none-eabi/10.3.1/../../../arm-none-eabi/lib/thumb/v6-m/nofp/libc.a(lib_a-mallocr.o)
                              /usr/lib/gcc/arm-none-eabi/10.3.1/../../../arm-none-eabi/lib/thumb/v6-m/nofp/libc.a(lib_a-callocr.o) (_malloc_r)
/usr/lib/gcc/arm-none-eabi/10.3.1/../../../arm-none-eabi/lib/thumb/v6-m/nofp/libc.a(lib_a-mlock.o)
                              /usr/lib/gcc/arm-none-eabi/10.3.1/../../../arm-none-eabi/lib/thumb/v6-m/nofp/libc.a(lib_a-mallocr.o) (__malloc_lock)
/usr/lib/gcc/arm-none-eabi/10.3.1/../../../arm-none-eabi/lib/thumb/v6-m/nofp/libc.a(lib_a-realloc.o)
                              CMakeFiles/repl.dir/home/ncm656112/ESE519_Lab/lab2A/pico-sdk/src/rp2_common/pico_malloc/pico_malloc.c.obj (realloc)
/usr/lib/gcc/arm-none-eabi/10.3.1/../../../arm-none-eabi/lib/thumb/v6-m/nofp/libc.a(lib_a-reallocr.o)
                              /usr/lib/gcc/arm-none-eabi/10.3.1/../../../arm-none-eabi/lib/thumb/v6-m/nofp/libc.a(lib_a-realloc.o) (_realloc_r)
/usr/lib/gcc/arm-none-eabi/10.3.1/../../../arm-none-eabi/lib/thumb/v6-m/nofp/libc.a(lib_a-sbrkr.o)
                              /usr/lib/gcc/arm-none-eabi/10.3.1/../../../arm-none-eabi/lib/thumb/v6-m/nofp/libc.a(lib_a-mallocr.o) (_sbrk_r)
/usr/lib/gcc/arm-none-eabi/10.3.1/../../../arm-none-eabi/lib/thumb/v6-m/nofp/libc.a(lib_a-strlen-stub.o)
                              CMakeFiles/repl.dir/home/ncm656112/ESE519_Lab/lab2A/pico-sdk/src/rp2_common/pico_stdio/stdio.c.obj (strlen)
/usr/lib/gcc/arm-none-eabi/10.3.1/../../../arm-none-eabi/lib/thumb/v6-m/nofp/libc.a(lib_a-__atexit.o)
                              /usr/lib/gcc/arm-none-eabi/10.3.1/../../../arm-none-eabi/lib/thumb/v6-m/nofp/libc.a(lib_a-atexit.o) (__register_exitproc)
/usr/lib/gcc/arm-none-eabi/10.3.1/../../../arm-none-eabi/lib/thumb/v6-m/nofp/libc.a(lib_a-freer.o)
                              /usr/lib/gcc/arm-none-eabi/10.3.1/../../../arm-none-eabi/lib/thumb/v6-m/nofp/libc.a(lib_a-malloc.o) (_free_r)
/usr/lib/gcc/arm-none-eabi/10.3.1/../../../arm-none-eabi/lib/thumb/v6-m/nofp/libc.a(lib_a-memmove.o)
                              /usr/lib/gcc/arm-none-eabi/10.3.1/../../../arm-none-eabi/lib/thumb/v6-m/nofp/libc.a(lib_a-reallocr.o) (memmove)
/usr/lib/gcc/arm-none-eabi/10.3.1/../../../arm-none-eabi/lib/thumb/v6-m/nofp/libc.a(lib_a-reent.o)
                              /usr/lib/gcc/arm-none-eabi/10.3.1/../../../arm-none-eabi/lib/thumb/v6-m/nofp/libc.a(lib_a-sbrkr.o) (errno)

Discarded input sections

 .text          0x0000000000000000        0x0 /usr/lib/gcc/arm-none-eabi/10.3.1/thumb/v6-m/nofp/crti.o
 .data          0x0000000000000000        0x0 /usr/lib/gcc/arm-none-eabi/10.3.1/thumb/v6-m/nofp/crti.o
 .bss           0x0000000000000000        0x0 /usr/lib/gcc/arm-none-eabi/10.3.1/thumb/v6-m/nofp/crti.o
 .data          0x0000000000000000        0x4 /usr/lib/gcc/arm-none-eabi/10.3.1/thumb/v6-m/nofp/crtbegin.o
 .rodata        0x0000000000000000       0x24 /usr/lib/gcc/arm-none-eabi/10.3.1/thumb/v6-m/nofp/crtbegin.o
[...]
Memory Configuration

Name             Origin             Length             Attributes
FLASH            0x0000000010000000 0x0000000000200000 xr
RAM              0x0000000020000000 0x0000000000040000 xrw
SCRATCH_X        0x0000000020040000 0x0000000000001000 xrw
SCRATCH_Y        0x0000000020041000 0x0000000000001000 xrw
*default*        0x0000000000000000 0xffffffffffffffff

Linker script and memory map

LOAD /usr/lib/gcc/arm-none-eabi/10.3.1/thumb/v6-m/nofp/crti.o
LOAD /usr/lib/gcc/arm-none-eabi/10.3.1/thumb/v6-m/nofp/crtbegin.o
LOAD /usr/lib/gcc/arm-none-eabi/10.3.1/../../../arm-none-eabi/lib/thumb/v6-m/nofp/crt0.o

.flash_begin    0x0000000010000000        0x0
                0x0000000010000000                __flash_binary_start = .

.boot2          0x0000000010000000      0x100
                0x0000000010000000                __boot2_start__ = .
 *(.boot2)
 .boot2         0x0000000010000000      0x100 /tmp/ccpb8kad.o
                0x0000000010000100                __boot2_end__ = .
                0x0000000000000001                ASSERT (((__boot2_end__ - __boot2_start__) == 0x100), ERROR: Pico second stage bootloader must be 256 bytes in size)

.text           0x0000000010000100     0x92b0
                0x0000000010000100                __logical_binary_start = .
 *(.vectors)
 .vectors       0x0000000010000100       0xd4 CMakeFiles/repl.dir/home/ncm656112/ESE519_Lab/lab2A/pico-sdk/src/rp2_common/pico_standard_link/crt0.S.obj
                0x0000000010000100                __vectors
                0x0000000010000100                __VECTOR_TABLE
                0x00000000100001c0                isr_invalid
                0x00000000100001c0                __default_isrs_start
                0x00000000100001c2                isr_nmi
                0x00000000100001c4                isr_hardfault
                0x00000000100001c6                isr_svcall
                0x00000000100001c8                isr_pendsv
                0x00000000100001ca                isr_systick
                0x00000000100001cc                isr_irq30
                0x00000000100001cc                __unhandled_user_irq
                0x00000000100001cc                isr_irq13
                0x00000000100001cc                isr_irq27
                0x00000000100001cc                isr_irq31
                0x00000000100001cc                isr_irq5
                0x00000000100001cc                isr_irq11
                0x00000000100001cc                isr_irq23
                0x00000000100001cc                isr_irq18
                0x00000000100001cc                isr_irq28
                0x00000000100001cc                isr_irq19
                0x00000000100001cc                isr_irq0
                0x00000000100001cc                isr_irq6
                0x00000000100001cc                isr_irq22
                0x00000000100001cc                isr_irq17
                0x00000000100001cc                isr_irq14
                0x00000000100001cc                isr_irq2
                0x00000000100001cc                isr_irq10
                0x00000000100001cc                isr_irq8
                0x00000000100001cc                isr_irq24
                0x00000000100001cc                isr_irq1
                0x00000000100001cc                isr_irq7
                0x00000000100001cc                isr_irq21
                0x00000000100001cc                isr_irq20
                0x00000000100001cc                isr_irq15
                0x00000000100001cc                isr_irq25
                0x00000000100001cc                isr_irq4
                0x00000000100001cc                isr_irq16
                0x00000000100001cc                isr_irq29
                0x00000000100001cc                isr_irq26
                0x00000000100001cc                __default_isrs_end
                0x00000000100001cc                isr_irq3
                0x00000000100001cc                isr_irq12
                0x00000000100001cc                isr_irq9
                0x00000000100001d2                unhandled_user_irq_num_in_r0
 *(.binary_info_header)
 .binary_info_header
                0x00000000100001d4       0x14 CMakeFiles/repl.dir/home/ncm656112/ESE519_Lab/lab2A/pico-sdk/src/rp2_common/pico_standard_link/crt0.S.obj
                0x00000000100001e8                __binary_info_header_end = .
 *(.reset)
 .reset         0x00000000100001e8       0xa8 CMakeFiles/repl.dir/home/ncm656112/ESE519_Lab/lab2A/pico-sdk/src/rp2_common/pico_standard_link/crt0.S.obj
                0x00000000100001e8                _entry_point
                0x0000000010000266                __get_current_exception
 .reset         0x0000000010000290       0x30 CMakeFiles/repl.dir/home/ncm656112/ESE519_Lab/lab2A/pico-sdk/src/rp2_common/pico_standard_link/binary_info.c.obj
 *(.init)
 .init          0x00000000100002c0        0x4 /usr/lib/gcc/arm-none-eabi/10.3.1/thumb/v6-m/nofp/crti.o
                0x00000000100002c0                _init
 *(EXCLUDE_FILE(*libm.a: *libc.a:*lib_a-mem*.o *libgcc.a:) .text*)
 .text          0x00000000100002c4       0x98 /usr/lib/gcc/arm-none-eabi/10.3.1/thumb/v6-m/nofp/crtbegin.o
 .text.logic_analyser_init
                0x000000001000035c       0xa8 CMakeFiles/repl.dir/repl.c.obj
                0x000000001000035c                logic_analyser_init
 .text.set_register_content
                0x0000000010000404       0xd8 CMakeFiles/repl.dir/repl.c.obj
                0x0000000010000404                set_register_content
 .text.startup.main
                0x00000000100004dc      0x664 CMakeFiles/repl.dir/repl.c.obj
                0x00000000100004dc                main
 .text.neopixel_init
                0x0000000010000b40       0xc8 CMakeFiles/repl.dir/neopixel.c.obj
                0x0000000010000b40                neopixel_init
 .text.gpio_set_function
                0x0000000010000c08       0x30 CMakeFiles/repl.dir/home/ncm656112/ESE519_Lab/lab2A/pico-sdk/src/rp2_common/hardware_gpio/gpio.c.obj
                0x0000000010000c08                gpio_set_function
 .text.gpio_init
                0x0000000010000c38       0x3c CMakeFiles/repl.dir/home/ncm656112/ESE519_Lab/lab2A/pico-sdk/src/rp2_common/hardware_gpio/gpio.c.obj
                0x0000000010000c38                gpio_init
 .text.hw_claim_lock
                0x0000000010000c74       0x18 CMakeFiles/repl.dir/home/ncm656112/ESE519_Lab/lab2A/pico-sdk/src/rp2_common/hardware_claim/claim.c.obj
                0x0000000010000c74                hw_claim_lock
 .text.hw_claim_unlock
                0x0000000010000c8c       0x14 CMakeFiles/repl.dir/home/ncm656112/ESE519_Lab/lab2A/pico-sdk/src/rp2_common/hardware_claim/claim.c.obj
                0x0000000010000c8c                hw_claim_unlock
 .text.hw_claim_or_assert
                0x0000000010000ca0       0x44 CMakeFiles/repl.dir/home/ncm656112/ESE519_Lab/lab2A/pico-sdk/src/rp2_common/hardware_claim/claim.c.obj
                0x0000000010000ca0                hw_claim_or_assert
 .text.hw_claim_unused_from_range
                0x0000000010000ce4       0x9c CMakeFiles/repl.dir/home/ncm656112/ESE519_Lab/lab2A/pico-sdk/src/rp2_common/hardware_claim/claim.c.obj
                0x0000000010000ce4                hw_claim_unused_from_range
 .text.running_on_fpga
                0x0000000010000d80       0x10 CMakeFiles/repl.dir/home/ncm656112/ESE519_Lab/lab2A/pico-sdk/src/rp2_common/pico_platform/platform.c.obj
                0x0000000010000d80                running_on_fpga
 .text.spin_locks_reset
                0x0000000010000d90       0x1c CMakeFiles/repl.dir/home/ncm656112/ESE519_Lab/lab2A/pico-sdk/src/rp2_common/hardware_sync/sync.c.obj
                0x0000000010000d90                spin_locks_reset
 .text.next_striped_spin_lock_num
                0x0000000010000dac       0x18 CMakeFiles/repl.dir/home/ncm656112/ESE519_Lab/lab2A/pico-sdk/src/rp2_common/hardware_sync/sync.c.obj
                0x0000000010000dac                next_striped_spin_lock_num
 .text.spin_lock_claim_unused
                0x0000000010000dc4       0x20 CMakeFiles/repl.dir/home/ncm656112/ESE519_Lab/lab2A/pico-sdk/src/rp2_common/hardware_sync/sync.c.obj
                0x0000000010000dc4                spin_lock_claim_unused
 .text.irq_set_enabled
                0x0000000010000de4       0x24 CMakeFiles/repl.dir/home/ncm656112/ESE519_Lab/lab2A/pico-sdk/src/rp2_common/hardware_irq/irq.c.obj
                0x0000000010000de4                irq_set_enabled
 .text.irq_set_pending
                0x0000000010000e08       0x10 CMakeFiles/repl.dir/home/ncm656112/ESE519_Lab/lab2A/pico-sdk/src/rp2_common/hardware_irq/irq.c.obj
                0x0000000010000e08                irq_set_pending
 .text.irq_has_shared_handler
                0x0000000010000e18       0x2c CMakeFiles/repl.dir/home/ncm656112/ESE519_Lab/lab2A/pico-sdk/src/rp2_common/hardware_irq/irq.c.obj
                0x0000000010000e18                irq_has_shared_handler
 .text.irq_get_vtable_handler
                0x0000000010000e44       0x10 CMakeFiles/repl.dir/home/ncm656112/ESE519_Lab/lab2A/pico-sdk/src/rp2_common/hardware_irq/irq.c.obj
                0x0000000010000e44                irq_get_vtable_handler
 .text.irq_set_exclusive_handler
                0x0000000010000e54       0x54 CMakeFiles/repl.dir/home/ncm656112/ESE519_Lab/lab2A/pico-sdk/src/rp2_common/hardware_irq/irq.c.obj
                0x0000000010000e54                irq_set_exclusive_handler
 .text.irq_add_shared_handler
                0x0000000010000ea8      0x1e4 CMakeFiles/repl.dir/home/ncm656112/ESE519_Lab/lab2A/pico-sdk/src/rp2_common/hardware_irq/irq.c.obj
                0x0000000010000ea8                irq_add_shared_handler
 .text.irq_remove_handler
                0x000000001000108c      0x1b4 CMakeFiles/repl.dir/home/ncm656112/ESE519_Lab/lab2A/pico-sdk/src/rp2_common/hardware_irq/irq.c.obj
                0x000000001000108c                irq_remove_handler
 .text.irq_add_tail_to_free_list
                0x0000000010001240       0xb4 CMakeFiles/repl.dir/home/ncm656112/ESE519_Lab/lab2A/pico-sdk/src/rp2_common/hardware_irq/irq.c.obj
                0x0000000010001240                irq_add_tail_to_free_list
 .text.irq_init_priorities
                0x00000000100012f4       0x24 CMakeFiles/repl.dir/home/ncm656112/ESE519_Lab/lab2A/pico-sdk/src/rp2_common/hardware_irq/irq.c.obj
                0x00000000100012f4                irq_init_priorities
 .text.user_irq_claim_unused
                0x0000000010001318       0x30 CMakeFiles/repl.dir/home/ncm656112/ESE519_Lab/lab2A/pico-sdk/src/rp2_common/hardware_irq/irq.c.obj
                0x0000000010001318                user_irq_claim_unused
 .text.lock_init
                0x0000000010001348       0x10 CMakeFiles/repl.dir/home/ncm656112/ESE519_Lab/lab2A/pico-sdk/src/common/pico_sync/lock_core.c.obj
                0x0000000010001348                lock_init
 .text.timer_pool_entry_comparator
                0x0000000010001358       0x34 CMakeFiles/repl.dir/home/ncm656112/ESE519_Lab/lab2A/pico-sdk/src/common/pico_time/time.c.obj
                0x0000000010001358                timer_pool_entry_comparator
 .text.sleep_until_callback
                0x000000001000138c       0x30 CMakeFiles/repl.dir/home/ncm656112/ESE519_Lab/lab2A/pico-sdk/src/common/pico_time/time.c.obj
 .text.add_alarm_under_lock.isra.0
                0x00000000100013bc      0x100 CMakeFiles/repl.dir/home/ncm656112/ESE519_Lab/lab2A/pico-sdk/src/common/pico_time/time.c.obj
 .text.alarm_pool_alarm_callback
                0x00000000100014bc      0x1c8 CMakeFiles/repl.dir/home/ncm656112/ESE519_Lab/lab2A/pico-sdk/src/common/pico_time/time.c.obj
 .text.alarm_pool_add_alarm_at.constprop.0
                0x0000000010001684      0x11c CMakeFiles/repl.dir/home/ncm656112/ESE519_Lab/lab2A/pico-sdk/src/common/pico_time/time.c.obj
 .text.alarm_pool_init_default
                0x00000000100017a0       0x64 CMakeFiles/repl.dir/home/ncm656112/ESE519_Lab/lab2A/pico-sdk/src/common/pico_time/time.c.obj
                0x00000000100017a0                alarm_pool_init_default
 .text.alarm_pool_get_default
                0x0000000010001804        0x8 CMakeFiles/repl.dir/home/ncm656112/ESE519_Lab/lab2A/pico-sdk/src/common/pico_time/time.c.obj
                0x0000000010001804                alarm_pool_get_default
 .text.alarm_pool_add_alarm_at
                0x000000001000180c      0x194 CMakeFiles/repl.dir/home/ncm656112/ESE519_Lab/lab2A/pico-sdk/src/common/pico_time/time.c.obj
                0x000000001000180c                alarm_pool_add_alarm_at
 .text.sleep_until
                0x00000000100019a0       0xac CMakeFiles/repl.dir/home/ncm656112/ESE519_Lab/lab2A/pico-sdk/src/common/pico_time/time.c.obj
                0x00000000100019a0                sleep_until
 .text.sleep_ms
                0x0000000010001a4c       0x38 CMakeFiles/repl.dir/home/ncm656112/ESE519_Lab/lab2A/pico-sdk/src/common/pico_time/time.c.obj
                0x0000000010001a4c                sleep_ms
 .text.best_effort_wfe_or_timeout
                0x0000000010001a84       0xd4 CMakeFiles/repl.dir/home/ncm656112/ESE519_Lab/lab2A/pico-sdk/src/common/pico_time/time.c.obj
                0x0000000010001a84                best_effort_wfe_or_timeout
 .text.hardware_alarm_irq_handler
                0x0000000010001b58       0xb8 CMakeFiles/repl.dir/home/ncm656112/ESE519_Lab/lab2A/pico-sdk/src/rp2_common/hardware_timer/timer.c.obj
 .text.hardware_alarm_claim
                0x0000000010001c10       0x18 CMakeFiles/repl.dir/home/ncm656112/ESE519_Lab/lab2A/pico-sdk/src/rp2_common/hardware_timer/timer.c.obj
                0x0000000010001c10                hardware_alarm_claim
 .text.time_us_64
                0x0000000010001c28       0x14 CMakeFiles/repl.dir/home/ncm656112/ESE519_Lab/lab2A/pico-sdk/src/rp2_common/hardware_timer/timer.c.obj
                0x0000000010001c28                time_us_64
 .text.busy_wait_us
                0x0000000010001c3c       0x54 CMakeFiles/repl.dir/home/ncm656112/ESE519_Lab/lab2A/pico-sdk/src/rp2_common/hardware_timer/timer.c.obj
                0x0000000010001c3c                busy_wait_us
 .text.busy_wait_until
                0x0000000010001c90       0x20 CMakeFiles/repl.dir/home/ncm656112/ESE519_Lab/lab2A/pico-sdk/src/rp2_common/hardware_timer/timer.c.obj
                0x0000000010001c90                busy_wait_until
 .text.hardware_alarm_set_callback
                0x0000000010001cb0       0x8c CMakeFiles/repl.dir/home/ncm656112/ESE519_Lab/lab2A/pico-sdk/src/rp2_common/hardware_timer/timer.c.obj
                0x0000000010001cb0                hardware_alarm_set_callback
 .text.hardware_alarm_set_target
                0x0000000010001d3c       0xe0 CMakeFiles/repl.dir/home/ncm656112/ESE519_Lab/lab2A/pico-sdk/src/rp2_common/hardware_timer/timer.c.obj
                0x0000000010001d3c                hardware_alarm_set_target
 .text.hardware_alarm_cancel
                0x0000000010001e1c       0x3c CMakeFiles/repl.dir/home/ncm656112/ESE519_Lab/lab2A/pico-sdk/src/rp2_common/hardware_timer/timer.c.obj
                0x0000000010001e1c                hardware_alarm_cancel
 .text.ph_merge_nodes
                0x0000000010001e58       0x68 CMakeFiles/repl.dir/home/ncm656112/ESE519_Lab/lab2A/pico-sdk/src/common/pico_util/pheap.c.obj
 .text.ph_post_alloc_init
                0x0000000010001ec0       0x3c CMakeFiles/repl.dir/home/ncm656112/ESE519_Lab/lab2A/pico-sdk/src/common/pico_util/pheap.c.obj
                0x0000000010001ec0                ph_post_alloc_init
 .text.ph_merge_two_pass
                0x0000000010001efc       0x90 CMakeFiles/repl.dir/home/ncm656112/ESE519_Lab/lab2A/pico-sdk/src/common/pico_util/pheap.c.obj
                0x0000000010001efc                ph_merge_two_pass
 .text.ph_remove_any_head
                0x0000000010001f8c       0xf8 CMakeFiles/repl.dir/home/ncm656112/ESE519_Lab/lab2A/pico-sdk/src/common/pico_util/pheap.c.obj
 .text.ph_remove_head
                0x0000000010002084       0xfc CMakeFiles/repl.dir/home/ncm656112/ESE519_Lab/lab2A/pico-sdk/src/common/pico_util/pheap.c.obj
                0x0000000010002084                ph_remove_head
 .text.ph_remove_and_free_node
                0x0000000010002180       0x7c CMakeFiles/repl.dir/home/ncm656112/ESE519_Lab/lab2A/pico-sdk/src/common/pico_util/pheap.c.obj
                0x0000000010002180                ph_remove_and_free_node
 .text.mutex_init
                0x00000000100021fc       0x1c CMakeFiles/repl.dir/home/ncm656112/ESE519_Lab/lab2A/pico-sdk/src/common/pico_sync/mutex.c.obj
                0x00000000100021fc                mutex_init
 .text.recursive_mutex_init
                0x0000000010002218       0x1c CMakeFiles/repl.dir/home/ncm656112/ESE519_Lab/lab2A/pico-sdk/src/common/pico_sync/mutex.c.obj
                0x0000000010002218                recursive_mutex_init
 .text.critical_section_init
                0x0000000010002234       0x20 CMakeFiles/repl.dir/home/ncm656112/ESE519_Lab/lab2A/pico-sdk/src/common/pico_sync/critical_section.c.obj
                0x0000000010002234                critical_section_init
 .text.runtime_init
                0x0000000010002254       0xf0 CMakeFiles/repl.dir/home/ncm656112/ESE519_Lab/lab2A/pico-sdk/src/rp2_common/pico_runtime/runtime.c.obj
                0x0000000010002254                runtime_init
 .text._sbrk    0x0000000010002344       0x34 CMakeFiles/repl.dir/home/ncm656112/ESE519_Lab/lab2A/pico-sdk/src/rp2_common/pico_runtime/runtime.c.obj
                0x0000000010002344                _sbrk
 .text.exit     0x0000000010002378        0x4 CMakeFiles/repl.dir/home/ncm656112/ESE519_Lab/lab2A/pico-sdk/src/rp2_common/pico_runtime/runtime.c.obj
                0x0000000010002378                exit
 .text.panic    0x000000001000237c       0x30 CMakeFiles/repl.dir/home/ncm656112/ESE519_Lab/lab2A/pico-sdk/src/rp2_common/pico_runtime/runtime.c.obj
                0x000000001000237c                panic
 .text.hard_assertion_failure
                0x00000000100023ac        0xc CMakeFiles/repl.dir/home/ncm656112/ESE519_Lab/lab2A/pico-sdk/src/rp2_common/pico_runtime/runtime.c.obj
                0x00000000100023ac                hard_assertion_failure
 .text.clocks_init
                0x00000000100023b8      0x2bc CMakeFiles/repl.dir/home/ncm656112/ESE519_Lab/lab2A/pico-sdk/src/rp2_common/hardware_clocks/clocks.c.obj
                0x00000000100023b8                clocks_init
 .text.clock_get_hz
                0x0000000010002674        0xc CMakeFiles/repl.dir/home/ncm656112/ESE519_Lab/lab2A/pico-sdk/src/rp2_common/hardware_clocks/clocks.c.obj
                0x0000000010002674                clock_get_hz
 .text.pll_init
                0x0000000010002680       0xb0 CMakeFiles/repl.dir/home/ncm656112/ESE519_Lab/lab2A/pico-sdk/src/rp2_common/hardware_pll/pll.c.obj
                0x0000000010002680                pll_init
 .text.watchdog_start_tick
                0x0000000010002730       0x10 CMakeFiles/repl.dir/home/ncm656112/ESE519_Lab/lab2A/pico-sdk/src/rp2_common/hardware_watchdog/watchdog.c.obj
                0x0000000010002730                watchdog_start_tick
 .text.watchdog_reboot
                0x0000000010002740       0x98 CMakeFiles/repl.dir/home/ncm656112/ESE519_Lab/lab2A/pico-sdk/src/rp2_common/hardware_watchdog/watchdog.c.obj
                0x0000000010002740                watchdog_reboot
 .text.xosc_init
                0x00000000100027d8       0x28 CMakeFiles/repl.dir/home/ncm656112/ESE519_Lab/lab2A/pico-sdk/src/rp2_common/hardware_xosc/xosc.c.obj
                0x00000000100027d8                xosc_init
 .text._out_null
                0x0000000010002800        0x4 CMakeFiles/repl.dir/home/ncm656112/ESE519_Lab/lab2A/pico-sdk/src/rp2_common/pico_printf/printf.c.obj
 .text._out_rev
                0x0000000010002804       0x9c CMakeFiles/repl.dir/home/ncm656112/ESE519_Lab/lab2A/pico-sdk/src/rp2_common/pico_printf/printf.c.obj
 .text._ntoa_format
                0x00000000100028a0      0x1cc CMakeFiles/repl.dir/home/ncm656112/ESE519_Lab/lab2A/pico-sdk/src/rp2_common/pico_printf/printf.c.obj
 .text._out_char
                0x0000000010002a6c       0x10 CMakeFiles/repl.dir/home/ncm656112/ESE519_Lab/lab2A/pico-sdk/src/rp2_common/pico_printf/printf.c.obj
 .text._out_fct
                0x0000000010002a7c       0x10 CMakeFiles/repl.dir/home/ncm656112/ESE519_Lab/lab2A/pico-sdk/src/rp2_common/pico_printf/printf.c.obj
 .text._etoa    0x0000000010002a8c      0x44c CMakeFiles/repl.dir/home/ncm656112/ESE519_Lab/lab2A/pico-sdk/src/rp2_common/pico_printf/printf.c.obj
 .text._ftoa    0x0000000010002ed8      0x398 CMakeFiles/repl.dir/home/ncm656112/ESE519_Lab/lab2A/pico-sdk/src/rp2_common/pico_printf/printf.c.obj
 .text._vsnprintf
                0x0000000010003270      0xb04 CMakeFiles/repl.dir/home/ncm656112/ESE519_Lab/lab2A/pico-sdk/src/rp2_common/pico_printf/printf.c.obj
 .text.vfctprintf
                0x0000000010003d74       0x20 CMakeFiles/repl.dir/home/ncm656112/ESE519_Lab/lab2A/pico-sdk/src/rp2_common/pico_printf/printf.c.obj
                0x0000000010003d74                vfctprintf
 .text.weak_raw_vprintf
                0x0000000010003d94       0x30 CMakeFiles/repl.dir/home/ncm656112/ESE519_Lab/lab2A/pico-sdk/src/rp2_common/pico_printf/printf.c.obj
                0x0000000010003d94                weak_raw_vprintf
 .text          0x0000000010003dc4       0x10 CMakeFiles/repl.dir/home/ncm656112/ESE519_Lab/lab2A/pico-sdk/src/rp2_common/pico_bit_ops/bit_ops_aeabi.S.obj
 .text.rom_func_lookup
                0x0000000010003dd4       0x10 CMakeFiles/repl.dir/home/ncm656112/ESE519_Lab/lab2A/pico-sdk/src/rp2_common/pico_bootrom/bootrom.c.obj
                0x0000000010003dd4                rom_func_lookup
 .text.rom_data_lookup
                0x0000000010003de4       0x10 CMakeFiles/repl.dir/home/ncm656112/ESE519_Lab/lab2A/pico-sdk/src/rp2_common/pico_bootrom/bootrom.c.obj
                0x0000000010003de4                rom_data_lookup
 .text.rom_funcs_lookup
                0x0000000010003df4       0x44 CMakeFiles/repl.dir/home/ncm656112/ESE519_Lab/lab2A/pico-sdk/src/rp2_common/pico_bootrom/bootrom.c.obj
                0x0000000010003df4                rom_funcs_lookup
 .text.__wrap___aeabi_idiv
                0x0000000010003e38       0x50 CMakeFiles/repl.dir/home/ncm656112/ESE519_Lab/lab2A/pico-sdk/src/rp2_common/pico_divider/divider.S.obj
                0x0000000010003e38                __wrap___aeabi_idivmod
                0x0000000010003e38                divmod_s32s32
                0x0000000010003e38                div_s32s32
                0x0000000010003e38                __wrap___aeabi_idiv
                0x0000000010003e40                divmod_s32s32_unsafe
                0x0000000010003e6c                divmod_s32s32_savestate
 .text.__wrap___aeabi_uidiv
                0x0000000010003e88       0x4c CMakeFiles/repl.dir/home/ncm656112/ESE519_Lab/lab2A/pico-sdk/src/rp2_common/pico_divider/divider.S.obj
                0x0000000010003e88                __wrap___aeabi_uidiv
                0x0000000010003e88                __wrap___aeabi_uidivmod
                0x0000000010003e88                div_u32u32
                0x0000000010003e88                divmod_u32u32
                0x0000000010003e90                divmod_u32u32_unsafe
                0x0000000010003eb8                divmod_u32u32_savestate
 .text.__wrap___aeabi_ldiv
                0x0000000010003ed4      0x434 CMakeFiles/repl.dir/home/ncm656112/ESE519_Lab/lab2A/pico-sdk/src/rp2_common/pico_divider/divider.S.obj
                0x0000000010003ed4                div_s64s64
                0x0000000010003ed4                divmod_s64s64
                0x0000000010003ed4                __wrap___aeabi_ldivmod
                0x0000000010003f0c                div_u64u64
                0x0000000010003f0c                divmod_u64u64
                0x0000000010003f0c                __wrap___aeabi_uldivmod
                0x0000000010003f1c                divmod_u64u64_savestate
                0x0000000010003f44                divmod_s64s64_unsafe
                0x0000000010003fcc                divmod_u64u64_unsafe
 .text.__wrap___aeabi_darithmetic
                0x0000000010004308       0x80 CMakeFiles/repl.dir/home/ncm656112/ESE519_Lab/lab2A/pico-sdk/src/rp2_common/pico_double/double_aeabi.S.obj
                0x0000000010004308                __wrap___aeabi_drsub
                0x000000001000430e                __wrap___aeabi_dsub
                0x0000000010004320                __wrap___aeabi_dadd
                0x0000000010004332                __wrap___aeabi_ddiv
                0x000000001000436e                __wrap___aeabi_dmul
 .text.__wrap___aeabi_cdcmple
                0x0000000010004388       0x6c CMakeFiles/repl.dir/home/ncm656112/ESE519_Lab/lab2A/pico-sdk/src/rp2_common/pico_double/double_aeabi.S.obj
                0x0000000010004388                __wrap___aeabi_cdrcmple
                0x0000000010004398                __wrap___aeabi_cdcmple
                0x0000000010004398                __wrap___aeabi_cdcmpeq
 .text.__wrap___aeabi_dcmpeq
                0x00000000100043f4       0x10 CMakeFiles/repl.dir/home/ncm656112/ESE519_Lab/lab2A/pico-sdk/src/rp2_common/pico_double/double_aeabi.S.obj
                0x00000000100043f4                __wrap___aeabi_dcmpeq
 .text.__wrap___aeabi_dcmplt
                0x0000000010004404        0xc CMakeFiles/repl.dir/home/ncm656112/ESE519_Lab/lab2A/pico-sdk/src/rp2_common/pico_double/double_aeabi.S.obj
                0x0000000010004404                __wrap___aeabi_dcmplt
 .text.__wrap___aeabi_dcmple
                0x0000000010004410       0x10 CMakeFiles/repl.dir/home/ncm656112/ESE519_Lab/lab2A/pico-sdk/src/rp2_common/pico_double/double_aeabi.S.obj
                0x0000000010004410                __wrap___aeabi_dcmple
 .text.__wrap___aeabi_dcmpge
                0x0000000010004420       0x10 CMakeFiles/repl.dir/home/ncm656112/ESE519_Lab/lab2A/pico-sdk/src/rp2_common/pico_double/double_aeabi.S.obj
                0x0000000010004420                __wrap___aeabi_dcmpge
 .text.__wrap___aeabi_dcmpgt
                0x0000000010004430        0xa CMakeFiles/repl.dir/home/ncm656112/ESE519_Lab/lab2A/pico-sdk/src/rp2_common/pico_double/double_aeabi.S.obj
                0x0000000010004430                __wrap___aeabi_dcmpgt
 .text.__wrap___aeabi_dcmpun
                0x000000001000443a       0x1c CMakeFiles/repl.dir/home/ncm656112/ESE519_Lab/lab2A/pico-sdk/src/rp2_common/pico_double/double_aeabi.S.obj
                0x000000001000443a                __wrap___aeabi_dcmpun
 *fill*         0x0000000010004456        0x2 
 .text.__wrap___aeabi_i2d
                0x0000000010004458       0x38 CMakeFiles/repl.dir/home/ncm656112/ESE519_Lab/lab2A/pico-sdk/src/rp2_common/pico_double/double_aeabi.S.obj
                0x0000000010004458                __wrap___aeabi_ui2d
                0x0000000010004460                __wrap___aeabi_i2d
 .text.__wrap___aeabi_d2iz
                0x0000000010004490       0x48 CMakeFiles/repl.dir/home/ncm656112/ESE519_Lab/lab2A/pico-sdk/src/rp2_common/pico_double/double_aeabi.S.obj
                0x0000000010004490                __wrap___aeabi_d2iz
                0x0000000010004490                double2int_z
 .text.__wrap___aeabi_d2uiz
                0x00000000100044d8       0x18 CMakeFiles/repl.dir/home/ncm656112/ESE519_Lab/lab2A/pico-sdk/src/rp2_common/pico_double/double_aeabi.S.obj
                0x00000000100044d8                double2uint
                0x00000000100044d8                __wrap___aeabi_d2uiz
 .text.__wrap_exp
                0x00000000100044f0       0x18 CMakeFiles/repl.dir/home/ncm656112/ESE519_Lab/lab2A/pico-sdk/src/rp2_common/pico_double/double_aeabi.S.obj
                0x00000000100044f0                __wrap_exp
 .text.__wrap_log
                0x0000000010004508       0x18 CMakeFiles/repl.dir/home/ncm656112/ESE519_Lab/lab2A/pico-sdk/src/rp2_common/pico_double/double_aeabi.S.obj
                0x0000000010004508                __wrap_log
 .text.__aeabi_double_init
                0x0000000010004520       0x94 CMakeFiles/repl.dir/home/ncm656112/ESE519_Lab/lab2A/pico-sdk/src/rp2_common/pico_double/double_init_rom.c.obj
                0x0000000010004520                __aeabi_double_init
 .text.dpow_1   0x00000000100045b4      0x274 CMakeFiles/repl.dir/home/ncm656112/ESE519_Lab/lab2A/pico-sdk/src/rp2_common/pico_double/double_math.c.obj
 .text.dpow_int2
                0x0000000010004828       0xf8 CMakeFiles/repl.dir/home/ncm656112/ESE519_Lab/lab2A/pico-sdk/src/rp2_common/pico_double/double_math.c.obj
 .text.dpow_0   0x0000000010004920      0x1cc CMakeFiles/repl.dir/home/ncm656112/ESE519_Lab/lab2A/pico-sdk/src/rp2_common/pico_double/double_math.c.obj
 .text.__wrap_ldexp
                0x0000000010004aec       0x4c CMakeFiles/repl.dir/home/ncm656112/ESE519_Lab/lab2A/pico-sdk/src/rp2_common/pico_double/double_math.c.obj
                0x0000000010004aec                __wrap_ldexp
 .text.__wrap_round
                0x0000000010004b38       0xa0 CMakeFiles/repl.dir/home/ncm656112/ESE519_Lab/lab2A/pico-sdk/src/rp2_common/pico_double/double_math.c.obj
                0x0000000010004b38                __wrap_round
 .text.__wrap_exp2
                0x0000000010004bd8       0xbc CMakeFiles/repl.dir/home/ncm656112/ESE519_Lab/lab2A/pico-sdk/src/rp2_common/pico_double/double_math.c.obj
                0x0000000010004bd8                __wrap_exp2
 .text.__wrap_pow
                0x0000000010004c94      0x314 CMakeFiles/repl.dir/home/ncm656112/ESE519_Lab/lab2A/pico-sdk/src/rp2_common/pico_double/double_math.c.obj
                0x0000000010004c94                __wrap_pow
 .text.double_table_shim_on_use_helper
                0x0000000010004fa8       0x2c CMakeFiles/repl.dir/home/ncm656112/ESE519_Lab/lab2A/pico-sdk/src/rp2_common/pico_double/double_v1_rom_shim.S.obj
                0x0000000010004fa8                double_table_shim_on_use_helper
 .text.__wrap___aeabi_dsub
                0x0000000010004fd4       0x10 CMakeFiles/repl.dir/home/ncm656112/ESE519_Lab/lab2A/pico-sdk/src/rp2_common/pico_double/double_v1_rom_shim.S.obj
                0x0000000010004fd4                drsub_shim
                0x0000000010004fda                dsub_shim
 .text.dadd_shim
                0x0000000010004fe4      0x15c CMakeFiles/repl.dir/home/ncm656112/ESE519_Lab/lab2A/pico-sdk/src/rp2_common/pico_double/double_v1_rom_shim.S.obj
                0x0000000010004fe4                dadd_shim
 .text.dmul_shim
                0x0000000010005140      0x15c CMakeFiles/repl.dir/home/ncm656112/ESE519_Lab/lab2A/pico-sdk/src/rp2_common/pico_double/double_v1_rom_shim.S.obj
                0x0000000010005140                dmul_shim
 .text.ddiv_shim
                0x000000001000529c      0x1b0 CMakeFiles/repl.dir/home/ncm656112/ESE519_Lab/lab2A/pico-sdk/src/rp2_common/pico_double/double_v1_rom_shim.S.obj
                0x000000001000529c                ddiv_shim
 .text.double2uint_shim
                0x000000001000544c        0xe CMakeFiles/repl.dir/home/ncm656112/ESE519_Lab/lab2A/pico-sdk/src/rp2_common/pico_double/double_v1_rom_shim.S.obj
                0x000000001000544c                double2uint_shim
                0x000000001000544e                double2ufix_shim
 *fill*         0x000000001000545a        0x2 
 .text.double2uint64_shim
                0x000000001000545c       0x70 CMakeFiles/repl.dir/home/ncm656112/ESE519_Lab/lab2A/pico-sdk/src/rp2_common/pico_double/double_v1_rom_shim.S.obj
                0x000000001000545c                double2uint64_shim
                0x000000001000545e                double2ufix64_shim
                0x000000001000547e                d2fix_a
 .text.x2double_shims
                0x00000000100054cc       0x90 CMakeFiles/repl.dir/home/ncm656112/ESE519_Lab/lab2A/pico-sdk/src/rp2_common/pico_double/double_v1_rom_shim.S.obj
                0x00000000100054cc                uint2double_shim
                0x00000000100054ce                ufix2double_shim
                0x00000000100054d4                int2double_shim
                0x00000000100054d6                fix2double_shim
                0x00000000100054dc                uint642double_shim
                0x00000000100054de                ufix642double_shim
                0x00000000100054e4                int642double_shim
                0x00000000100054e6                fix642double_shim
 .text.dunpacks
                0x000000001000555c       0x3c CMakeFiles/repl.dir/home/ncm656112/ESE519_Lab/lab2A/pico-sdk/src/rp2_common/pico_double/double_v1_rom_shim.S.obj
                0x000000001000555c                dunpacks
 .text.dreduce  0x0000000010005598       0x82 CMakeFiles/repl.dir/home/ncm656112/ESE519_Lab/lab2A/pico-sdk/src/rp2_common/pico_double/double_v1_rom_shim.S.obj
                0x0000000010005598                dreduce
 *fill*         0x000000001000561a        0x2 
 .text.dexp_guts
                0x000000001000561c      0x268 CMakeFiles/repl.dir/home/ncm656112/ESE519_Lab/lab2A/pico-sdk/src/rp2_common/pico_double/double_v1_rom_shim.S.obj
                0x000000001000561c                dexp_shim
                0x00000000100056b8                dln_shim
 .text.__aeabi_lmul
                0x0000000010005884       0x32 CMakeFiles/repl.dir/home/ncm656112/ESE519_Lab/lab2A/pico-sdk/src/rp2_common/pico_int64_ops/pico_int64_ops_aeabi.S.obj
                0x0000000010005884                __wrap___aeabi_lmul
 *fill*         0x00000000100058b6        0x2 
 .text.__wrap___aeabi_farithmetic
                0x00000000100058b8       0x48 CMakeFiles/repl.dir/home/ncm656112/ESE519_Lab/lab2A/pico-sdk/src/rp2_common/pico_float/float_aeabi.S.obj
                0x00000000100058b8                __wrap___aeabi_frsub
                0x00000000100058be                __wrap___aeabi_fsub
                0x00000000100058c4                __wrap___aeabi_fadd
                0x00000000100058ca                __wrap___aeabi_fdiv
                0x00000000100058f2                __wrap___aeabi_fmul
 .text.__wrap___aeabi_ui2f
                0x0000000010005900        0xa CMakeFiles/repl.dir/home/ncm656112/ESE519_Lab/lab2A/pico-sdk/src/rp2_common/pico_float/float_aeabi.S.obj
                0x0000000010005900                __wrap___aeabi_ui2f
 *fill*         0x000000001000590a        0x2 
 .text.__wrap___aeabi_i2f
                0x000000001000590c       0x44 CMakeFiles/repl.dir/home/ncm656112/ESE519_Lab/lab2A/pico-sdk/src/rp2_common/pico_float/float_aeabi.S.obj
                0x000000001000590c                __wrap___aeabi_i2f
 .text.__wrap___aeabi_f2uiz
                0x0000000010005950        0xc CMakeFiles/repl.dir/home/ncm656112/ESE519_Lab/lab2A/pico-sdk/src/rp2_common/pico_float/float_aeabi.S.obj
                0x0000000010005950                __wrap___aeabi_f2uiz
 .text.__wrap___aeabi_f2d
                0x000000001000595c       0x14 CMakeFiles/repl.dir/home/ncm656112/ESE519_Lab/lab2A/pico-sdk/src/rp2_common/pico_float/float_aeabi.S.obj
                0x000000001000595c                __wrap___aeabi_f2d
 .text.__aeabi_float_init
                0x0000000010005970       0x64 CMakeFiles/repl.dir/home/ncm656112/ESE519_Lab/lab2A/pico-sdk/src/rp2_common/pico_float/float_init_rom.c.obj
                0x0000000010005970                __aeabi_float_init
 .text.float_table_shim_on_use_helper
                0x00000000100059d4       0x2c CMakeFiles/repl.dir/home/ncm656112/ESE519_Lab/lab2A/pico-sdk/src/rp2_common/pico_float/float_v1_rom_shim.S.obj
                0x00000000100059d4                float_table_shim_on_use_helper
 .text.float2double_shim
                0x0000000010005a00       0x30 CMakeFiles/repl.dir/home/ncm656112/ESE519_Lab/lab2A/pico-sdk/src/rp2_common/pico_float/float_v1_rom_shim.S.obj
                0x0000000010005a00                float2double_shim
 .text.__wrap_malloc
                0x0000000010005a30       0x24 CMakeFiles/repl.dir/home/ncm656112/ESE519_Lab/lab2A/pico-sdk/src/rp2_common/pico_malloc/pico_malloc.c.obj
                0x0000000010005a30                __wrap_malloc
 .text          0x0000000010005a54       0x10 CMakeFiles/repl.dir/home/ncm656112/ESE519_Lab/lab2A/pico-sdk/src/rp2_common/pico_mem_ops/mem_ops_aeabi.S.obj
                0x0000000010005a54                __aeabi_mem_init
 .text.memset   0x0000000010005a64        0xc CMakeFiles/repl.dir/home/ncm656112/ESE519_Lab/lab2A/pico-sdk/src/rp2_common/pico_mem_ops/mem_ops_aeabi.S.obj
                0x0000000010005a64                __wrap_memset
 .text.memcpy   0x0000000010005a70        0xc CMakeFiles/repl.dir/home/ncm656112/ESE519_Lab/lab2A/pico-sdk/src/rp2_common/pico_mem_ops/mem_ops_aeabi.S.obj
                0x0000000010005a70                __wrap___aeabi_memcpy
                0x0000000010005a70                __wrap_memcpy
 .text.stdio_out_chars_no_crlf
                0x0000000010005a7c       0x10 CMakeFiles/repl.dir/home/ncm656112/ESE519_Lab/lab2A/pico-sdk/src/rp2_common/pico_stdio/stdio.c.obj
 .text.stdio_out_chars_crlf
                0x0000000010005a8c       0xb4 CMakeFiles/repl.dir/home/ncm656112/ESE519_Lab/lab2A/pico-sdk/src/rp2_common/pico_stdio/stdio.c.obj
 .text.stdio_buffered_printer
                0x0000000010005b40       0x64 CMakeFiles/repl.dir/home/ncm656112/ESE519_Lab/lab2A/pico-sdk/src/rp2_common/pico_stdio/stdio.c.obj
 .text.stdio_put_string.isra.0
                0x0000000010005ba4       0xfc CMakeFiles/repl.dir/home/ncm656112/ESE519_Lab/lab2A/pico-sdk/src/rp2_common/pico_stdio/stdio.c.obj
 .text.__wrap_putchar
                0x0000000010005ca0       0xa0 CMakeFiles/repl.dir/home/ncm656112/ESE519_Lab/lab2A/pico-sdk/src/rp2_common/pico_stdio/stdio.c.obj
                0x0000000010005ca0                __wrap_putchar
 .text.__wrap_puts
                0x0000000010005d40       0x3c CMakeFiles/repl.dir/home/ncm656112/ESE519_Lab/lab2A/pico-sdk/src/rp2_common/pico_stdio/stdio.c.obj
                0x0000000010005d40                __wrap_puts
 .text.stdio_set_driver_enabled
                0x0000000010005d7c       0x30 CMakeFiles/repl.dir/home/ncm656112/ESE519_Lab/lab2A/pico-sdk/src/rp2_common/pico_stdio/stdio.c.obj
                0x0000000010005d7c                stdio_set_driver_enabled
 .text.__wrap_vprintf
                0x0000000010005dac       0xd8 CMakeFiles/repl.dir/home/ncm656112/ESE519_Lab/lab2A/pico-sdk/src/rp2_common/pico_stdio/stdio.c.obj
                0x0000000010005dac                __wrap_vprintf
 .text.__wrap_printf
                0x0000000010005e84       0x18 CMakeFiles/repl.dir/home/ncm656112/ESE519_Lab/lab2A/pico-sdk/src/rp2_common/pico_stdio/stdio.c.obj
                0x0000000010005e84                __wrap_printf
 .text.stdio_init_all
                0x0000000010005e9c        0x8 CMakeFiles/repl.dir/home/ncm656112/ESE519_Lab/lab2A/pico-sdk/src/rp2_common/pico_stdio/stdio.c.obj
                0x0000000010005e9c                stdio_init_all
 .text.getchar_timeout_us
                0x0000000010005ea4       0xa4 CMakeFiles/repl.dir/home/ncm656112/ESE519_Lab/lab2A/pico-sdk/src/rp2_common/pico_stdio/stdio.c.obj
                0x0000000010005ea4                getchar_timeout_us
 .text.resetd_init
                0x0000000010005f48        0x4 CMakeFiles/repl.dir/home/ncm656112/ESE519_Lab/lab2A/pico-sdk/src/rp2_common/pico_stdio_usb/reset_interface.c.obj
 .text.resetd_reset
                0x0000000010005f4c        0xc CMakeFiles/repl.dir/home/ncm656112/ESE519_Lab/lab2A/pico-sdk/src/rp2_common/pico_stdio_usb/reset_interface.c.obj
 .text.resetd_open
                0x0000000010005f58       0x28 CMakeFiles/repl.dir/home/ncm656112/ESE519_Lab/lab2A/pico-sdk/src/rp2_common/pico_stdio_usb/reset_interface.c.obj
 .text.resetd_xfer_cb
                0x0000000010005f80        0x4 CMakeFiles/repl.dir/home/ncm656112/ESE519_Lab/lab2A/pico-sdk/src/rp2_common/pico_stdio_usb/reset_interface.c.obj
 .text.resetd_control_xfer_cb
                0x0000000010005f84       0x64 CMakeFiles/repl.dir/home/ncm656112/ESE519_Lab/lab2A/pico-sdk/src/rp2_common/pico_stdio_usb/reset_interface.c.obj
 .text.usbd_app_driver_get_cb
                0x0000000010005fe8        0xc CMakeFiles/repl.dir/home/ncm656112/ESE519_Lab/lab2A/pico-sdk/src/rp2_common/pico_stdio_usb/reset_interface.c.obj
                0x0000000010005fe8                usbd_app_driver_get_cb
 .text.tud_cdc_line_coding_cb
                0x0000000010005ff4       0x34 CMakeFiles/repl.dir/home/ncm656112/ESE519_Lab/lab2A/pico-sdk/src/rp2_common/pico_stdio_usb/reset_interface.c.obj
                0x0000000010005ff4                tud_cdc_line_coding_cb
 .text.stdio_usb_in_chars
                0x0000000010006028       0x68 CMakeFiles/repl.dir/home/ncm656112/ESE519_Lab/lab2A/pico-sdk/src/rp2_common/pico_stdio_usb/stdio_usb.c.obj
                0x0000000010006028                stdio_usb_in_chars
 .text.stdio_usb_out_chars
                0x0000000010006090       0xe4 CMakeFiles/repl.dir/home/ncm656112/ESE519_Lab/lab2A/pico-sdk/src/rp2_common/pico_stdio_usb/stdio_usb.c.obj
 .text.timer_task
                0x0000000010006174       0x18 CMakeFiles/repl.dir/home/ncm656112/ESE519_Lab/lab2A/pico-sdk/src/rp2_common/pico_stdio_usb/stdio_usb.c.obj
 .text.usb_irq  0x000000001000618c       0x10 CMakeFiles/repl.dir/home/ncm656112/ESE519_Lab/lab2A/pico-sdk/src/rp2_common/pico_stdio_usb/stdio_usb.c.obj
 .text.low_priority_worker_irq
                0x000000001000619c       0x24 CMakeFiles/repl.dir/home/ncm656112/ESE519_Lab/lab2A/pico-sdk/src/rp2_common/pico_stdio_usb/stdio_usb.c.obj
 .text.stdio_usb_init
                0x00000000100061c0       0xb0 CMakeFiles/repl.dir/home/ncm656112/ESE519_Lab/lab2A/pico-sdk/src/rp2_common/pico_stdio_usb/stdio_usb.c.obj
                0x00000000100061c0                stdio_usb_init
 .text.tud_descriptor_device_cb
                0x0000000010006270        0x8 CMakeFiles/repl.dir/home/ncm656112/ESE519_Lab/lab2A/pico-sdk/src/rp2_common/pico_stdio_usb/stdio_usb_descriptors.c.obj
                0x0000000010006270                tud_descriptor_device_cb
 .text.tud_descriptor_configuration_cb
                0x0000000010006278        0x8 CMakeFiles/repl.dir/home/ncm656112/ESE519_Lab/lab2A/pico-sdk/src/rp2_common/pico_stdio_usb/stdio_usb_descriptors.c.obj
                0x0000000010006278                tud_descriptor_configuration_cb
 .text.tud_descriptor_string_cb
                0x0000000010006280       0x74 CMakeFiles/repl.dir/home/ncm656112/ESE519_Lab/lab2A/pico-sdk/src/rp2_common/pico_stdio_usb/stdio_usb_descriptors.c.obj
                0x0000000010006280                tud_descriptor_string_cb
 .text.dcd_rp2040_irq
                0x00000000100062f4      0x21c CMakeFiles/repl.dir/home/ncm656112/ESE519_Lab/lab2A/pico-sdk/lib/tinyusb/src/portable/raspberrypi/rp2040/dcd_rp2040.c.obj
 .text.dcd_int_enable
                0x0000000010006510        0xc CMakeFiles/repl.dir/home/ncm656112/ESE519_Lab/lab2A/pico-sdk/lib/tinyusb/src/portable/raspberrypi/rp2040/dcd_rp2040.c.obj
                0x0000000010006510                dcd_int_enable
 .text.dcd_set_address
                0x000000001000651c       0x14 CMakeFiles/repl.dir/home/ncm656112/ESE519_Lab/lab2A/pico-sdk/lib/tinyusb/src/portable/raspberrypi/rp2040/dcd_rp2040.c.obj
                0x000000001000651c                dcd_set_address
 .text.dcd_connect
                0x0000000010006530       0x10 CMakeFiles/repl.dir/home/ncm656112/ESE519_Lab/lab2A/pico-sdk/lib/tinyusb/src/portable/raspberrypi/rp2040/dcd_rp2040.c.obj
                0x0000000010006530                dcd_connect
 .text.dcd_init
                0x0000000010006540      0x144 CMakeFiles/repl.dir/home/ncm656112/ESE519_Lab/lab2A/pico-sdk/lib/tinyusb/src/portable/raspberrypi/rp2040/dcd_rp2040.c.obj
                0x0000000010006540                dcd_init
 .text.dcd_edpt0_status_complete
                0x0000000010006684       0x1c CMakeFiles/repl.dir/home/ncm656112/ESE519_Lab/lab2A/pico-sdk/lib/tinyusb/src/portable/raspberrypi/rp2040/dcd_rp2040.c.obj
                0x0000000010006684                dcd_edpt0_status_complete
 .text.dcd_edpt_open
                0x00000000100066a0       0xf0 CMakeFiles/repl.dir/home/ncm656112/ESE519_Lab/lab2A/pico-sdk/lib/tinyusb/src/portable/raspberrypi/rp2040/dcd_rp2040.c.obj
                0x00000000100066a0                dcd_edpt_open
 .text.dcd_edpt_close_all
                0x0000000010006790       0xbc CMakeFiles/repl.dir/home/ncm656112/ESE519_Lab/lab2A/pico-sdk/lib/tinyusb/src/portable/raspberrypi/rp2040/dcd_rp2040.c.obj
                0x0000000010006790                dcd_edpt_close_all
 .text.dcd_edpt_xfer
                0x000000001000684c       0x24 CMakeFiles/repl.dir/home/ncm656112/ESE519_Lab/lab2A/pico-sdk/lib/tinyusb/src/portable/raspberrypi/rp2040/dcd_rp2040.c.obj
                0x000000001000684c                dcd_edpt_xfer
 .text.dcd_edpt_stall
                0x0000000010006870       0x38 CMakeFiles/repl.dir/home/ncm656112/ESE519_Lab/lab2A/pico-sdk/lib/tinyusb/src/portable/raspberrypi/rp2040/dcd_rp2040.c.obj
                0x0000000010006870                dcd_edpt_stall
 .text.dcd_edpt_clear_stall
                0x00000000100068a8       0x30 CMakeFiles/repl.dir/home/ncm656112/ESE519_Lab/lab2A/pico-sdk/lib/tinyusb/src/portable/raspberrypi/rp2040/dcd_rp2040.c.obj
                0x00000000100068a8                dcd_edpt_clear_stall
 .text._hw_endpoint_buffer_control_update32.part.0.isra.0
                0x00000000100068d8       0x1c CMakeFiles/repl.dir/home/ncm656112/ESE519_Lab/lab2A/pico-sdk/lib/tinyusb/src/portable/raspberrypi/rp2040/rp2040_usb.c.obj
 .text.rp2040_usb_init
                0x00000000100068f4       0x4c CMakeFiles/repl.dir/home/ncm656112/ESE519_Lab/lab2A/pico-sdk/lib/tinyusb/src/portable/raspberrypi/rp2040/rp2040_usb.c.obj
                0x00000000100068f4                rp2040_usb_init
 .text.hw_endpoint_reset_transfer
                0x0000000010006940        0xc CMakeFiles/repl.dir/home/ncm656112/ESE519_Lab/lab2A/pico-sdk/lib/tinyusb/src/portable/raspberrypi/rp2040/rp2040_usb.c.obj
                0x0000000010006940                hw_endpoint_reset_transfer
 .text._hw_endpoint_buffer_control_update32
                0x000000001000694c       0x44 CMakeFiles/repl.dir/home/ncm656112/ESE519_Lab/lab2A/pico-sdk/lib/tinyusb/src/portable/raspberrypi/rp2040/rp2040_usb.c.obj
                0x000000001000694c                _hw_endpoint_buffer_control_update32
 .text.hw_endpoint_xfer_start
                0x0000000010006990      0x138 CMakeFiles/repl.dir/home/ncm656112/ESE519_Lab/lab2A/pico-sdk/lib/tinyusb/src/portable/raspberrypi/rp2040/rp2040_usb.c.obj
                0x0000000010006990                hw_endpoint_xfer_start
 .text.hw_endpoint_xfer_continue
                0x0000000010006ac8      0x1e4 CMakeFiles/repl.dir/home/ncm656112/ESE519_Lab/lab2A/pico-sdk/lib/tinyusb/src/portable/raspberrypi/rp2040/rp2040_usb.c.obj
                0x0000000010006ac8                hw_endpoint_xfer_continue
 .text.tud_mounted
                0x0000000010006cac       0x10 CMakeFiles/repl.dir/home/ncm656112/ESE519_Lab/lab2A/pico-sdk/lib/tinyusb/src/device/usbd.c.obj
                0x0000000010006cac                tud_mounted
 .text.tud_suspended
                0x0000000010006cbc       0x10 CMakeFiles/repl.dir/home/ncm656112/ESE519_Lab/lab2A/pico-sdk/lib/tinyusb/src/device/usbd.c.obj
                0x0000000010006cbc                tud_suspended
 .text.tud_inited
                0x0000000010006ccc        0xc CMakeFiles/repl.dir/home/ncm656112/ESE519_Lab/lab2A/pico-sdk/lib/tinyusb/src/device/usbd.c.obj
                0x0000000010006ccc                tud_inited
 .text.tud_init
                0x0000000010006cd8       0xd8 CMakeFiles/repl.dir/home/ncm656112/ESE519_Lab/lab2A/pico-sdk/lib/tinyusb/src/device/usbd.c.obj
                0x0000000010006cd8                tud_init
 .text.tud_task
                0x0000000010006db0      0x8ec CMakeFiles/repl.dir/home/ncm656112/ESE519_Lab/lab2A/pico-sdk/lib/tinyusb/src/device/usbd.c.obj
                0x0000000010006db0                tud_task
 .text.dcd_event_bus_signal
                0x000000001000769c      0x120 CMakeFiles/repl.dir/home/ncm656112/ESE519_Lab/lab2A/pico-sdk/lib/tinyusb/src/device/usbd.c.obj
                0x000000001000769c                dcd_event_bus_signal
 .text.dcd_event_bus_reset
                0x00000000100077bc       0x54 CMakeFiles/repl.dir/home/ncm656112/ESE519_Lab/lab2A/pico-sdk/lib/tinyusb/src/device/usbd.c.obj
                0x00000000100077bc                dcd_event_bus_reset
 .text.dcd_event_setup_received
                0x0000000010007810       0x50 CMakeFiles/repl.dir/home/ncm656112/ESE519_Lab/lab2A/pico-sdk/lib/tinyusb/src/device/usbd.c.obj
                0x0000000010007810                dcd_event_setup_received
 .text.dcd_event_xfer_complete
                0x0000000010007860       0x68 CMakeFiles/repl.dir/home/ncm656112/ESE519_Lab/lab2A/pico-sdk/lib/tinyusb/src/device/usbd.c.obj
                0x0000000010007860                dcd_event_xfer_complete
 .text.usbd_open_edpt_pair
                0x00000000100078c8       0x80 CMakeFiles/repl.dir/home/ncm656112/ESE519_Lab/lab2A/pico-sdk/lib/tinyusb/src/device/usbd.c.obj
                0x00000000100078c8                usbd_open_edpt_pair
 .text.usbd_edpt_open
                0x0000000010007948       0x30 CMakeFiles/repl.dir/home/ncm656112/ESE519_Lab/lab2A/pico-sdk/lib/tinyusb/src/device/usbd.c.obj
                0x0000000010007948                usbd_edpt_open
 .text.usbd_edpt_claim
                0x0000000010007978       0x64 CMakeFiles/repl.dir/home/ncm656112/ESE519_Lab/lab2A/pico-sdk/lib/tinyusb/src/device/usbd.c.obj
                0x0000000010007978                usbd_edpt_claim
 .text.usbd_edpt_release
                0x00000000100079dc       0x4c CMakeFiles/repl.dir/home/ncm656112/ESE519_Lab/lab2A/pico-sdk/lib/tinyusb/src/device/usbd.c.obj
                0x00000000100079dc                usbd_edpt_release
 .text.usbd_edpt_xfer
                0x0000000010007a28       0x48 CMakeFiles/repl.dir/home/ncm656112/ESE519_Lab/lab2A/pico-sdk/lib/tinyusb/src/device/usbd.c.obj
                0x0000000010007a28                usbd_edpt_xfer
 .text.tud_control_status
                0x0000000010007a70       0x30 CMakeFiles/repl.dir/home/ncm656112/ESE519_Lab/lab2A/pico-sdk/lib/tinyusb/src/device/usbd_control.c.obj
                0x0000000010007a70                tud_control_status
 .text.tud_control_xfer
                0x0000000010007aa0       0xbc CMakeFiles/repl.dir/home/ncm656112/ESE519_Lab/lab2A/pico-sdk/lib/tinyusb/src/device/usbd_control.c.obj
                0x0000000010007aa0                tud_control_xfer
 .text.usbd_control_reset
                0x0000000010007b5c       0x14 CMakeFiles/repl.dir/home/ncm656112/ESE519_Lab/lab2A/pico-sdk/lib/tinyusb/src/device/usbd_control.c.obj
                0x0000000010007b5c                usbd_control_reset
 .text.usbd_control_set_complete_callback
                0x0000000010007b70        0xc CMakeFiles/repl.dir/home/ncm656112/ESE519_Lab/lab2A/pico-sdk/lib/tinyusb/src/device/usbd_control.c.obj
                0x0000000010007b70                usbd_control_set_complete_callback
 .text.usbd_control_set_request
                0x0000000010007b7c       0x1c CMakeFiles/repl.dir/home/ncm656112/ESE519_Lab/lab2A/pico-sdk/lib/tinyusb/src/device/usbd_control.c.obj
                0x0000000010007b7c                usbd_control_set_request
 .text.usbd_control_xfer_cb
                0x0000000010007b98       0xfc CMakeFiles/repl.dir/home/ncm656112/ESE519_Lab/lab2A/pico-sdk/lib/tinyusb/src/device/usbd_control.c.obj
                0x0000000010007b98                usbd_control_xfer_cb
 .text.tud_cdc_n_connected
                0x0000000010007c94       0x30 CMakeFiles/repl.dir/home/ncm656112/ESE519_Lab/lab2A/pico-sdk/lib/tinyusb/src/class/cdc/cdc_device.c.obj
                0x0000000010007c94                tud_cdc_n_connected
 .text.tud_cdc_n_available
                0x0000000010007cc4       0x18 CMakeFiles/repl.dir/home/ncm656112/ESE519_Lab/lab2A/pico-sdk/lib/tinyusb/src/class/cdc/cdc_device.c.obj
                0x0000000010007cc4                tud_cdc_n_available
 .text.tud_cdc_n_read
                0x0000000010007cdc       0x70 CMakeFiles/repl.dir/home/ncm656112/ESE519_Lab/lab2A/pico-sdk/lib/tinyusb/src/class/cdc/cdc_device.c.obj
                0x0000000010007cdc                tud_cdc_n_read
 .text.tud_cdc_n_write_flush
                0x0000000010007d4c       0x78 CMakeFiles/repl.dir/home/ncm656112/ESE519_Lab/lab2A/pico-sdk/lib/tinyusb/src/class/cdc/cdc_device.c.obj
                0x0000000010007d4c                tud_cdc_n_write_flush
 .text.tud_cdc_n_write
                0x0000000010007dc4       0x34 CMakeFiles/repl.dir/home/ncm656112/ESE519_Lab/lab2A/pico-sdk/lib/tinyusb/src/class/cdc/cdc_device.c.obj
                0x0000000010007dc4                tud_cdc_n_write
 .text.tud_cdc_n_write_available
                0x0000000010007df8       0x18 CMakeFiles/repl.dir/home/ncm656112/ESE519_Lab/lab2A/pico-sdk/lib/tinyusb/src/class/cdc/cdc_device.c.obj
                0x0000000010007df8                tud_cdc_n_write_available
 .text.cdcd_init
                0x0000000010007e10       0x7c CMakeFiles/repl.dir/home/ncm656112/ESE519_Lab/lab2A/pico-sdk/lib/tinyusb/src/class/cdc/cdc_device.c.obj
                0x0000000010007e10                cdcd_init
 .text.cdcd_reset
                0x0000000010007e8c       0x2c CMakeFiles/repl.dir/home/ncm656112/ESE519_Lab/lab2A/pico-sdk/lib/tinyusb/src/class/cdc/cdc_device.c.obj
                0x0000000010007e8c                cdcd_reset
 .text.cdcd_open
                0x0000000010007eb8       0xe4 CMakeFiles/repl.dir/home/ncm656112/ESE519_Lab/lab2A/pico-sdk/lib/tinyusb/src/class/cdc/cdc_device.c.obj
                0x0000000010007eb8                cdcd_open
 .text.cdcd_control_xfer_cb
                0x0000000010007f9c       0xe4 CMakeFiles/repl.dir/home/ncm656112/ESE519_Lab/lab2A/pico-sdk/lib/tinyusb/src/class/cdc/cdc_device.c.obj
                0x0000000010007f9c                cdcd_control_xfer_cb
 .text.cdcd_xfer_cb
                0x0000000010008080      0x148 CMakeFiles/repl.dir/home/ncm656112/ESE519_Lab/lab2A/pico-sdk/lib/tinyusb/src/class/cdc/cdc_device.c.obj
                0x0000000010008080                cdcd_xfer_cb
 .text.tusb_init
                0x00000000100081c8        0xc CMakeFiles/repl.dir/home/ncm656112/ESE519_Lab/lab2A/pico-sdk/lib/tinyusb/src/tusb.c.obj
                0x00000000100081c8                tusb_init
 .text.tusb_inited
                0x00000000100081d4        0x8 CMakeFiles/repl.dir/home/ncm656112/ESE519_Lab/lab2A/pico-sdk/lib/tinyusb/src/tusb.c.obj
                0x00000000100081d4                tusb_inited
 .text.tu_edpt_validate
                0x00000000100081dc       0x78 CMakeFiles/repl.dir/home/ncm656112/ESE519_Lab/lab2A/pico-sdk/lib/tinyusb/src/tusb.c.obj
                0x00000000100081dc                tu_edpt_validate
 .text.tu_edpt_bind_driver
                0x0000000010008254       0x2c CMakeFiles/repl.dir/home/ncm656112/ESE519_Lab/lab2A/pico-sdk/lib/tinyusb/src/tusb.c.obj
                0x0000000010008254                tu_edpt_bind_driver
 .text.tu_fifo_config
                0x0000000010008280       0x78 CMakeFiles/repl.dir/home/ncm656112/ESE519_Lab/lab2A/pico-sdk/lib/tinyusb/src/common/tusb_fifo.c.obj
                0x0000000010008280                tu_fifo_config
 .text.tu_fifo_count
                0x00000000100082f8       0x20 CMakeFiles/repl.dir/home/ncm656112/ESE519_Lab/lab2A/pico-sdk/lib/tinyusb/src/common/tusb_fifo.c.obj
                0x00000000100082f8                tu_fifo_count
 .text.tu_fifo_empty
                0x0000000010008318       0x10 CMakeFiles/repl.dir/home/ncm656112/ESE519_Lab/lab2A/pico-sdk/lib/tinyusb/src/common/tusb_fifo.c.obj
                0x0000000010008318                tu_fifo_empty
 .text.tu_fifo_remaining
                0x0000000010008328       0x1c CMakeFiles/repl.dir/home/ncm656112/ESE519_Lab/lab2A/pico-sdk/lib/tinyusb/src/common/tusb_fifo.c.obj
                0x0000000010008328                tu_fifo_remaining
 .text.tu_fifo_read
                0x0000000010008344       0x9c CMakeFiles/repl.dir/home/ncm656112/ESE519_Lab/lab2A/pico-sdk/lib/tinyusb/src/common/tusb_fifo.c.obj
                0x0000000010008344                tu_fifo_read
 .text.tu_fifo_read_n
                0x00000000100083e0      0x100 CMakeFiles/repl.dir/home/ncm656112/ESE519_Lab/lab2A/pico-sdk/lib/tinyusb/src/common/tusb_fifo.c.obj
                0x00000000100083e0                tu_fifo_read_n
 .text.tu_fifo_write
                0x00000000100084e0       0x7c CMakeFiles/repl.dir/home/ncm656112/ESE519_Lab/lab2A/pico-sdk/lib/tinyusb/src/common/tusb_fifo.c.obj
                0x00000000100084e0                tu_fifo_write
 .text.tu_fifo_write_n
                0x000000001000855c      0x100 CMakeFiles/repl.dir/home/ncm656112/ESE519_Lab/lab2A/pico-sdk/lib/tinyusb/src/common/tusb_fifo.c.obj
                0x000000001000855c                tu_fifo_write_n
 .text.tu_fifo_clear
                0x000000001000865c       0x4c CMakeFiles/repl.dir/home/ncm656112/ESE519_Lab/lab2A/pico-sdk/lib/tinyusb/src/common/tusb_fifo.c.obj
                0x000000001000865c                tu_fifo_clear
 .text.tu_fifo_set_overwritable
                0x00000000100086a8       0x3c CMakeFiles/repl.dir/home/ncm656112/ESE519_Lab/lab2A/pico-sdk/lib/tinyusb/src/common/tusb_fifo.c.obj
                0x00000000100086a8                tu_fifo_set_overwritable
 .text.startup._retrieve_unique_id_on_boot
                0x00000000100086e4       0x10 CMakeFiles/repl.dir/home/ncm656112/ESE519_Lab/lab2A/pico-sdk/src/rp2_common/pico_unique_id/unique_id.c.obj
 .text.pico_get_unique_board_id_string
                0x00000000100086f4      0x1a8 CMakeFiles/repl.dir/home/ncm656112/ESE519_Lab/lab2A/pico-sdk/src/rp2_common/pico_unique_id/unique_id.c.obj
                0x00000000100086f4                pico_get_unique_board_id_string
 .text.flash_get_unique_id
                0x000000001000889c       0x40 CMakeFiles/repl.dir/home/ncm656112/ESE519_Lab/lab2A/pico-sdk/src/rp2_common/hardware_flash/flash.c.obj
                0x000000001000889c                flash_get_unique_id
 .text.pio_add_program
                0x00000000100088dc       0xc8 CMakeFiles/repl.dir/home/ncm656112/ESE519_Lab/lab2A/pico-sdk/src/rp2_common/hardware_pio/pio.c.obj
                0x00000000100088dc                pio_add_program
 .text.pio_sm_set_consecutive_pindirs
                0x00000000100089a4       0x84 CMakeFiles/repl.dir/home/ncm656112/ESE519_Lab/lab2A/pico-sdk/src/rp2_common/hardware_pio/pio.c.obj
                0x00000000100089a4                pio_sm_set_consecutive_pindirs
 .text.pio_sm_init
                0x0000000010008a28       0x90 CMakeFiles/repl.dir/home/ncm656112/ESE519_Lab/lab2A/pico-sdk/src/rp2_common/hardware_pio/pio.c.obj
                0x0000000010008a28                pio_sm_init
 .text          0x0000000010008ab8       0x28 /usr/lib/gcc/arm-none-eabi/10.3.1/../../../arm-none-eabi/lib/thumb/v6-m/nofp/libc.a(lib_a-malloc.o)
                0x0000000010008ab8                malloc
                0x0000000010008acc                free
 .text          0x0000000010008ae0      0x574 /usr/lib/gcc/arm-none-eabi/10.3.1/../../../arm-none-eabi/lib/thumb/v6-m/nofp/libc.a(lib_a-mallocr.o)
                0x0000000010008ae0                _malloc_r
 .text          0x0000000010009054        0x8 /usr/lib/gcc/arm-none-eabi/10.3.1/../../../arm-none-eabi/lib/thumb/v6-m/nofp/libc.a(lib_a-mlock.o)
                0x0000000010009054                __malloc_lock
                0x0000000010009058                __malloc_unlock
 .text          0x000000001000905c       0x24 /usr/lib/gcc/arm-none-eabi/10.3.1/../../../arm-none-eabi/lib/thumb/v6-m/nofp/libc.a(lib_a-sbrkr.o)
                0x000000001000905c                _sbrk_r
 .text          0x0000000010009080       0x5c /usr/lib/gcc/arm-none-eabi/10.3.1/../../../arm-none-eabi/lib/thumb/v6-m/nofp/libc.a(lib_a-strlen-stub.o)
                0x0000000010009080                strlen
 .text          0x00000000100090dc      0x260 /usr/lib/gcc/arm-none-eabi/10.3.1/../../../arm-none-eabi/lib/thumb/v6-m/nofp/libc.a(lib_a-freer.o)
                0x00000000100090dc                _malloc_trim_r
                0x0000000010009178                _free_r
 *(.fini)
 .fini          0x000000001000933c        0x4 /usr/lib/gcc/arm-none-eabi/10.3.1/thumb/v6-m/nofp/crti.o
                0x000000001000933c                _fini
 .fini.__stub   0x0000000010009340       0x70 linker stubs
 *crtbegin.o(.ctors)
 *crtbegin?.o(.ctors)
 *(EXCLUDE_FILE(*crtend.o *crtend?.o) .ctors)
 *(SORT_BY_NAME(.ctors.*))
 *(.ctors)
 *crtbegin.o(.dtors)
 *crtbegin?.o(.dtors)
 *(EXCLUDE_FILE(*crtend.o *crtend?.o) .dtors)
 *(SORT_BY_NAME(.dtors.*))
 *(.dtors)
 *(.eh_frame*)
 .eh_frame      0x00000000100093b0        0x0 /usr/lib/gcc/arm-none-eabi/10.3.1/thumb/v6-m/nofp/crtbegin.o
                0x00000000100093b0                . = ALIGN (0x4)

.glue_7         0x00000000100093b0        0x0
 .glue_7        0x00000000100093b0        0x0 linker stubs

.glue_7t        0x00000000100093b0        0x0
 .glue_7t       0x00000000100093b0        0x0 linker stubs

.vfp11_veneer   0x00000000100093b0        0x0
 .vfp11_veneer  0x00000000100093b0        0x0 linker stubs

.v4_bx          0x00000000100093b0        0x0
 .v4_bx         0x00000000100093b0        0x0 linker stubs

.iplt           0x00000000100093b0        0x0
 .iplt          0x00000000100093b0        0x0 /usr/lib/gcc/arm-none-eabi/10.3.1/thumb/v6-m/nofp/crtbegin.o

.rodata         0x00000000100093b0      0x6a8
 *(EXCLUDE_FILE(*libm.a: *libc.a:*lib_a-mem*.o *libgcc.a:) .rodata*)
 .rodata.print_capture_buf.str1.4
                0x00000000100093b0       0x33 CMakeFiles/repl.dir/repl.c.obj
 *fill*         0x00000000100093e3        0x1 
 .rodata.render_to_console.str1.4
                0x00000000100093e4      0x107 CMakeFiles/repl.dir/repl.c.obj
 *fill*         0x00000000100094eb        0x1 
 .rodata.main.str1.4
                0x00000000100094ec       0x1f CMakeFiles/repl.dir/repl.c.obj
 *fill*         0x000000001000950b        0x1 
 .rodata.ws2812_program
                0x000000001000950c        0x6 CMakeFiles/repl.dir/neopixel.c.obj
 *fill*         0x0000000010009512        0x2 
 .rodata.ws2812_program_instructions
                0x0000000010009514        0x8 CMakeFiles/repl.dir/neopixel.c.obj
 .rodata.spin_lock_claim_unused.str1.4
                0x000000001000951c       0x1b CMakeFiles/repl.dir/home/ncm656112/ESE519_Lab/lab2A/pico-sdk/src/rp2_common/hardware_sync/sync.c.obj
 *fill*         0x0000000010009537        0x1 
 .rodata.user_irq_claim_unused.str1.4
                0x0000000010009538       0x1b CMakeFiles/repl.dir/home/ncm656112/ESE519_Lab/lab2A/pico-sdk/src/rp2_common/hardware_irq/irq.c.obj
 *fill*         0x0000000010009553        0x1 
 .rodata.hardware_alarm_claim.str1.4
                0x0000000010009554       0x22 CMakeFiles/repl.dir/home/ncm656112/ESE519_Lab/lab2A/pico-sdk/src/rp2_common/hardware_timer/timer.c.obj
 *fill*         0x0000000010009576        0x2 
 .rodata.panic.str1.4
                0x0000000010009578       0x10 CMakeFiles/repl.dir/home/ncm656112/ESE519_Lab/lab2A/pico-sdk/src/rp2_common/pico_runtime/runtime.c.obj
                                         0x12 (size before relaxing)
 .rodata.hard_assertion_failure.str1.4
                0x0000000010009588        0xc CMakeFiles/repl.dir/home/ncm656112/ESE519_Lab/lab2A/pico-sdk/src/rp2_common/pico_runtime/runtime.c.obj
 .rodata._ftoa.str1.4
                0x0000000010009594       0x15 CMakeFiles/repl.dir/home/ncm656112/ESE519_Lab/lab2A/pico-sdk/src/rp2_common/pico_printf/printf.c.obj
 *fill*         0x00000000100095a9        0x3 
 .rodata._vsnprintf
                0x00000000100095ac      0x1e0 CMakeFiles/repl.dir/home/ncm656112/ESE519_Lab/lab2A/pico-sdk/src/rp2_common/pico_printf/printf.c.obj
 *fill*         0x000000001000978c        0x4 
 .rodata.pow10.0
                0x0000000010009790       0x50 CMakeFiles/repl.dir/home/ncm656112/ESE519_Lab/lab2A/pico-sdk/src/rp2_common/pico_printf/printf.c.obj
 .rodata.__wrap_malloc.str1.4
                0x00000000100097e0        0xe CMakeFiles/repl.dir/home/ncm656112/ESE519_Lab/lab2A/pico-sdk/src/rp2_common/pico_malloc/pico_malloc.c.obj
 *fill*         0x00000000100097ee        0x2 
 .rodata.str1.4
                0x00000000100097f0       0x3c CMakeFiles/repl.dir/home/ncm656112/ESE519_Lab/lab2A/pico-sdk/src/rp2_common/pico_standard_link/binary_info.c.obj
 .rodata.__bi_44
                0x000000001000982c        0xc CMakeFiles/repl.dir/home/ncm656112/ESE519_Lab/lab2A/pico-sdk/src/rp2_common/pico_standard_link/binary_info.c.obj
 .rodata.__bi_75
                0x0000000010009838        0xc CMakeFiles/repl.dir/home/ncm656112/ESE519_Lab/lab2A/pico-sdk/src/rp2_common/pico_standard_link/binary_info.c.obj
 .rodata.__bi_81
                0x0000000010009844        0xc CMakeFiles/repl.dir/home/ncm656112/ESE519_Lab/lab2A/pico-sdk/src/rp2_common/pico_standard_link/binary_info.c.obj
 .rodata.crlf_str.0
                0x0000000010009850        0x2 CMakeFiles/repl.dir/home/ncm656112/ESE519_Lab/lab2A/pico-sdk/src/rp2_common/pico_stdio/stdio.c.obj
 *fill*         0x0000000010009852        0x2 
 .rodata._resetd_driver
                0x0000000010009854       0x18 CMakeFiles/repl.dir/home/ncm656112/ESE519_Lab/lab2A/pico-sdk/src/rp2_common/pico_stdio_usb/reset_interface.c.obj
 .rodata.str1.4
                0x000000001000986c       0x13 CMakeFiles/repl.dir/home/ncm656112/ESE519_Lab/lab2A/pico-sdk/src/rp2_common/pico_stdio_usb/stdio_usb.c.obj
 *fill*         0x000000001000987f        0x1 
 .rodata.__bi_118.0
                0x0000000010009880        0xc CMakeFiles/repl.dir/home/ncm656112/ESE519_Lab/lab2A/pico-sdk/src/rp2_common/pico_stdio_usb/stdio_usb.c.obj
 .rodata.str1.4
                0x000000001000988c       0x2a CMakeFiles/repl.dir/home/ncm656112/ESE519_Lab/lab2A/pico-sdk/src/rp2_common/pico_stdio_usb/stdio_usb_descriptors.c.obj
 *fill*         0x00000000100098b6        0x2 
 .rodata.usbd_desc_cfg
                0x00000000100098b8       0x54 CMakeFiles/repl.dir/home/ncm656112/ESE519_Lab/lab2A/pico-sdk/src/rp2_common/pico_stdio_usb/stdio_usb_descriptors.c.obj
 .rodata.usbd_desc_device
                0x000000001000990c       0x12 CMakeFiles/repl.dir/home/ncm656112/ESE519_Lab/lab2A/pico-sdk/src/rp2_common/pico_stdio_usb/stdio_usb_descriptors.c.obj
 *fill*         0x000000001000991e        0x2 
 .rodata.usbd_desc_str
                0x0000000010009920       0x18 CMakeFiles/repl.dir/home/ncm656112/ESE519_Lab/lab2A/pico-sdk/src/rp2_common/pico_stdio_usb/stdio_usb_descriptors.c.obj
 .rodata.dcd_rp2040_irq.str1.4
                0x0000000010009938       0x14 CMakeFiles/repl.dir/home/ncm656112/ESE519_Lab/lab2A/pico-sdk/lib/tinyusb/src/portable/raspberrypi/rp2040/dcd_rp2040.c.obj
 .rodata._hw_endpoint_buffer_control_update32.part.0.isra.0.str1.4
                0x000000001000994c       0x1f CMakeFiles/repl.dir/home/ncm656112/ESE519_Lab/lab2A/pico-sdk/lib/tinyusb/src/portable/raspberrypi/rp2040/rp2040_usb.c.obj
 *fill*         0x000000001000996b        0x1 
 .rodata.hw_endpoint_xfer_continue.str1.4
                0x000000001000996c       0x29 CMakeFiles/repl.dir/home/ncm656112/ESE519_Lab/lab2A/pico-sdk/lib/tinyusb/src/portable/raspberrypi/rp2040/rp2040_usb.c.obj
 *fill*         0x0000000010009995        0x3 
 .rodata.str1.4
                0x0000000010009998        0x7 CMakeFiles/repl.dir/home/ncm656112/ESE519_Lab/lab2A/pico-sdk/lib/tinyusb/src/portable/raspberrypi/rp2040/rp2040_usb.c.obj
 *fill*         0x000000001000999f        0x1 
 .rodata.tud_task
                0x00000000100099a0       0x8c CMakeFiles/repl.dir/home/ncm656112/ESE519_Lab/lab2A/pico-sdk/lib/tinyusb/src/device/usbd.c.obj
 .rodata._usbd_driver
                0x0000000010009a2c       0x18 CMakeFiles/repl.dir/home/ncm656112/ESE519_Lab/lab2A/pico-sdk/lib/tinyusb/src/device/usbd.c.obj
 .rodata.pio_add_program.str1.4
                0x0000000010009a44       0x11 CMakeFiles/repl.dir/home/ncm656112/ESE519_Lab/lab2A/pico-sdk/src/rp2_common/hardware_pio/pio.c.obj
                0x0000000010009a58                . = ALIGN (0x4)
 *fill*         0x0000000010009a55        0x3 
 *(SORT_BY_ALIGNMENT(SORT_BY_NAME(.flashdata*)))
                0x0000000010009a58                . = ALIGN (0x4)

.rel.dyn        0x0000000010009a58        0x0
 .rel.iplt      0x0000000010009a58        0x0 /usr/lib/gcc/arm-none-eabi/10.3.1/thumb/v6-m/nofp/crtbegin.o

.ARM.extab
 *(.ARM.extab* .gnu.linkonce.armextab.*)
                0x0000000010009a58                __exidx_start = .

.ARM.exidx
 *(.ARM.exidx* .gnu.linkonce.armexidx.*)
                0x0000000010009a58                __exidx_end = .
                0x0000000010009a58                . = ALIGN (0x4)
                0x0000000010009a58                __binary_info_start = .

.binary_info    0x0000000010009a58       0x20
 *(.binary_info.keep.*)
 .binary_info.keep.__bi_ptr22
                0x0000000010009a58        0x4 CMakeFiles/repl.dir/home/ncm656112/ESE519_Lab/lab2A/pico-sdk/src/rp2_common/pico_standard_link/binary_info.c.obj
 .binary_info.keep.__bi_ptr30
                0x0000000010009a5c        0x4 CMakeFiles/repl.dir/home/ncm656112/ESE519_Lab/lab2A/pico-sdk/src/rp2_common/pico_standard_link/binary_info.c.obj
 .binary_info.keep.__bi_ptr38
                0x0000000010009a60        0x4 CMakeFiles/repl.dir/home/ncm656112/ESE519_Lab/lab2A/pico-sdk/src/rp2_common/pico_standard_link/binary_info.c.obj
 .binary_info.keep.__bi_ptr44
                0x0000000010009a64        0x4 CMakeFiles/repl.dir/home/ncm656112/ESE519_Lab/lab2A/pico-sdk/src/rp2_common/pico_standard_link/binary_info.c.obj
 .binary_info.keep.__bi_ptr50
                0x0000000010009a68        0x4 CMakeFiles/repl.dir/home/ncm656112/ESE519_Lab/lab2A/pico-sdk/src/rp2_common/pico_standard_link/binary_info.c.obj
 .binary_info.keep.__bi_ptr75
                0x0000000010009a6c        0x4 CMakeFiles/repl.dir/home/ncm656112/ESE519_Lab/lab2A/pico-sdk/src/rp2_common/pico_standard_link/binary_info.c.obj
 .binary_info.keep.__bi_ptr81
                0x0000000010009a70        0x4 CMakeFiles/repl.dir/home/ncm656112/ESE519_Lab/lab2A/pico-sdk/src/rp2_common/pico_standard_link/binary_info.c.obj
 *(.binary_info.*)
 .binary_info.__bi_ptr118
                0x0000000010009a74        0x4 CMakeFiles/repl.dir/home/ncm656112/ESE519_Lab/lab2A/pico-sdk/src/rp2_common/pico_stdio_usb/stdio_usb.c.obj
                0x0000000010009a78                __binary_info_end = .
                0x0000000010009a78                . = ALIGN (0x4)
                0x0000000010009a78                __etext = .

.ram_vector_table
                0x0000000020000000       0xc0
 *(.ram_vector_table)
 .ram_vector_table
                0x0000000020000000       0xc0 CMakeFiles/repl.dir/home/ncm656112/ESE519_Lab/lab2A/pico-sdk/src/rp2_common/pico_runtime/runtime.c.obj
                0x0000000020000000                ram_vector_table

.data           0x00000000200000c0      0xc00 load address 0x0000000010009a78
                0x00000000200000c0                __data_start__ = .
 *(vtable)
 *(.time_critical*)
 .time_critical.mutex_enter_blocking
                0x00000000200000c0       0x48 CMakeFiles/repl.dir/home/ncm656112/ESE519_Lab/lab2A/pico-sdk/src/common/pico_sync/mutex.c.obj
                0x00000000200000c0                mutex_enter_blocking
 .time_critical.mutex_try_enter
                0x0000000020000108       0x44 CMakeFiles/repl.dir/home/ncm656112/ESE519_Lab/lab2A/pico-sdk/src/common/pico_sync/mutex.c.obj
                0x0000000020000108                mutex_try_enter
 .time_critical.mutex_enter_timeout_ms
                0x000000002000014c       0xa0 CMakeFiles/repl.dir/home/ncm656112/ESE519_Lab/lab2A/pico-sdk/src/common/pico_sync/mutex.c.obj
                0x000000002000014c                mutex_enter_timeout_ms
 .time_critical.mutex_exit
                0x00000000200001ec       0x28 CMakeFiles/repl.dir/home/ncm656112/ESE519_Lab/lab2A/pico-sdk/src/common/pico_sync/mutex.c.obj
                0x00000000200001ec                mutex_exit
 .time_critical.flash_init_boot2_copyout
                0x0000000020000214       0x30 CMakeFiles/repl.dir/home/ncm656112/ESE519_Lab/lab2A/pico-sdk/src/rp2_common/hardware_flash/flash.c.obj
 .time_critical.flash_enable_xip_via_boot2
                0x0000000020000244       0x10 CMakeFiles/repl.dir/home/ncm656112/ESE519_Lab/lab2A/pico-sdk/src/rp2_common/hardware_flash/flash.c.obj
 .time_critical.flash_cs_force
                0x0000000020000254       0x38 CMakeFiles/repl.dir/home/ncm656112/ESE519_Lab/lab2A/pico-sdk/src/rp2_common/hardware_flash/flash.c.obj
 .time_critical.flash_do_cmd
                0x000000002000028c       0xc4 CMakeFiles/repl.dir/home/ncm656112/ESE519_Lab/lab2A/pico-sdk/src/rp2_common/hardware_flash/flash.c.obj
                0x000000002000028c                flash_do_cmd
 *(.text*)
 .text          0x0000000020000350        0x4 /usr/lib/gcc/arm-none-eabi/10.3.1/thumb/v6-m/nofp/libgcc.a(_dvmd_tls.o)
                0x0000000020000350                __aeabi_ldiv0
                0x0000000020000350                __aeabi_idiv0
 *fill*         0x0000000020000354        0x4 
 .text.__stub   0x0000000020000358       0x30 linker stubs
                0x0000000020000388                . = ALIGN (0x4)
 *(.rodata*)
                0x0000000020000388                . = ALIGN (0x4)
 *(.data*)
 .data.striped_spin_lock_num
                0x0000000020000388        0x1 CMakeFiles/repl.dir/home/ncm656112/ESE519_Lab/lab2A/pico-sdk/src/rp2_common/hardware_sync/sync.c.obj
 *fill*         0x0000000020000389        0x3 
 .data          0x000000002000038c       0x48 CMakeFiles/repl.dir/home/ncm656112/ESE519_Lab/lab2A/pico-sdk/src/rp2_common/hardware_irq/irq_handler_chain.S.obj
                0x000000002000038c                irq_handler_chain_slots
                0x00000000200003bc                irq_handler_chain_first_slot
                0x00000000200003c6                irq_handler_chain_remove_tail
 .data.default_alarm_pool
                0x00000000200003d4       0x18 CMakeFiles/repl.dir/home/ncm656112/ESE519_Lab/lab2A/pico-sdk/src/common/pico_time/time.c.obj
 .data.default_alarm_pool_heap
                0x00000000200003ec       0x10 CMakeFiles/repl.dir/home/ncm656112/ESE519_Lab/lab2A/pico-sdk/src/common/pico_time/time.c.obj
 *fill*         0x00000000200003fc        0x4 
 .data.aeabi_bits_funcs
                0x0000000020000400       0x10 CMakeFiles/repl.dir/home/ncm656112/ESE519_Lab/lab2A/pico-sdk/src/rp2_common/pico_bit_ops/bit_ops_aeabi.S.obj
                0x0000000020000400                aeabi_bits_funcs
                0x0000000020000410                aeabi_bits_funcs_end
 .data.aeabi_mem_funcs
                0x0000000020000410       0x10 CMakeFiles/repl.dir/home/ncm656112/ESE519_Lab/lab2A/pico-sdk/src/rp2_common/pico_mem_ops/mem_ops_aeabi.S.obj
                0x0000000020000410                aeabi_mem_funcs
                0x0000000020000420                aeabi_mem_funcs_end
 .data.stdio_usb
                0x0000000020000420       0x14 CMakeFiles/repl.dir/home/ncm656112/ESE519_Lab/lab2A/pico-sdk/src/rp2_common/pico_stdio_usb/stdio_usb.c.obj
                0x0000000020000420                stdio_usb
 .data.ep_dir_string
                0x0000000020000434        0x8 CMakeFiles/repl.dir/home/ncm656112/ESE519_Lab/lab2A/pico-sdk/lib/tinyusb/src/portable/raspberrypi/rp2040/rp2040_usb.c.obj
                0x0000000020000434                ep_dir_string
 .data._usbd_qdef
                0x000000002000043c       0x24 CMakeFiles/repl.dir/home/ncm656112/ESE519_Lab/lab2A/pico-sdk/lib/tinyusb/src/device/usbd.c.obj
                0x000000002000043c                _usbd_qdef
 .data          0x0000000020000460      0x430 /usr/lib/gcc/arm-none-eabi/10.3.1/../../../arm-none-eabi/lib/thumb/v6-m/nofp/libc.a(lib_a-impure.o)
                0x0000000020000460                _impure_ptr
 .data          0x0000000020000890      0x410 /usr/lib/gcc/arm-none-eabi/10.3.1/../../../arm-none-eabi/lib/thumb/v6-m/nofp/libc.a(lib_a-mallocr.o)
                0x0000000020000890                __malloc_sbrk_base
                0x0000000020000894                __malloc_trim_threshold
                0x0000000020000898                __malloc_av_
                0x0000000020000ca0                . = ALIGN (0x4)
 *(.after_data.*)
                0x0000000020000ca0                . = ALIGN (0x4)
                0x0000000020000ca0                PROVIDE (__mutex_array_start = .)
 *(SORT_BY_NAME(.mutex_array.*))
 *(.mutex_array)
 .mutex_array   0x0000000020000ca0        0x8 CMakeFiles/repl.dir/home/ncm656112/ESE519_Lab/lab2A/pico-sdk/src/rp2_common/pico_stdio/stdio.c.obj
                0x0000000020000ca8                PROVIDE (__mutex_array_end = .)
                0x0000000020000ca8                . = ALIGN (0x4)
                0x0000000020000ca8                PROVIDE (__preinit_array_start = .)
 *(SORT_BY_NAME(.preinit_array.*))
 .preinit_array.00001
                0x0000000020000ca8        0x4 CMakeFiles/repl.dir/home/ncm656112/ESE519_Lab/lab2A/pico-sdk/src/rp2_common/pico_mem_ops/mem_ops_aeabi.S.obj
 .preinit_array.00010
                0x0000000020000cac        0x4 CMakeFiles/repl.dir/home/ncm656112/ESE519_Lab/lab2A/pico-sdk/src/rp2_common/pico_bit_ops/bit_ops_aeabi.S.obj
 .preinit_array.00020
                0x0000000020000cb0        0x4 CMakeFiles/repl.dir/home/ncm656112/ESE519_Lab/lab2A/pico-sdk/src/rp2_common/pico_double/double_aeabi.S.obj
 .preinit_array.00020
                0x0000000020000cb4        0x4 CMakeFiles/repl.dir/home/ncm656112/ESE519_Lab/lab2A/pico-sdk/src/rp2_common/pico_float/float_aeabi.S.obj
 *(.preinit_array)
                0x0000000020000cb8                PROVIDE (__preinit_array_end = .)
                0x0000000020000cb8                . = ALIGN (0x4)
                0x0000000020000cb8                PROVIDE (__init_array_start = .)
 *(SORT_BY_NAME(.init_array.*))
 *(.init_array)
 .init_array    0x0000000020000cb8        0x4 /usr/lib/gcc/arm-none-eabi/10.3.1/thumb/v6-m/nofp/crtbegin.o
 .init_array    0x0000000020000cbc        0x4 CMakeFiles/repl.dir/home/ncm656112/ESE519_Lab/lab2A/pico-sdk/src/rp2_common/pico_unique_id/unique_id.c.obj
                0x0000000020000cc0                PROVIDE (__init_array_end = .)
                0x0000000020000cc0                . = ALIGN (0x4)
                0x0000000020000cc0                PROVIDE (__fini_array_start = .)
 *(SORT_BY_NAME(.fini_array.*))
 *(.fini_array)
                0x0000000020000cc0                PROVIDE (__fini_array_end = .)
 *(.jcr)
                0x0000000020000cc0                . = ALIGN (0x4)
                0x0000000020000cc0                __data_end__ = .

.tm_clone_table
                0x0000000020000cc0        0x0 load address 0x000000001000a678
 .tm_clone_table
                0x0000000020000cc0        0x0 /usr/lib/gcc/arm-none-eabi/10.3.1/thumb/v6-m/nofp/crtbegin.o
 .tm_clone_table
                0x0000000020000cc0        0x0 /usr/lib/gcc/arm-none-eabi/10.3.1/thumb/v6-m/nofp/crtend.o

.igot.plt       0x0000000020000cc0        0x0 load address 0x000000001000a678
 .igot.plt      0x0000000020000cc0        0x0 /usr/lib/gcc/arm-none-eabi/10.3.1/thumb/v6-m/nofp/crtbegin.o

.uninitialized_data
                0x0000000020000cc0        0x0 load address 0x000000001000a678
                0x0000000020000cc0                . = ALIGN (0x4)
 *(.uninitialized_data*)

.scratch_x      0x0000000020040000        0x0 load address 0x000000001000a678
                0x0000000020040000                __scratch_x_start__ = .
 *(.scratch_x.*)
                0x0000000020040000                . = ALIGN (0x4)
                0x0000000020040000                __scratch_x_end__ = .
                0x000000001000a678                __scratch_x_source__ = LOADADDR (.scratch_x)

.scratch_y      0x0000000020041000        0x0 load address 0x000000001000a678
                0x0000000020041000                __scratch_y_start__ = .
 *(.scratch_y.*)
                0x0000000020041000                . = ALIGN (0x4)
                0x0000000020041000                __scratch_y_end__ = .
                0x000000001000a678                __scratch_y_source__ = LOADADDR (.scratch_y)

.bss            0x0000000020000cc0      0xdcc
                0x0000000020000cc0                . = ALIGN (0x4)
                0x0000000020000cc0                __bss_start__ = .
 *(SORT_BY_ALIGNMENT(SORT_BY_NAME(.bss*)))
 .bss.default_alarm_pool_entries
                0x0000000020000cc0      0x100 CMakeFiles/repl.dir/home/ncm656112/ESE519_Lab/lab2A/pico-sdk/src/common/pico_time/time.c.obj
 .bss.last_avail_time.1
                0x0000000020000dc0        0x8 CMakeFiles/repl.dir/home/ncm656112/ESE519_Lab/lab2A/pico-sdk/src/rp2_common/pico_stdio_usb/stdio_usb.c.obj
 .bss.sd_table  0x0000000020000dc8      0x100 CMakeFiles/repl.dir/home/ncm656112/ESE519_Lab/lab2A/pico-sdk/src/rp2_common/pico_double/double_init_rom.c.obj
                0x0000000020000dc8                sd_table
 .bss.sf_table  0x0000000020000ec8      0x100 CMakeFiles/repl.dir/home/ncm656112/ESE519_Lab/lab2A/pico-sdk/src/rp2_common/pico_float/float_init_rom.c.obj
                0x0000000020000ec8                sf_table
 .bss           0x0000000020000fc8       0x1c /usr/lib/gcc/arm-none-eabi/10.3.1/thumb/v6-m/nofp/crtbegin.o
 .bss           0x0000000020000fe4       0x34 /usr/lib/gcc/arm-none-eabi/10.3.1/../../../arm-none-eabi/lib/thumb/v6-m/nofp/libc.a(lib_a-mallocr.o)
                0x0000000020000fe4                __malloc_top_pad
                0x0000000020000fe8                __malloc_current_mallinfo
                0x0000000020001010                __malloc_max_sbrked_mem
                0x0000000020001014                __malloc_max_total_mem
 .bss           0x0000000020001018        0x4 /usr/lib/gcc/arm-none-eabi/10.3.1/../../../arm-none-eabi/lib/thumb/v6-m/nofp/libc.a(lib_a-reent.o)
                0x0000000020001018                errno
 .bss._app_driver
                0x000000002000101c        0x4 CMakeFiles/repl.dir/home/ncm656112/ESE519_Lab/lab2A/pico-sdk/lib/tinyusb/src/device/usbd.c.obj
 .bss._cdcd_itf
                0x0000000020001020      0x2d8 CMakeFiles/repl.dir/home/ncm656112/ESE519_Lab/lab2A/pico-sdk/lib/tinyusb/src/class/cdc/cdc_device.c.obj
 .bss._ctrl_xfer
                0x00000000200012f8       0x14 CMakeFiles/repl.dir/home/ncm656112/ESE519_Lab/lab2A/pico-sdk/lib/tinyusb/src/device/usbd_control.c.obj
 .bss._ubsd_mutexdef
                0x000000002000130c        0x8 CMakeFiles/repl.dir/home/ncm656112/ESE519_Lab/lab2A/pico-sdk/lib/tinyusb/src/device/usbd.c.obj
 .bss._usbd_ctrl_buf
                0x0000000020001314       0x40 CMakeFiles/repl.dir/home/ncm656112/ESE519_Lab/lab2A/pico-sdk/lib/tinyusb/src/device/usbd_control.c.obj
 .bss._usbd_dev
                0x0000000020001354       0x53 CMakeFiles/repl.dir/home/ncm656112/ESE519_Lab/lab2A/pico-sdk/lib/tinyusb/src/device/usbd.c.obj
 *fill*         0x00000000200013a7        0x1 
 .bss._usbd_mutex
                0x00000000200013a8        0x4 CMakeFiles/repl.dir/home/ncm656112/ESE519_Lab/lab2A/pico-sdk/lib/tinyusb/src/device/usbd.c.obj
 .bss._usbd_q   0x00000000200013ac        0x4 CMakeFiles/repl.dir/home/ncm656112/ESE519_Lab/lab2A/pico-sdk/lib/tinyusb/src/device/usbd.c.obj
 .bss._usbd_qdef_buf
                0x00000000200013b0       0xc0 CMakeFiles/repl.dir/home/ncm656112/ESE519_Lab/lab2A/pico-sdk/lib/tinyusb/src/device/usbd.c.obj
                0x00000000200013b0                _usbd_qdef_buf
 .bss._used_instruction_space
                0x0000000020001470        0x8 CMakeFiles/repl.dir/home/ncm656112/ESE519_Lab/lab2A/pico-sdk/src/rp2_common/hardware_pio/pio.c.obj
 .bss.alarm_callbacks
                0x0000000020001478       0x10 CMakeFiles/repl.dir/home/ncm656112/ESE519_Lab/lab2A/pico-sdk/src/rp2_common/hardware_timer/timer.c.obj
 .bss.boot2_copyout
                0x0000000020001488      0x100 CMakeFiles/repl.dir/home/ncm656112/ESE519_Lab/lab2A/pico-sdk/src/rp2_common/hardware_flash/flash.c.obj
 .bss.claimed   0x0000000020001588        0x4 CMakeFiles/repl.dir/home/ncm656112/ESE519_Lab/lab2A/pico-sdk/src/rp2_common/hardware_sync/sync.c.obj
 .bss.configured_freq
                0x000000002000158c       0x28 CMakeFiles/repl.dir/home/ncm656112/ESE519_Lab/lab2A/pico-sdk/src/rp2_common/hardware_clocks/clocks.c.obj
 .bss.default_alarm_pool_entry_ids_high
                0x00000000200015b4       0x10 CMakeFiles/repl.dir/home/ncm656112/ESE519_Lab/lab2A/pico-sdk/src/common/pico_time/time.c.obj
 .bss.default_alarm_pool_heap_nodes
                0x00000000200015c4       0x30 CMakeFiles/repl.dir/home/ncm656112/ESE519_Lab/lab2A/pico-sdk/src/common/pico_time/time.c.obj
 .bss.desc_str.0
                0x00000000200015f4       0x28 CMakeFiles/repl.dir/home/ncm656112/ESE519_Lab/lab2A/pico-sdk/src/rp2_common/pico_stdio_usb/stdio_usb_descriptors.c.obj
 .bss.drivers   0x000000002000161c        0x4 CMakeFiles/repl.dir/home/ncm656112/ESE519_Lab/lab2A/pico-sdk/src/rp2_common/pico_stdio/stdio.c.obj
 .bss.filter    0x0000000020001620        0x4 CMakeFiles/repl.dir/home/ncm656112/ESE519_Lab/lab2A/pico-sdk/src/rp2_common/pico_stdio/stdio.c.obj
 .bss.heap_end.0
                0x0000000020001624        0x4 CMakeFiles/repl.dir/home/ncm656112/ESE519_Lab/lab2A/pico-sdk/src/rp2_common/pico_runtime/runtime.c.obj
 .bss.hw_endpoints
                0x0000000020001628      0x400 CMakeFiles/repl.dir/home/ncm656112/ESE519_Lab/lab2A/pico-sdk/lib/tinyusb/src/portable/raspberrypi/rp2040/dcd_rp2040.c.obj
 .bss.lazy_vsnprintf
                0x0000000020001a28        0x4 CMakeFiles/repl.dir/home/ncm656112/ESE519_Lab/lab2A/pico-sdk/src/rp2_common/pico_printf/printf.c.obj
 .bss.load_value
                0x0000000020001a2c        0x4 CMakeFiles/repl.dir/home/ncm656112/ESE519_Lab/lab2A/pico-sdk/src/rp2_common/hardware_watchdog/watchdog.c.obj
 .bss.next_buffer_ptr
                0x0000000020001a30        0x4 CMakeFiles/repl.dir/home/ncm656112/ESE519_Lab/lab2A/pico-sdk/lib/tinyusb/src/portable/raspberrypi/rp2040/dcd_rp2040.c.obj
 .bss.pools     0x0000000020001a34       0x10 CMakeFiles/repl.dir/home/ncm656112/ESE519_Lab/lab2A/pico-sdk/src/common/pico_time/time.c.obj
 .bss.retrieved_id
                0x0000000020001a44        0x8 CMakeFiles/repl.dir/home/ncm656112/ESE519_Lab/lab2A/pico-sdk/src/rp2_common/pico_unique_id/unique_id.c.obj
 .bss.sf_clz_func
                0x0000000020001a4c        0x4 CMakeFiles/repl.dir/home/ncm656112/ESE519_Lab/lab2A/pico-sdk/src/rp2_common/pico_double/double_init_rom.c.obj
                0x0000000020001a4c                sf_clz_func
 .bss.sleep_notifier
                0x0000000020001a50        0x4 CMakeFiles/repl.dir/home/ncm656112/ESE519_Lab/lab2A/pico-sdk/src/common/pico_time/time.c.obj
 .bss.stdio_usb_mutex
                0x0000000020001a54        0x8 CMakeFiles/repl.dir/home/ncm656112/ESE519_Lab/lab2A/pico-sdk/src/rp2_common/pico_stdio_usb/stdio_usb.c.obj
 .bss.target_hi
                0x0000000020001a5c       0x10 CMakeFiles/repl.dir/home/ncm656112/ESE519_Lab/lab2A/pico-sdk/src/rp2_common/hardware_timer/timer.c.obj
 .bss.usbd_serial_str
                0x0000000020001a6c       0x11 CMakeFiles/repl.dir/home/ncm656112/ESE519_Lab/lab2A/pico-sdk/src/rp2_common/pico_stdio_usb/stdio_usb_descriptors.c.obj
 *fill*         0x0000000020001a7d        0x3 
 .bss.user_irq_claimed
                0x0000000020001a80        0x2 CMakeFiles/repl.dir/home/ncm656112/ESE519_Lab/lab2A/pico-sdk/src/rp2_common/hardware_irq/irq.c.obj
 .bss._app_driver_count
                0x0000000020001a82        0x1 CMakeFiles/repl.dir/home/ncm656112/ESE519_Lab/lab2A/pico-sdk/lib/tinyusb/src/device/usbd.c.obj
 .bss._usbd_initialized
                0x0000000020001a83        0x1 CMakeFiles/repl.dir/home/ncm656112/ESE519_Lab/lab2A/pico-sdk/lib/tinyusb/src/device/usbd.c.obj
 .bss.boot2_copyout_valid
                0x0000000020001a84        0x1 CMakeFiles/repl.dir/home/ncm656112/ESE519_Lab/lab2A/pico-sdk/src/rp2_common/hardware_flash/flash.c.obj
 .bss.claimed   0x0000000020001a85        0x1 CMakeFiles/repl.dir/home/ncm656112/ESE519_Lab/lab2A/pico-sdk/src/rp2_common/hardware_timer/timer.c.obj
 .bss.irq_hander_chain_free_slot_head
                0x0000000020001a86        0x1 CMakeFiles/repl.dir/home/ncm656112/ESE519_Lab/lab2A/pico-sdk/src/rp2_common/hardware_irq/irq.c.obj
 .bss.itf_num   0x0000000020001a87        0x1 CMakeFiles/repl.dir/home/ncm656112/ESE519_Lab/lab2A/pico-sdk/src/rp2_common/pico_stdio_usb/reset_interface.c.obj
 .bss.low_priority_irq_num
                0x0000000020001a88        0x1 CMakeFiles/repl.dir/home/ncm656112/ESE519_Lab/lab2A/pico-sdk/src/rp2_common/pico_stdio_usb/stdio_usb.c.obj
 .bss.timer_callbacks_pending
                0x0000000020001a89        0x1 CMakeFiles/repl.dir/home/ncm656112/ESE519_Lab/lab2A/pico-sdk/src/rp2_common/hardware_timer/timer.c.obj
 *(COMMON)
                0x0000000020001a8c                . = ALIGN (0x4)
 *fill*         0x0000000020001a8a        0x2 
                0x0000000020001a8c                __bss_end__ = .

.heap           0x0000000020001a8c      0x800
                0x0000000020001a8c                __end__ = .
                0x0000000020001a8c                end = __end__
 *(.heap*)
 .heap          0x0000000020001a8c      0x800 CMakeFiles/repl.dir/home/ncm656112/ESE519_Lab/lab2A/pico-sdk/src/rp2_common/pico_standard_link/crt0.S.obj
                0x000000002000228c                __HeapLimit = .

.stack1_dummy   0x0000000020040000        0x0
 *(.stack1*)

.stack_dummy    0x0000000020041000      0x800
 *(.stack*)
 .stack         0x0000000020041000      0x800 CMakeFiles/repl.dir/home/ncm656112/ESE519_Lab/lab2A/pico-sdk/src/rp2_common/pico_standard_link/crt0.S.obj

.flash_end      0x000000001000a678        0x0
                0x000000001000a678                __flash_binary_end = .
                0x0000000020040000                __StackLimit = (ORIGIN (RAM) + LENGTH (RAM))
                0x0000000020041000                __StackOneTop = (ORIGIN (SCRATCH_X) + LENGTH (SCRATCH_X))
                0x0000000020042000                __StackTop = (ORIGIN (SCRATCH_Y) + LENGTH (SCRATCH_Y))
                0x0000000020041000                __StackOneBottom = (__StackOneTop - SIZEOF (.stack1_dummy))
                0x0000000020041800                __StackBottom = (__StackTop - SIZEOF (.stack_dummy))
                0x0000000020042000                PROVIDE (__stack = __StackTop)
                0x0000000000000001                ASSERT ((__StackLimit >= __HeapLimit), region RAM overflowed)
                0x0000000000000001                ASSERT (((__binary_info_header_end - __logical_binary_start) <= 0x100), Binary info must be in first 256 bytes of the binary)
LOAD CMakeFiles/repl.dir/repl.c.obj
LOAD CMakeFiles/repl.dir/neopixel.c.obj
LOAD CMakeFiles/repl.dir/home/ncm656112/ESE519_Lab/lab2A/pico-sdk/src/rp2_common/pico_stdlib/stdlib.c.obj
LOAD CMakeFiles/repl.dir/home/ncm656112/ESE519_Lab/lab2A/pico-sdk/src/rp2_common/hardware_gpio/gpio.c.obj
LOAD CMakeFiles/repl.dir/home/ncm656112/ESE519_Lab/lab2A/pico-sdk/src/rp2_common/hardware_claim/claim.c.obj
LOAD CMakeFiles/repl.dir/home/ncm656112/ESE519_Lab/lab2A/pico-sdk/src/rp2_common/pico_platform/platform.c.obj
LOAD CMakeFiles/repl.dir/home/ncm656112/ESE519_Lab/lab2A/pico-sdk/src/rp2_common/hardware_sync/sync.c.obj
LOAD CMakeFiles/repl.dir/home/ncm656112/ESE519_Lab/lab2A/pico-sdk/src/rp2_common/hardware_irq/irq.c.obj
LOAD CMakeFiles/repl.dir/home/ncm656112/ESE519_Lab/lab2A/pico-sdk/src/rp2_common/hardware_irq/irq_handler_chain.S.obj
LOAD CMakeFiles/repl.dir/home/ncm656112/ESE519_Lab/lab2A/pico-sdk/src/common/pico_sync/sem.c.obj
LOAD CMakeFiles/repl.dir/home/ncm656112/ESE519_Lab/lab2A/pico-sdk/src/common/pico_sync/lock_core.c.obj
LOAD CMakeFiles/repl.dir/home/ncm656112/ESE519_Lab/lab2A/pico-sdk/src/common/pico_time/time.c.obj
LOAD CMakeFiles/repl.dir/home/ncm656112/ESE519_Lab/lab2A/pico-sdk/src/common/pico_time/timeout_helper.c.obj
LOAD CMakeFiles/repl.dir/home/ncm656112/ESE519_Lab/lab2A/pico-sdk/src/rp2_common/hardware_timer/timer.c.obj
LOAD CMakeFiles/repl.dir/home/ncm656112/ESE519_Lab/lab2A/pico-sdk/src/common/pico_util/datetime.c.obj
LOAD CMakeFiles/repl.dir/home/ncm656112/ESE519_Lab/lab2A/pico-sdk/src/common/pico_util/pheap.c.obj
LOAD CMakeFiles/repl.dir/home/ncm656112/ESE519_Lab/lab2A/pico-sdk/src/common/pico_util/queue.c.obj
LOAD CMakeFiles/repl.dir/home/ncm656112/ESE519_Lab/lab2A/pico-sdk/src/common/pico_sync/mutex.c.obj
LOAD CMakeFiles/repl.dir/home/ncm656112/ESE519_Lab/lab2A/pico-sdk/src/common/pico_sync/critical_section.c.obj
LOAD CMakeFiles/repl.dir/home/ncm656112/ESE519_Lab/lab2A/pico-sdk/src/rp2_common/hardware_uart/uart.c.obj
LOAD CMakeFiles/repl.dir/home/ncm656112/ESE519_Lab/lab2A/pico-sdk/src/rp2_common/hardware_divider/divider.S.obj
LOAD CMakeFiles/repl.dir/home/ncm656112/ESE519_Lab/lab2A/pico-sdk/src/rp2_common/pico_runtime/runtime.c.obj
LOAD CMakeFiles/repl.dir/home/ncm656112/ESE519_Lab/lab2A/pico-sdk/src/rp2_common/hardware_clocks/clocks.c.obj
LOAD CMakeFiles/repl.dir/home/ncm656112/ESE519_Lab/lab2A/pico-sdk/src/rp2_common/hardware_pll/pll.c.obj
LOAD CMakeFiles/repl.dir/home/ncm656112/ESE519_Lab/lab2A/pico-sdk/src/rp2_common/hardware_vreg/vreg.c.obj
LOAD CMakeFiles/repl.dir/home/ncm656112/ESE519_Lab/lab2A/pico-sdk/src/rp2_common/hardware_watchdog/watchdog.c.obj
LOAD CMakeFiles/repl.dir/home/ncm656112/ESE519_Lab/lab2A/pico-sdk/src/rp2_common/hardware_xosc/xosc.c.obj
LOAD CMakeFiles/repl.dir/home/ncm656112/ESE519_Lab/lab2A/pico-sdk/src/rp2_common/pico_printf/printf.c.obj
LOAD CMakeFiles/repl.dir/home/ncm656112/ESE519_Lab/lab2A/pico-sdk/src/rp2_common/pico_bit_ops/bit_ops_aeabi.S.obj
LOAD CMakeFiles/repl.dir/home/ncm656112/ESE519_Lab/lab2A/pico-sdk/src/rp2_common/pico_bootrom/bootrom.c.obj
LOAD CMakeFiles/repl.dir/home/ncm656112/ESE519_Lab/lab2A/pico-sdk/src/rp2_common/pico_divider/divider.S.obj
LOAD CMakeFiles/repl.dir/home/ncm656112/ESE519_Lab/lab2A/pico-sdk/src/rp2_common/pico_double/double_aeabi.S.obj
LOAD CMakeFiles/repl.dir/home/ncm656112/ESE519_Lab/lab2A/pico-sdk/src/rp2_common/pico_double/double_init_rom.c.obj
LOAD CMakeFiles/repl.dir/home/ncm656112/ESE519_Lab/lab2A/pico-sdk/src/rp2_common/pico_double/double_math.c.obj
LOAD CMakeFiles/repl.dir/home/ncm656112/ESE519_Lab/lab2A/pico-sdk/src/rp2_common/pico_double/double_v1_rom_shim.S.obj